Sol-1 loss-1 input sha256 984003d1c6538a549c25d1cdbbb2bc578d57afb78b22d5c57c343953d7ad5559
Sol-2 loss-1 input sha256 566486367c458429e3b18d03e31b0e461643885eaefb2f2cf0b88a2327b3cb2e
--- controls
SOL2        T0 PASS  T1 PASS
     t = 2    n = 7       M = 1/2     top mismatches 0/192; loss-1 mismatches 0/175; fitted C = 147/2; C == n^2(M+1) = 147/2: True; first witness None
     t = 9/4  n = 29/3    M = 3/10    top mismatches 0/212; loss-1 mismatches 0/193; fitted C = 10933/90; C == n^2(M+1) = 10933/90: True; first witness None
     t = 3/2  n = 13/3    M = 3/2     top mismatches 0/199; loss-1 mismatches 0/181; fitted C = 845/18; C == n^2(M+1) = 845/18: True; first witness None
     t = 4    n = -9      M = -1/6    top mismatches 0/225; loss-1 mismatches 0/206; fitted C = 135/2; C == n^2(M+1) = 135/2: True; first witness None
     t = -2   n = 3/5     M = -5/6    top mismatches 0/228; loss-1 mismatches 0/208; fitted C = 3/50; C == n^2(M+1) = 3/50: True; first witness None
SOL2_tamper T0 PASS  T1 FAIL
     t = 2    n = 7       M = 1/2     top mismatches 0/192; loss-1 mismatches 175/175; fitted C = 312963/4000; C == n^2(M+1) = 147/2: False; first witness (2, (1, 0))
     t = 9/4  n = 29/3    M = 3/10    top mismatches 0/212; loss-1 mismatches 193/193; fitted C = 1934322707/15300000; C == n^2(M+1) = 10933/90: False; first witness (2, (1, 0))
     t = 3/2  n = 13/3    M = 3/2     top mismatches 0/199; loss-1 mismatches 181/181; fitted C = 1937923/36000; C == n^2(M+1) = 845/18: False; first witness (2, (1, 0))
     t = 4    n = -9      M = -1/6    top mismatches 0/225; loss-1 mismatches 206/206; fitted C = 2128437/32000; C == n^2(M+1) = 135/2: False; first witness (3, (1, 1))
     t = -2   n = 3/5     M = -5/6    top mismatches 0/228; loss-1 mismatches 208/208; fitted C = 519/13600; C == n^2(M+1) = 3/50: False; first witness (2, (1, 0))
S           T0 PASS  T1 PASS
     t = 2    n = 5/2     M = 2       top mismatches 0/182; loss-1 mismatches 0/166; fitted C = 75/8; C == n^2(M+1) = 75/4: False; first witness None
     t = 9/4  n = 21/8    M = 8/5     top mismatches 0/216; loss-1 mismatches 0/197; fitted C = 5733/640; C == n^2(M+1) = 5733/320: False; first witness None
     t = 3/2  n = 9/4     M = 4       top mismatches 0/207; loss-1 mismatches 0/189; fitted C = 405/32; C == n^2(M+1) = 405/16: False; first witness None
     t = 4    n = 7/2     M = 2/3     top mismatches 0/192; loss-1 mismatches 0/175; fitted C = 245/24; C == n^2(M+1) = 245/12: False; first witness None
     t = -2   n = 1/2     M = -2/3    top mismatches 0/228; loss-1 mismatches 0/208; fitted C = 1/24; C == n^2(M+1) = 1/12: False; first witness None
Gcc         T0 PASS  T1 FAIL
     t = 2    n = 2       M = 5       top mismatches 0/228; loss-1 mismatches 184/208; fitted C = 36/5; C == n^2(M+1) = 24: False; first witness (2, (1, 0))
     t = 9/4  n = 2       M = 21/5    top mismatches 0/228; loss-1 mismatches 188/208; fitted C = 232/35; C == n^2(M+1) = 104/5: False; first witness (2, (1, 0))
     t = 3/2  n = 2       M = 9       top mismatches 0/228; loss-1 mismatches 187/208; fitted C = 32/3; C == n^2(M+1) = 40: False; first witness (2, (1, 0))
     t = 4    n = 2       M = 7/3     top mismatches 0/228; loss-1 mismatches 186/208; fitted C = 124/21; C == n^2(M+1) = 40/3: False; first witness (2, (1, 0))
     t = -2   n = 2       M = -1/3    top mismatches 0/228; loss-1 mismatches 190/208; fitted C = -52/3; C == n^2(M+1) = 8/3: False; first witness (2, (1, 0))
--- class U
U1_3        T0 PASS  T1 FAIL
     t = 2    n = 2       M = 5       top mismatches 0/228; loss-1 mismatches 184/208; fitted C = 6; C == n^2(M+1) = 24: False; first witness (2, (1, 0))
     t = 9/4  n = 2       M = 21/5    top mismatches 0/228; loss-1 mismatches 188/208; fitted C = 26/5; C == n^2(M+1) = 104/5: False; first witness (2, (1, 0))
     t = 3/2  n = 2       M = 9       top mismatches 0/228; loss-1 mismatches 187/208; fitted C = 10; C == n^2(M+1) = 40: False; first witness (2, (1, 0))
     t = 4    n = 2       M = 7/3     top mismatches 0/228; loss-1 mismatches 186/208; fitted C = 10/3; C == n^2(M+1) = 40/3: False; first witness (2, (1, 0))
     t = -2   n = 2       M = -1/3    top mismatches 0/228; loss-1 mismatches 190/208; fitted C = 2/3; C == n^2(M+1) = 8/3: False; first witness (2, (1, 0))
U1_2        T0 PASS  T1 FAIL
     t = 2    n = 5/2     M = 4       top mismatches 0/228; loss-1 mismatches 208/208; fitted C = -125/16; C == n^2(M+1) = 125/4: False; first witness (2, (1, 0))
     t = 9/4  n = 21/8    M = 16/5    top mismatches 0/228; loss-1 mismatches 208/208; fitted C = -9261/1280; C == n^2(M+1) = 9261/320: False; first witness (2, (1, 0))
     t = 3/2  n = 9/4     M = 8       top mismatches 0/228; loss-1 mismatches 208/208; fitted C = -729/64; C == n^2(M+1) = 729/16: False; first witness (2, (1, 0))
     t = 4    n = 7/2     M = 4/3     top mismatches 0/228; loss-1 mismatches 208/208; fitted C = -343/48; C == n^2(M+1) = 343/12: False; first witness (2, (1, 0))
     t = -2   n = 1/2     M = -4/3    top mismatches 0/228; loss-1 mismatches 208/208; fitted C = 1/48; C == n^2(M+1) = -1/12: False; first witness (2, (1, 0))
U1_1        T0 PASS  T1 FAIL
     t = 2    n = 10/3    M = 3       top mismatches 0/228; loss-1 mismatches 208/208; fitted C = -100/3; C == n^2(M+1) = 400/9: False; first witness (2, (1, 0))
     t = 9/4  n = 42/11   M = 11/5    top mismatches 0/228; loss-1 mismatches 208/208; fitted C = -21168/605; C == n^2(M+1) = 28224/605: False; first witness (2, (1, 0))
     t = 3/2  n = 18/7    M = 7       top mismatches 0/228; loss-1 mismatches 208/208; fitted C = -1944/49; C == n^2(M+1) = 2592/49: False; first witness (2, (1, 0))
     t = 4    n = 14      M = 1/3     top mismatches 0/228; loss-1 mismatches 208/208; fitted C = -196; C == n^2(M+1) = 784/3: False; first witness (2, (1, 0))
     t = -2   n = 2/7     M = -7/3    top mismatches 0/228; loss-1 mismatches 208/208; fitted C = 4/49; C == n^2(M+1) = -16/147: False; first witness (2, (1, 0))
U1_0        T0 PASS  T1 FAIL
     t = 2    n = 5       M = 2       top mismatches 0/228; loss-1 mismatches 208/208; fitted C = -375/4; C == n^2(M+1) = 75: False; first witness (2, (1, 0))
     t = 9/4  n = 7       M = 6/5     top mismatches 0/228; loss-1 mismatches 208/208; fitted C = -539/4; C == n^2(M+1) = 539/5: False; first witness (2, (1, 0))
     t = 3/2  n = 3       M = 6       top mismatches 0/228; loss-1 mismatches 208/208; fitted C = -315/4; C == n^2(M+1) = 63: False; first witness (2, (1, 0))
     t = 4    n = -7      M = -2/3    top mismatches 0/228; loss-1 mismatches 206/208; fitted C = -245/12; C == n^2(M+1) = 49/3: False; first witness (3, (0, 2))
     t = -2   n = 1/5     M = -10/3   top mismatches 0/228; loss-1 mismatches 208/208; fitted C = 7/60; C == n^2(M+1) = -7/75: False; first witness (2, (1, 0))
U2_1        T0 PASS  T1 FAIL
     t = 2    n = 5       M = 2       top mismatches 0/228; loss-1 mismatches 208/208; fitted C = -225/4; C == n^2(M+1) = 75: False; first witness (2, (1, 0))
     t = 9/4  n = 21/4    M = 8/5     top mismatches 0/228; loss-1 mismatches 208/208; fitted C = -17199/320; C == n^2(M+1) = 5733/80: False; first witness (2, (1, 0))
     t = 3/2  n = 9/2     M = 4       top mismatches 0/228; loss-1 mismatches 208/208; fitted C = -1215/16; C == n^2(M+1) = 405/4: False; first witness (2, (1, 0))
     t = 4    n = 7       M = 2/3     top mismatches 0/228; loss-1 mismatches 208/208; fitted C = -245/4; C == n^2(M+1) = 245/3: False; first witness (2, (1, 0))
     t = -2   n = 1       M = -2/3    top mismatches 0/228; loss-1 mismatches 208/208; fitted C = -1/4; C == n^2(M+1) = 1/3: False; first witness (2, (1, 0))
U2_0        T0 PASS  T1 FAIL
     t = 2    n = 10      M = 1       top mismatches 0/228; loss-1 mismatches 208/208; fitted C = -350; C == n^2(M+1) = 200: False; first witness (2, (1, 0))
     t = 9/4  n = 14      M = 3/5     top mismatches 0/228; loss-1 mismatches 208/208; fitted C = -2744/5; C == n^2(M+1) = 1568/5: False; first witness (2, (1, 0))
     t = 3/2  n = 6       M = 3       top mismatches 0/228; loss-1 mismatches 208/208; fitted C = -252; C == n^2(M+1) = 144: False; first witness (2, (1, 0))
     t = 4    n = -14     M = -1/3    top mismatches 0/228; loss-1 mismatches 208/208; fitted C = -686/3; C == n^2(M+1) = 392/3: False; first witness (2, (1, 0))
     t = -2   n = 2/5     M = -5/3    top mismatches 0/228; loss-1 mismatches 208/208; fitted C = 14/75; C == n^2(M+1) = -8/75: False; first witness (2, (1, 0))
U4          T0 PASS  T1 FAIL
     t = 2    n = 20      M = 1/2     top mismatches 0/228; loss-1 mismatches 208/208; fitted C = -1650; C == n^2(M+1) = 600: False; first witness (2, (1, 0))
     t = 9/4  n = 28      M = 3/10    top mismatches 0/228; loss-1 mismatches 208/208; fitted C = -14014/5; C == n^2(M+1) = 5096/5: False; first witness (2, (1, 0))
     t = 3/2  n = 12      M = 3/2     top mismatches 0/228; loss-1 mismatches 208/208; fitted C = -990; C == n^2(M+1) = 360: False; first witness (2, (1, 0))
     t = 4    n = -28     M = -1/6    top mismatches 0/228; loss-1 mismatches 208/208; fitted C = -5390/3; C == n^2(M+1) = 1960/3: False; first witness (2, (1, 0))
     t = -2   n = 4/5     M = -5/6    top mismatches 0/228; loss-1 mismatches 208/208; fitted C = -22/75; C == n^2(M+1) = 8/75: False; first witness (2, (1, 0))
members passing T0 and T1: []
controls: Sol-2 plant/tamper behave: True; S fails T1: False (top True); Gcc fails T1: True (top True)
