== (1) control S, repaired scale
   t = 2, l0^2 scale = 1 x (pi-scale/a_Y): top vanishes at K = 3
   t = 2, l0^2 scale = -1 x (pi-scale/a_Y): top mismatch at K = 2
   t = 9/4, l0^2 scale = 1 x (pi-scale/a_Y): top law reproduced for K = 2, 3
   t = 9/4, l0^2 scale = -1 x (pi-scale/a_Y): top mismatch at K = 2
== (2) inverse problem, even bases
   t = 2, gamma = 1 (n = 2): ok
      beta_0 / c2 = 13/640 Xh^1 Yh^0 ; -3/128 Xh^0 Yh^1
      beta_1 / c2 = -317/20480 Xh^2 Yh^0 ; -35/2048 Xh^1 Yh^1 ; 375/4096 Xh^0 Yh^2
      beta_2 / c2 = 194789/8192000 Xh^3 Yh^0 ; 833161/4915200 Xh^2 Yh^1 ; -19985/65536 Xh^1 Yh^2 ; -71155/65536 Xh^0 Yh^3
      beta_3 / c2 = -154287933/2621440000 Xh^4 Yh^0 ; -31476771/26214400 Xh^3 Yh^1 ; -18948687/52428800 Xh^2 Yh^2 ; 19201861/1048576 Xh^1 Yh^3 ; 120603315/4194304 Xh^0 Yh^4
   t = 2, gamma = 1/2 (n = 1): ok
      beta_0 / c2 = 7/80 Xh^1 Yh^0 ; -1/16 Xh^0 Yh^1
      beta_1 / c2 = -23/240 Xh^2 Yh^0 ; -1/3 Xh^1 Yh^1 ; 25/48 Xh^0 Yh^2
      beta_2 / c2 = 156653/576000 Xh^3 Yh^0 ; 143633/38400 Xh^2 Yh^1 ; 6209/7680 Xh^1 Yh^2 ; -57827/4608 Xh^0 Yh^3
      beta_3 / c2 = -9415613/7680000 Xh^4 Yh^0 ; -3597367/76800 Xh^3 Yh^1 ; -7159317/51200 Xh^2 Yh^2 ; 3705973/15360 Xh^1 Yh^3 ; 2746385/4096 Xh^0 Yh^4
   t = 2, gamma = 2 (n = 4): ok
      beta_0 / c2 = 11/2560 Xh^1 Yh^0 ; -5/512 Xh^0 Yh^1
      beta_1 / c2 = -1997/983040 Xh^2 Yh^0 ; 253/98304 Xh^1 Yh^1 ; 3655/196608 Xh^0 Yh^2
      beta_2 / c2 = 8176483/4718592000 Xh^3 Yh^0 ; 1056167/314572800 Xh^2 Yh^1 ; -3613841/62914560 Xh^1 Yh^2 ; -4127557/37748736 Xh^0 Yh^3
      beta_3 / c2 = -4598776949/2013265920000 Xh^4 Yh^0 ; -2032306151/100663296000 Xh^3 Yh^1 ; 540311751/2684354560 Xh^2 Yh^2 ; 4831159489/4026531840 Xh^1 Yh^3 ; 1547819625/1073741824 Xh^0 Yh^4
   t = 9/4, gamma = 1 (n = 2): ok
      beta_0 / c2 = 7/384 Xh^1 Yh^0 ; -3/128 Xh^0 Yh^1
      beta_1 / c2 = -4395/372736 Xh^2 Yh^0 ; -717/186368 Xh^1 Yh^1 ; 3651/53248 Xh^0 Yh^2
      beta_2 / c2 = 105543811/6279856128 Xh^3 Yh^0 ; 2471561/33226752 Xh^2 Yh^1 ; -9242951/33226752 Xh^1 Yh^2 ; -6688283/11075584 Xh^0 Yh^3
      beta_3 / c2 = -2746647361307/66374823051264 Xh^4 Yh^0 ; -17267395582649/35557940920320 Xh^3 Yh^1 ; 1274647905049/1128823521280 Xh^2 Yh^2 ; 9026332397/886046720 Xh^1 Yh^3 ; 109165567959/9214885888 Xh^0 Yh^4
   t = 9/4, gamma = 1/2 (n = 1): ok
      beta_0 / c2 = 9/112 Xh^1 Yh^0 ; -1/16 Xh^0 Yh^1
      beta_1 / c2 = -39175/550368 Xh^2 Yh^0 ; -389/1872 Xh^1 Yh^1 ; 497/1248 Xh^0 Yh^2
      beta_2 / c2 = 2301557/11321856 Xh^3 Yh^0 ; 875689/419328 Xh^2 Yh^1 ; -65253/86528 Xh^1 Yh^2 ; -1859417/259584 Xh^0 Yh^3
      beta_3 / c2 = -1727548157/1662029824 Xh^4 Yh^0 ; -2458987292791/104173655040 Xh^3 Yh^1 ; -134077560469/3307100160 Xh^2 Yh^2 ; 38631346801/236221440 Xh^1 Yh^3 ; 2558815303/8998912 Xh^0 Yh^4
   t = 9/4, gamma = 2 (n = 4): ok
      beta_0 / c2 = 13/3584 Xh^1 Yh^0 ; -5/512 Xh^0 Yh^1
      beta_1 / c2 = -1675085/1127153664 Xh^2 Yh^0 ; 99089/26836992 Xh^1 Yh^1 ; 35275/2555904 Xh^0 Yh^2
      beta_2 / c2 = 1356117463/1205732376576 Xh^3 Yh^0 ; -6945781/4961861632 Xh^2 Yh^1 ; -29978291/708837376 Xh^1 Yh^2 ; -127843471/2126512128 Xh^0 Yh^3
      beta_3 / c2 = -22494394783097/16991954701123584 Xh^4 Yh^0 ; -898723629613/2100653740523520 Xh^3 Yh^1 ; 19933501408367/123848066334720 Xh^2 Yh^2 ; 38251267092271/61924033167360 Xh^1 Yh^3 ; 1382859562957/2359010787328 Xh^0 Yh^4
