== t = 1/2 (a = -1/4, n = 7/4, M = -4) real
   spin 1  vs Ward amplitudes: -  spin 1 == X + Y + 1/6 - rho^2: False
   spin 3  vs Ward amplitudes: loss 1: 2/2; loss 2: 1/1
   spin 5  vs Ward amplitudes: loss 1: 3/3; loss 2: 2/2; loss 3: 1/1 | full table: 6/10 mismatches (first, highest degree: X^0 Y^2 predicted 1218/25289 certified 21/418)
   spin 7  vs Ward amplitudes: loss 1: 4/4; loss 2: 3/3; loss 3: 2/2; loss 4: 1/1 | full table: 10/15 mismatches (first, highest degree: X^2 Y^1 predicted 1096/847 certified 10/7)
   spin 9  vs Ward amplitudes: loss 1: 5/5; loss 2: 4/4; loss 3: 3/3; loss 4: 2/2 | full table: 15/21 mismatches (first, highest degree: X^4 Y^0 predicted 714/143 certified 147/26)
   even spins (identically zero?, #monomials of R/PX): {'2': (False, 3), '4': (False, 6), '6': (False, 10), '8': (False, 15), '10': (False, 21), '12': (False, 28)}
== t = 3/2 (a = 1/4, n = 9/4, M = 4) real
   spin 1  vs Ward amplitudes: -  spin 1 == X + Y + 1/6 - rho^2: False
   spin 3  vs Ward amplitudes: loss 1: 2/2; loss 2: 1/1
   spin 5  vs Ward amplitudes: loss 1: 3/3; loss 2: 2/2; loss 3: 1/1 | full table: 6/10 mismatches (first, highest degree: X^0 Y^2 predicted -4962/243815 certified -69/4030)
   spin 7  vs Ward amplitudes: loss 1: 4/4; loss 2: 3/3; loss 3: 2/2; loss 4: 1/1 | full table: 10/15 mismatches (first, highest degree: X^2 Y^1 predicted -172312/164923 certified -1582/1363)
   spin 9: operator gives no charge (nu = 4)
   even spins (identically zero?, #monomials of R/PX): {'2': (False, 3), '4': (False, 6), '6': (False, 10), '8': (False, 15), '10': (False, 21), '12': (False, 28)}
== t = 4 (a = 3/2, n = 7/2, M = 2/3) real
   spin 1  vs Ward amplitudes: -  spin 1 == X + Y + 1/6 - rho^2: False
   spin 3  vs Ward amplitudes: loss 1: 2/2; loss 2: 1/1
   spin 5  vs Ward amplitudes: loss 1: 3/3; loss 2: 2/2; loss 3: 1/1 | full table: 6/10 mismatches (first, highest degree: X^0 Y^2 predicted -27216/7865 certified -567/130)
   spin 7: operator gives no charge (nu = 2)
   spin 9  vs Ward amplitudes: loss 1: 5/5; loss 2: 4/4; loss 3: 3/3; loss 4: 2/2 | full table: 15/21 mismatches (first, highest degree: X^4 Y^0 predicted 11928/3509 certified 231/58)
   even spins (identically zero?, #monomials of R/PX): {'2': (False, 3), '4': (False, 6), '6': (False, 10), '8': (False, 15), '10': (False, 21), '12': (False, 28)}
== t = 7/3 (a = 2/3, n = 8/3, M = 3/2) real
   spin 1  vs Ward amplitudes: -  spin 1 == X + Y + 1/6 - rho^2: False
   spin 3  vs Ward amplitudes: loss 1: 2/2; loss 2: 1/1
   spin 5  vs Ward amplitudes: loss 1: 2/3; loss 2: 2/2; loss 3: 1/1 | full table: 5/10 mismatches (first, highest degree: X^0 Y^2 predicted 1733/26620 certified 23/220)
   spin 7  vs Ward amplitudes: loss 1: 4/4; loss 2: 3/3; loss 3: 2/2; loss 4: 1/1 | full table: 10/15 mismatches (first, highest degree: X^2 Y^1 predicted -14623/6171 certified -133/51)
   spin 9  vs Ward amplitudes: loss 1: 5/5; loss 2: 4/4; loss 3: 3/3; loss 4: 2/2 | full table: 15/21 mismatches (first, highest degree: X^4 Y^0 predicted 3891/1012 certified 411/92)
   even spins (identically zero?, #monomials of R/PX): {'2': (False, 3), '4': (False, None), '6': (False, 10), '8': (True, None), '10': (False, 21), '12': (False, None)}
== t = 9/4 (a = 5/8, n = 21/8, M = 8/5) real
   spin 1  vs Ward amplitudes: -  spin 1 == X + Y + 1/6 - rho^2: False
   spin 3  vs Ward amplitudes: loss 1: 2/2; loss 2: 1/1
   spin 5  vs Ward amplitudes: loss 1: 3/3; loss 2: 2/2; loss 3: 1/1 | full table: 6/10 mismatches (first, highest degree: X^0 Y^2 predicted 69510/1577719 certified 1995/26078)
   spin 7  vs Ward amplitudes: loss 1: 4/4; loss 2: 3/3; loss 3: 2/2; loss 4: 1/1 | full table: 10/15 mismatches (first, highest degree: X^2 Y^1 predicted -323800/143143 certified -2950/1183)
   spin 9  vs Ward amplitudes: loss 1: 5/5; loss 2: 4/4; loss 3: 3/3; loss 4: 2/2 | full table: 15/21 mismatches (first, highest degree: X^4 Y^0 predicted 249830/64493 certified 4795/1066)
   even spins (identically zero?, #monomials of R/PX): {'2': (False, 3), '4': (False, 6), '6': (False, 10), '8': (False, 15), '10': (False, 21), '12': (False, 28)}
== t = -2 (a = -3/2, n = 1/2, M = -2/3) real
   spin 1  vs Ward amplitudes: -  spin 1 == X + Y + 1/6 - rho^2: False
   spin 3  vs Ward amplitudes: loss 1: 2/2; loss 2: 1/1
   spin 5  vs Ward amplitudes: loss 1: 3/3; loss 2: 2/2; loss 3: 1/1 | full table: 6/10 mismatches (first, highest degree: X^0 Y^2 predicted 216/39083 certified 27/646)
   spin 7  vs Ward amplitudes: loss 1: 4/4; loss 2: 3/3; loss 3: 2/2; loss 4: 1/1 | full table: 10/15 mismatches (first, highest degree: X^2 Y^1 predicted 3472/5445 certified 14/9)
   spin 9  vs Ward amplitudes: loss 1: 5/5; loss 2: 4/4; loss 3: 3/3; loss 4: 2/2 | full table: 15/21 mismatches (first, highest degree: X^4 Y^0 predicted 96/121 certified 3/2)
   even spins (identically zero?, #monomials of R/PX): {'2': (False, 3), '4': (False, 6), '6': (False, 10), '8': (False, 15), '10': (False, 21), '12': (False, 28)}
T2a mode tamper_scale: 339 mismatches / 420 coefficients
