t = 2, exponents [-1, 1, 2, 4], xi-exponents (1/2, 1/3); indicial: [{r04: -8*z**3, r13: 8*z**2, r22: -4*z}]
   at exponent 1, [1]: degree 5, 9 terms: -72*r02*z**3 - 9*r03**2 + 9*r03*r12*z - 18*r03*r21*z**2 - 144*r03*z**2 + 72*r11*z**4 + 72*r12*z**3 - 216*r21*z**4 - 668*z**4
   at exponent 2, [kap2^1]: degree 2, 3 terms: r03 + r12*z + 4*z**2
   at exponent 2, [1]: degree 5, 14 terms
   at exponent 4, [E^1]: degree 3, 4 terms: 3*r03 + 3*r12*z + 12*r21*z**2 + 20*z**2
   at exponent 4, [kap2^1]: degree 6, 19 terms
   at exponent 4, [kap3^1]: degree 6, 11 terms
   at exponent 4, [1]: degree 8, 33 terms
7 equations, 7 unknowns  (1s)
dim:
0
vdim:
4
basis size:
11
G[1]=1221*r01-162*r02+2916*r03-477*z+86
G[2]=10989*r12+162*r02-2916*r03-50805*z+728
G[3]=25641*r11-522288*r02-93312*r03-629424*z+23296
G[4]=3*r21+2
G[5]=19943*ww+18214794*r02+3254256*r03+22643469*z-812448
G[6]=791208*z^2-5022*r02+90396*r03-14787*z+224
G[7]=128175696*r03*z+26234118*r02+6071112*r03+45244935*z-1162420
G[8]=14241744*r02*z-408402*r02-2143260*r03-1202517*z+33656
G[9]=10382231376*r03^2+341465382*r02+1105044444*r03+509426343*z+5091926
G[10]=2307162528*r02*r03-600546150*r02-283301064*r03-1054429335*z+25976020
G[11]=23304672*r02^2-157626*r02+4563540*r03+3116295*z-113680

RESULT for [-1, 1, 2, 4]: solutions exist, dimension 0  (1s)
