t = 2 (b = 2/3), exponents [-1, 1, 2, 4], momenta (1/2, 1/3)
indicial conditions fix: [{r04: -8*z**3, r13: 8*z**2, r22: -4*z}]
no-log conditions: 7 polynomial equations in 7 unknowns  (0s)
   at exponent 1, monomial [1]: degree 5, 9 terms
   at exponent 2, monomial [kap2^1]: degree 6, 3 terms
   at exponent 2, monomial [1]: degree 5, 14 terms
   at exponent 4, monomial [E^1]: degree 6, 4 terms
   at exponent 4, monomial [kap2^1]: degree 9, 19 terms
   at exponent 4, monomial [kap3^1]: degree 10, 11 terms
   at exponent 4, monomial [1]: degree 8, 33 terms
Groebner basis computed: 11 elements  (11s)
RESULT: solutions exist; zero-dimensional: True
    23304672*r02**2 - 157626*r02 + 4563540*r03 + 3116295*z - 113680
    2307162528*r02*r03 - 600546150*r02 - 283301064*r03 - 1054429335*z + 25976020
    341465382*r02 + 10382231376*r03**2 + 1105044444*r03 + 509426343*z + 5091926
    14241744*r02*z - 408402*r02 - 2143260*r03 - 1202517*z + 33656
    26234118*r02 + 128175696*r03*z + 6071112*r03 + 45244935*z - 1162420
    -5022*r02 + 90396*r03 + 791208*z**2 - 14787*z + 224
    18214794*r02 + 3254256*r03 + 19943*w + 22643469*z - 812448
    3*r21 + 2
    -522288*r02 - 93312*r03 + 25641*r11 - 629424*z + 23296
    162*r02 - 2916*r03 + 10989*r12 - 50805*z + 728
    1221*r01 - 162*r02 + 2916*r03 - 477*z + 86

real	0m11.077s
user	0m11.044s
sys	0m0.032s
