14 equations in 14 unknowns (+ q); total degrees [8, 6, 10, 6, 13, 12, 15, 8, 6, 10, 6, 13, 12, 15]  (2s)
written h_two_v2_t2_2-5_3-11.sing; vacuum monic I_1 = 1678/9075  (2s)
eq 13 -> degree 18, 70 terms  (2s)
e-relation: degree 12
written h_red_t2_2-5_3-11.sing / .ms  (2s)
r11 = rho/3 - 14/9 ; s11 = sig/3 - 14/9
eq 0 -> degree 6, 14 terms
eq 2 -> degree 10, 59 terms
eq 3 -> degree 6, 14 terms
eq 5 -> degree 10, 59 terms
eq 8 -> degree 6, 23 terms
--- eq 0 : qq**3*(10454400*z**2*z2 - 10454400*z*z2**2) + qq**2*(-2613600*rho*z*z2 - 1306800*sig*z*z2 + 871200*z**2 + 6969600*z*z2) + qq*(-435600*rho*z - 435600*sig*z + 3194400*z) + 81675*rho**3 - 1143450*rho**2 + 5219256*rho - 1306800*z - 7755328
--- eq 2 : qq**5*(2509056000*z**4*z2 - 5018112000*z**3*z2**2 + 2007244800*z**2*z2**3) + qq**4*(-439084800*rho*z**3*z2 + 376358400*rho*z**2*z2**2 - 313632000*sig*z**3*z2 + 188179200*sig*z**2*z2**2 + 83635200*z**4 - 1003622400*z**3*z2 + 1505433600*z**2*z2**2 - 167270400*z*z2**3) + qq**3*(62726400*rho**2*z**2*z2 - 31363200*rho**2*z*z2**2 + 31363200*rho*sig*z**2*z2 - 20908800*rho*z**3 - 167270400*rho*z**2*z2 + 167270400*rho*z*z2**2 + 31363200*sig**2*z**2*z2 - 20908800*sig*z**3 - 146361600*sig*z**2*z2 - 20908800*sig*z*z2**2 + 55756800*z**3 + 749666304*z**2*z2 - 306662400*z*z2**2) + qq**2*(-7840800*rho**3*z*z2 - 3920400*rho**2*sig*z*z2 + 5227200*rho**2*z**2 + 67953600*rho**2*z*z2 + 5227200*rho*sig*z**2 + 209
dim:
0
vdim:
28
eliminant in ee:
Je[1]=2116148492352756181281465865236673148326599039137363433837890625*ee^8-49377298492833797259743845853278481662422234490513801574707031250*ee^7+357044652277132444019003170545329627180899815436184406280517578125*ee^6-908649906343022887360811613883829921885651409467809295654296875000*ee^5+1240399556306390183007882402105616945246512477970432727050781250000*ee^4-470397742433441446364862130861249694705161212644107227562500000000*ee^3-1232814549815425917376502287613382882406449850803012881971200000000*ee^2+1385769006975401900216156497505522868061748607653894715526840320000*ee+570980664894285113792634148250189305804348613707630370290659229696
basis:
G[1]=z*qq-z2*qq-1
G[2]=24042137071602832684920152829245204730800030916051358107823850552331005859375*z^2+104305370107086344803916539172377621952991487825098841626269195885972167968750*z*z2+24042137071602832684920152829245204730800030916051358107823850552331005859375*z2^2+878161918109226307198110293578265350751663656166683269488880857802030000*rho*qq-878161918109226307198110293578265350751663656166683269488880857802030000*sig*qq-258767376110087259552508151828702624116336170220652248713891710966320128000*qq^2+