14 equations in 14 unknowns (+ q); total degrees [8, 6, 10, 6, 13, 12, 15, 8, 6, 10, 6, 13, 12, 15]  (2s)
written h_two_v2_t2_67-100_1-5.sing; vacuum monic I_1 = 34001/60000  (2s)
eq 13 -> degree 18, 70 terms  (2s)
e-relation: degree 12
written h_red_t2_67-100_1-5.sing / .ms  (2s)
r11 = rho/3 - 14/9 ; s11 = sig/3 - 14/9
eq 0 -> degree 6, 14 terms
eq 2 -> degree 10, 59 terms
eq 3 -> degree 6, 14 terms
eq 5 -> degree 10, 59 terms
eq 8 -> degree 6, 23 terms
--- eq 0 : qq**3*(4320000*z**2*z2 - 4320000*z*z2**2) + qq**2*(-1080000*rho*z*z2 - 540000*sig*z*z2 + 360000*z**2 + 2880000*z*z2) + qq*(-180000*rho*z - 180000*sig*z + 1320000*z) + 33750*rho**3 - 472500*rho**2 + 2087997*rho - 540000*z - 2883986
--- eq 2 : qq**5*(25920000000*z**4*z2 - 51840000000*z**3*z2**2 + 20736000000*z**2*z2**3) + qq**4*(-4536000000*rho*z**3*z2 + 3888000000*rho*z**2*z2**2 - 3240000000*sig*z**3*z2 + 1944000000*sig*z**2*z2**2 + 864000000*z**4 - 10368000000*z**3*z2 + 15552000000*z**2*z2**2 - 1728000000*z*z2**3) + qq**3*(648000000*rho**2*z**2*z2 - 324000000*rho**2*z*z2**2 + 324000000*rho*sig*z**2*z2 - 216000000*rho*z**3 - 1728000000*rho*z**2*z2 + 1728000000*rho*z*z2**2 + 324000000*sig**2*z**2*z2 - 216000000*sig*z**3 - 1512000000*sig*z**2*z2 - 216000000*sig*z*z2**2 + 576000000*z**3 + 7084771200*z**2*z2 - 3168000000*z*z2**2) + qq**2*(-81000000*rho**3*z*z2 - 40500000*rho**2*sig*z*z2 + 54000000*rho**2*z**2 + 702000000*rho**2*z*z2 
dim:
0
vdim:
28
eliminant in ee:
Je[1]=28211099074560000000000000000000000000000000000000000000000000000000000000000*ee^8-1055379322870711831756800000000000000000000000000000000000000000000000000000000*ee^7+12257212506981352974189961003008000000000000000000000000000000000000000000000000*ee^6-58447051664944422008178191664228576706560000000000000000000000000000000000000000*ee^5+107317922898120909652421942015188917202471610112000000000000000000000000000000000*ee^4-17715128406333438515037077067006413841998149444407860736000000000000000000000000*ee^3-148007761414792900090009674071077602867082557095883170606011029120000000000000000*ee^2+126316116695604966853935434711047237898318007543931002559753559715018211200000000*ee-23186101538261559999333596837329975237777606190965744577506384217465606576851199
basis:
G[1]=z*qq-z2*qq-1
G[2]=28069394797277635467764974264900400216803615047022000192094822197500000000000000000000000*z^2+810779733631678084397224817732658646631570938311774642649182968025000000000000000000000000*z*z2+28069394797277635467764974264900400216803615047022000192094822197500000000000000000000000*z2^2+33677651211943117733592216567142136292812601582123371974154062245507157785378225