14 equations in 14 unknowns (+ q); total degrees [8, 6, 10, 6, 13, 12, 15, 8, 6, 10, 6, 13, 12, 15]  (2s)
written h_two_v2_t2_5-4_3-7.sing; vacuum monic I_1 = 11537/4704  (2s)
eq 13 -> degree 18, 70 terms  (2s)
e-relation: degree 12
written h_red_t2_5-4_3-7.sing / .ms  (2s)
r11 = rho/3 - 14/9 ; s11 = sig/3 - 14/9
eq 0 -> degree 6, 14 terms
eq 2 -> degree 10, 59 terms
eq 3 -> degree 6, 14 terms
eq 5 -> degree 10, 59 terms
eq 8 -> degree 6, 23 terms
--- eq 0 : qq**3*(338688*z**2*z2 - 338688*z*z2**2) + qq**2*(-84672*rho*z*z2 - 42336*sig*z*z2 + 28224*z**2 + 225792*z*z2) + qq*(-14112*rho*z - 14112*sig*z + 103488*z) + 2646*rho**3 - 37044*rho**2 + 137085*rho - 42336*z - 101906
--- eq 2 : qq**5*(81285120*z**4*z2 - 162570240*z**3*z2**2 + 65028096*z**2*z2**3) + qq**4*(-14224896*rho*z**3*z2 + 12192768*rho*z**2*z2**2 - 10160640*sig*z**3*z2 + 6096384*sig*z**2*z2**2 + 2709504*z**4 - 32514048*z**3*z2 + 48771072*z**2*z2**2 - 5419008*z*z2**3) + qq**3*(2032128*rho**2*z**2*z2 - 1016064*rho**2*z*z2**2 + 1016064*rho*sig*z**2*z2 - 677376*rho*z**3 - 5419008*rho*z**2*z2 + 5419008*rho*z*z2**2 + 1016064*sig**2*z**2*z2 - 677376*sig*z**3 - 4741632*sig*z**2*z2 - 677376*sig*z*z2**2 + 1806336*z**3 + 11998080*z**2*z2 - 9934848*z*z2**2) + qq**2*(-254016*rho**3*z*z2 - 127008*rho**2*sig*z*z2 + 169344*rho**2*z**2 + 2201472*rho**2*z*z2 + 169344*rho*sig*z**2 + 677376*rho*sig*z*z2 - 1354752*rho*z**2 - 6096
dim:
0
vdim:
28
eliminant in ee:
Je[1]=57474739175912668317410041578579502581660051834728764932096*ee^8-7123502418111152097155000376932189668962484797566770590253056*ee^7+315909970895775153976972713688422799182816640651399658874077184*ee^6-6164651920343404973308531353733060381130469602717611233871134720*ee^5+47083144777574718090354870326198494281337473301250804498225430528*ee^4+19265069225598086595001647719028237239327463931091720298402152448*ee^3-1232628179402904304585281061021881678780811851119958512528296771584*ee^2-1308178628636944497591090840294494789862036059765956521697311006720*ee+2236122774685688886792259608187125947226359696206668617088658938625
basis:
G[1]=z*qq-z2*qq-1
G[2]=33020734283001312951076603762302754067097565170506937112097599667476365312*z^2-66852003814765881430060544989876097011760172107326389010989526146632122368*z*z2+33020734283001312951076603762302754067097565170506937112097599667476365312*z2^2+58070896721923014443903795622684100700177585497123204492346145738422912256*rho*qq-58070896721923014443903795622684100700177585497123204492346145738422912256*sig*qq-484920142723608390097414390829432045858400395147371522953713279151877632000*qq^2-7049187949127743724746