14 equations in 14 unknowns (+ q); total degrees [8, 6, 10, 6, 13, 12, 15, 8, 6, 10, 6, 13, 12, 15]  (2s)
written h_two_v2_t9_4_1-2_1-3.sing; vacuum monic I_1 = 109/360  (2s)
eq 13 -> degree 18, 71 terms  (2s)
e-relation: degree 12
written h_red_t9_4_1-2_1-3.sing / .ms  (2s)
r11 = 5*rho/13 - 310/169 ; s11 = 5*sig/13 - 310/169
eq 0 -> degree 6, 14 terms
eq 2 -> degree 10, 59 terms
eq 3 -> degree 6, 14 terms
eq 5 -> degree 10, 59 terms
eq 8 -> degree 6, 23 terms
--- eq 0 : qq**3*(2530944*z**2*z2 - 2530944*z*z2**2) + qq**2*(-632736*rho*z*z2 - 316368*sig*z*z2 + 243360*z**2 + 1752192*z*z2) + qq*(-121680*rho*z - 121680*sig*z + 917280*z) + 19773*rho**3 - 282906*rho**2 + 1296334*rho - 316368*z - 1892612
--- eq 2 : qq**5*(34218362880*z**4*z2 - 68436725760*z**3*z2**2 + 27374690304*z**2*z2**3) + qq**4*(-5988213504*rho*z**3*z2 + 5132754432*rho*z**2*z2**2 - 4277295360*sig*z**3*z2 + 2566377216*sig*z**2*z2**2 + 1316090880*z**4 - 11581599744*z**3*z2 + 17372399616*z**2*z2**2 - 1579309056*z*z2**3) + qq**3*(855459072*rho**2*z**2*z2 - 427729536*rho**2*z*z2**2 + 427729536*rho*sig*z**2*z2 - 329022720*rho*z**3 - 2500572672*rho*z**2*z2 + 2368963584*rho*z*z2**2 + 427729536*sig**2*z**2*z2 - 329022720*sig*z**3 - 2303159040*sig*z**2*z2 - 197413632*sig*z*z2**2 + 1012377600*z**3 + 9110835968*z**2*z2 - 3664806912*z*z2**2) + qq**2*(-106932384*rho**3*z*z2 - 53466192*rho**2*sig*z*z2 + 82255680*rho**2*z**2 + 937714752*rho**2*z*
dim:
0
vdim:
28
eliminant in ee:
Je[1]=135573127409115559038452436802309074384951705600000000*ee^8-5079052509661288383004030510836384159800481546240000000*ee^7+69634389546124193772655939367564059331236259168256000000*ee^6-457095217849901656551958820291324716599401152669286400000*ee^5+1663273250943458587858097197510869109874517387352473600000*ee^4-3560031405891130755348866555807522522969751569390370816000*ee^3+4468255228777305376505538447241523431588807882455580262400*ee^2-3042616873809682376117521806036584427939894719444030415360*ee+866010615962952869391189594842764373217374055304289115169
basis:
G[1]=z*qq-z2*qq-1
G[2]=15860328082995698471769464114580980174510064924280018344700742631662373986304*z^2-134111089522806788428184392892034546855050568253072822217217459360707506913280*z*z2+15860328082995698471769464114580980174510064924280018344700742631662373986304*z2^2+42268936655171784012777502573014165460978961589329040913795800598653000000*rho*qq-42268936655171784012777502573014165460978961589329040913795800598653000000*sig*qq+213170812220521231265974446277299311535890777372159139511770962196480000000*qq^2-5691419736931304516616974488221972107149303096343950194164647747200000000*ww*ee