14 equations in 14 unknowns (+ q); total degrees [8, 6, 10, 6, 13, 12, 15, 8, 6, 10, 6, 13, 12, 15]  (2s)
written h_two_v2_t2_3-7_2-3.sing; vacuum monic I_1 = 38/49  (2s)
eq 13 -> degree 18, 70 terms  (2s)
e-relation: degree 12
written h_red_t2_3-7_2-3.sing / .ms  (2s)
r11 = rho/3 - 14/9 ; s11 = sig/3 - 14/9
eq 0 -> degree 6, 14 terms
eq 2 -> degree 10, 59 terms
eq 3 -> degree 6, 14 terms
eq 5 -> degree 10, 59 terms
eq 8 -> degree 6, 23 terms
--- eq 0 : qq**3*(56448*z**2*z2 - 56448*z*z2**2) + qq**2*(-14112*rho*z*z2 - 7056*sig*z*z2 + 4704*z**2 + 37632*z*z2) + qq*(-2352*rho*z - 2352*sig*z + 17248*z) + 441*rho**3 - 6174*rho**2 + 26792*rho - 7056*z - 35392
--- eq 2 : qq**5*(13547520*z**4*z2 - 27095040*z**3*z2**2 + 10838016*z**2*z2**3) + qq**4*(-2370816*rho*z**3*z2 + 2032128*rho*z**2*z2**2 - 1693440*sig*z**3*z2 + 1016064*sig*z**2*z2**2 + 451584*z**4 - 5419008*z**3*z2 + 8128512*z**2*z2**2 - 903168*z*z2**3) + qq**3*(338688*rho**2*z**2*z2 - 169344*rho**2*z*z2**2 + 169344*rho*sig*z**2*z2 - 112896*rho*z**3 - 903168*rho*z**2*z2 + 903168*rho*z*z2**2 + 169344*sig**2*z**2*z2 - 112896*sig*z**3 - 790272*sig*z**2*z2 - 112896*sig*z*z2**2 + 301056*z**3 + 3514368*z**2*z2 - 1655808*z*z2**2) + qq**2*(-42336*rho**3*z*z2 - 21168*rho**2*sig*z*z2 + 28224*rho**2*z**2 + 366912*rho**2*z*z2 + 28224*rho*sig*z**2 + 112896*rho*sig*z*z2 - 225792*rho*z**2 - 1016064*rho*z*z2 + 21168*si
dim:
0
vdim:
26
eliminant in ee:
Je[1]=459986536544739960976801*ee^7-17012796509057058731637602*ee^6+185771216636175123078677741*ee^5-662445469741873780893033320*ee^4+1028407669085175114542880080*ee^3-450384824942055763516467200*ee^2-127051051614864121192448000*ee-6537345105471870074880000
basis:
G[1]=z*qq-z2*qq-1
G[2]=1016955913475568569939582306152356*z*z2+66085799182352485026507018879030*rho*qq-66085799182352485026507018879030*sig*qq-128943004689310723852950042880000*qq^2+3895147883146477553170245440000*ww*ee-8500966070215319706048192254637*ee^2-47377419840558301592333825920000*ww+278482615901946982773022768018425*ee+498563973455980516057843372557180
G[3]=17796728485822449973942690357666230*z^2+17796728485822449973942690357666230*z2^2+15360346673816960093894925413865390*rho*qq-15360346673816960093894925413865390*sig*qq-30269805078852579085947272469760000*qq^2+894881794683797390948994824000000*ww*ee-1670057688766217104214629213965471*ee^2-10983886500927881034437463034240000*ww+55201653812947159857084810578756865*ee+131601686812492431157852004749145340
G[4]=2690359559459176110951275942202*sig*z+2690359559459176110951275942202*rho*z2+135148036831063729545629357010*rho*qq-1351480368