14 equations in 14 unknowns (+ q); total degrees [8, 6, 10, 6, 13, 12, 15, 8, 6, 10, 6, 13, 12, 15]  (2s)
written h_two_v2_t2_3-7_2-9.sing; vacuum monic I_1 = 242/1323  (2s)
eq 13 -> degree 18, 70 terms  (2s)
e-relation: degree 12
written h_red_t2_3-7_2-9.sing / .ms  (2s)
r11 = rho/3 - 14/9 ; s11 = sig/3 - 14/9
eq 0 -> degree 6, 14 terms
eq 2 -> degree 10, 59 terms
eq 3 -> degree 6, 14 terms
eq 5 -> degree 10, 59 terms
eq 8 -> degree 6, 23 terms
--- eq 0 : qq**3*(1524096*z**2*z2 - 1524096*z*z2**2) + qq**2*(-381024*rho*z*z2 - 190512*sig*z*z2 + 127008*z**2 + 1016064*z*z2) + qq*(-63504*rho*z - 63504*sig*z + 465696*z) + 11907*rho**3 - 166698*rho**2 + 761016*rho - 190512*z - 1131200
--- eq 2 : qq**5*(365783040*z**4*z2 - 731566080*z**3*z2**2 + 292626432*z**2*z2**3) + qq**4*(-64012032*rho*z**3*z2 + 54867456*rho*z**2*z2**2 - 45722880*sig*z**3*z2 + 27433728*sig*z**2*z2**2 + 12192768*z**4 - 146313216*z**3*z2 + 219469824*z**2*z2**2 - 24385536*z*z2**3) + qq**3*(9144576*rho**2*z**2*z2 - 4572288*rho**2*z*z2**2 + 4572288*rho*sig*z**2*z2 - 3048192*rho*z**3 - 24385536*rho*z**2*z2 + 24385536*rho*z*z2**2 + 4572288*sig**2*z**2*z2 - 3048192*sig*z**3 - 21337344*sig*z**2*z2 - 3048192*sig*z*z2**2 + 8128512*z**3 + 109338624*z**2*z2 - 44706816*z*z2**2) + qq**2*(-1143072*rho**3*z*z2 - 571536*rho**2*sig*z*z2 + 762048*rho**2*z**2 + 9906624*rho**2*z*z2 + 762048*rho*sig*z**2 + 3048192*rho*sig*z*z2 - 609638
dim:
0
vdim:
28
eliminant in ee:
Je[1]=88096267210100391611719448655807545691354732474561*ee^8-2067440834726604708890119727145207992956685836899666*ee^7+14823558612698075642253952920464017778978465837802669*ee^6-38558659778136284234703153928929829468788116191557912*ee^5+47780928589625512726606327382659787846345134055646672*ee^4-22918940464459755325218848302459305141881060426751744*ee^3-21649046483254684889586394256035211976770194913280000*ee^2+23668701134593407792802274324123271550745811674726400*ee+6791985652793111841535866182073820036331103846400000
basis:
G[1]=z*qq-z2*qq-1
G[2]=322819289832640907057698664668632600509006363214673035080199*z^2+720306135006530580473868289659678886876067109595197350382366*z*z2+322819289832640907057698664668632600509006363214673035080199*z2^2-232938826772093002476094781894561479466295125505664351680*rho*qq+232938826772093002476094781894561479466295125505664351680*sig*qq-1763808756062354901495315654281826020747809017605452800000*qq^2+49378989186891381608156511980494405316289201533785920000*ww*ee+330954427410374605434837990159194539599091268906487825453*ee^2-375458988825474171786443473929838281041757636782168320000*ww-7503954458762165051056013977555619