14 equations in 14 unknowns (+ q); total degrees [8, 6, 10, 6, 13, 12, 15, 8, 6, 10, 6, 13, 12, 15]  (2s)
written h_two_v2_t2_1-2_1-3.sing; vacuum monic I_1 = 3/8  (2s)
eq 13 -> degree 18, 70 terms  (2s)
e-relation: degree 12
written h_red_t2_1-2_1-3.sing / .ms  (2s)
r11 = rho/3 - 14/9 ; s11 = sig/3 - 14/9
eq 0 -> degree 6, 14 terms
eq 2 -> degree 10, 59 terms
eq 3 -> degree 6, 14 terms
eq 5 -> degree 10, 59 terms
eq 8 -> degree 6, 23 terms
--- eq 0 : qq**3*(1152*z**2*z2 - 1152*z*z2**2) + qq**2*(-288*rho*z*z2 - 144*sig*z*z2 + 96*z**2 + 768*z*z2) + qq*(-48*rho*z - 48*sig*z + 352*z) + 9*rho**3 - 126*rho**2 + 566*rho - 144*z - 812
--- eq 2 : qq**5*(276480*z**4*z2 - 552960*z**3*z2**2 + 221184*z**2*z2**3) + qq**4*(-48384*rho*z**3*z2 + 41472*rho*z**2*z2**2 - 34560*sig*z**3*z2 + 20736*sig*z**2*z2**2 + 9216*z**4 - 110592*z**3*z2 + 165888*z**2*z2**2 - 18432*z*z2**3) + qq**3*(6912*rho**2*z**2*z2 - 3456*rho**2*z*z2**2 + 3456*rho*sig*z**2*z2 - 2304*rho*z**3 - 18432*rho*z**2*z2 + 18432*rho*z*z2**2 + 3456*sig**2*z**2*z2 - 2304*sig*z**3 - 16128*sig*z**2*z2 - 2304*sig*z*z2**2 + 6144*z**3 + 79104*z**2*z2 - 33792*z*z2**2) + qq**2*(-864*rho**3*z*z2 - 432*rho**2*sig*z*z2 + 576*rho**2*z**2 + 7488*rho**2*z*z2 + 576*rho*sig*z**2 + 2304*rho*sig*z*z2 - 4608*rho*z**2 - 20736*rho*z*z2 + 432*sig**3*z**2 - 5184*sig**2*z**2 - 576*sig**2*z*z2 + 19104*sig*z
dim:
0
vdim:
28
eliminant in ee:
Je[1]=281474976710656*ee^8-8197958696697856*ee^7+76382797903691776*ee^6-278667502618148864*ee^5+535552851062030336*ee^4-345799002838532096*ee^3-293148892800368640*ee^2+614615748970728960*ee+161840105109002817
basis:
G[1]=z*qq-z2*qq-1
G[2]=77846114192439140352*z^2+1220625887757164494848*z*z2+77846114192439140352*z2^2+3589187466001693248*rho*qq-3589187466001693248*sig*qq-8316980159378759680*qq^2+260000206125520896*ww*ee-2016234094991192064*ee^2-2339154942540961888*ww+42475612292856588672*ee+27250776521756316621
G[3]=3243588091351630848*sig*z+3243588091351630848*rho*z2+7733665291515936768*z*z2+317512502257337856*rho*qq-317512502257337856*sig*qq+143412407509532672*qq^2-2104349517433856*ww*ee-170724777389641728*ee^2+35545987368164784*ww-15136744426307610624*z-15136744426307610624*z2+2241995860088410752*ee-135422510081924061
G[4]=77228287889324544*rho*z+77228287889324544*sig*z2-3665749249675616256*z*z2-16114867240725792*rho*qq+16114867240725792*sig*qq+22525402172643328*qq^2-775737675962368*ww*ee+6340498914668544*ee^2+6534639812622432*ww-360398676816847872*z-360398676816847872*z2-161578994601253248*ee-92662696276605369
G[5]=6435690657443712*rho*sig+8241240