14 equations in 14 unknowns (+ q); total degrees [8, 6, 10, 6, 13, 12, 15, 8, 6, 10, 6, 13, 12, 15]  (2s)
written h_two_v2_t2_2-3_1-5.sing; vacuum monic I_1 = 14/25  (2s)
eq 13 -> degree 18, 70 terms  (2s)
e-relation: degree 12
written h_red_t2_2-3_1-5.sing / .ms  (2s)
r11 = rho/3 - 14/9 ; s11 = sig/3 - 14/9
eq 0 -> degree 6, 14 terms
eq 2 -> degree 10, 59 terms
eq 3 -> degree 6, 14 terms
eq 5 -> degree 10, 59 terms
eq 8 -> degree 6, 23 terms
--- eq 0 : qq**3*(28800*z**2*z2 - 28800*z*z2**2) + qq**2*(-7200*rho*z*z2 - 3600*sig*z*z2 + 2400*z**2 + 19200*z*z2) + qq*(-1200*rho*z - 1200*sig*z + 8800*z) + 225*rho**3 - 3150*rho**2 + 13928*rho - 3600*z - 19264
--- eq 2 : qq**5*(6912000*z**4*z2 - 13824000*z**3*z2**2 + 5529600*z**2*z2**3) + qq**4*(-1209600*rho*z**3*z2 + 1036800*rho*z**2*z2**2 - 864000*sig*z**3*z2 + 518400*sig*z**2*z2**2 + 230400*z**4 - 2764800*z**3*z2 + 4147200*z**2*z2**2 - 460800*z*z2**3) + qq**3*(172800*rho**2*z**2*z2 - 86400*rho**2*z*z2**2 + 86400*rho*sig*z**2*z2 - 57600*rho*z**3 - 460800*rho*z**2*z2 + 460800*rho*z*z2**2 + 86400*sig**2*z**2*z2 - 57600*sig*z**3 - 403200*sig*z**2*z2 - 57600*sig*z*z2**2 + 153600*z**3 + 1892352*z**2*z2 - 844800*z*z2**2) + qq**2*(-21600*rho**3*z*z2 - 10800*rho**2*sig*z*z2 + 14400*rho**2*z**2 + 187200*rho**2*z*z2 + 14400*rho*sig*z**2 + 57600*rho*sig*z*z2 - 115200*rho*z**2 - 518400*rho*z*z2 + 10800*sig**3*z**2 - 1
dim:
0
vdim:
26
eliminant in ee:
Je[1]=37252902984619140625*ee^7-1163601875305175781250*ee^6+9072233295440673828125*ee^5-21876283990478515625000*ee^4+8832044295644531250000*ee^3+26290812047558400000000*ee^2-25420287465019054080000*ee+4760827515629636419584
basis:
G[1]=z*qq-z2*qq-1
G[2]=23358813048047279787011718750*z*z2-48069024231883838972542875*rho*qq+48069024231883838972542875*sig*qq+23139250677524526181120000*qq^2-658765579165008675360000*ww*ee-34871228097934571068359375*ee^2+6328922661152809983882496*ww+795878739400069190518059375*ee-1246797134506123062407659710
G[3]=2335881304804727978701171875*z^2+2335881304804727978701171875*z2^2+397881741030011314675194375*rho*qq-397881741030011314675194375*sig*qq-71739828880428217324288000*qq^2+275152865561865091680000*ww*ee+37257844458892891429687500*ee^2-8912824506768388008149248*ww-1155736264994304801545840625*ee+1403106614718346056712994910
G[4]=31145084064063039716015625*sig*z+31145084064063039716015625*rho*z2-15268098496262217956680275*rho*qq+15268098496262217956680275*sig*qq-746712777312331025152000*qq^2+55893285545366195520000*ww*ee-1594225421433536403515625*ee^2-227148212249787475939072*ww-145343725632294185341406250*z-1453437256