t2_1-4_3-2 FLIP: vdim 4; I_3: ee**2 - 210553*ee/4608 - 9778477775/84934656 ; I_5: ff**2 - 106601459*ff/3096576 - 561943988487640919/38355131695104 ; q3 = r11 + s11: gg   (0s)
t2_1-4_3-7 FLIP: vdim 4; I_3: ee**2 - 16553713*ee/11063808 + 1416021408632545/489631389843456 ; I_5: ff**2 + 83019828247*ff/52044152832 + 319175059200384077998609/10834375376002294480896 ; q3 = r11 + s11: gg   (0s)
t2_1-6_7-6 FLIP: vdim 4; I_3: ee**2 - 22*ee - 880/9 ; I_5: ff**2 + 9995*ff/3024 - 144445618631/36578304 ; q3 = r11 + s11: gg   (0s)
t2_2-9_11-8 FLIP: vdim 4; I_3: ee**2 - 210918481*ee/5971968 - 18472035141398111/142657607172096 ; I_5: ff**2 - 1941768098287*ff/144473849856 - 777361407479863140741669599/83490773168856124882944 ; q3 = r11 + s11: gg   (0s)
t2_2-7_1-4 FLIP: vdim 4; I_3: ee**2 - 3422353*ee/11063808 + 1014017739899425/489631389843456 ; I_5: ff**2 + 90431455687*ff/52044152832 + 272128265203529361467569/10834375376002294480896 ; q3 = r11 + s11: gg   (1s)
t2_1-3_3-7 FLIP: vdim 4; I_3: ee**2 - 9549*ee/4802 + 456289065/92236816 ; I_5: ff**2 + 330205*ff/470596 + 44215952931529/885842380864 ; q3 = r11 + s11: gg   (1s)
t2_1-3_9-7 FLIP: vdim 4; I_3: ee**2 - 138429*ee/4802 - 9813525111/92236816 ; I_5: ff**2 - 8047787*ff/470596 - 5548651933346759/885842380864 ; q3 = r11 + s11: gg   (0s)
t2_1-3_5-4 FLIP: vdim 4; I_3: ee**2 - 13625*ee/512 - 104356175/1048576 ; I_5: ff**2 - 1654181*ff/114688 - 40459248551777/7516192768 ; q3 = r11 + s11: gg   (0s)
t2_2-5_1-5 FLIP: vdim 4; I_3: ee**2 - 5552*ee/5625 + 59186176/31640625 ; I_5: ff**2 + 1165664*ff/590625 + 7235748020224/348837890625 ; q3 = r11 + s11: gg   (0s)
t2_3-7_2-7 FLIP: vdim 4; I_3: ee**2 - 36464*ee/21609 + 1758254080/466948881 ; I_5: ff**2 + 27529696*ff/22235661 + 18977730924949504/494424620106921 ; q3 = r11 + s11: gg   (0s)
t2_3-7_6-7 FLIP: vdim 4; I_3: ee**2 - 220208*ee/21609 - 4474204160/466948881 ; I_5: ff**2 - 190754720*ff/22235661 - 264752637156614144/494424620106921 ; q3 = r11 + s11: gg   (0s)
t2_4-9_6-5 FLIP: vdim 4; I_3: ee**2 - 21580081*ee/911250 - 240564751873439/3321506250000 ; I_5: ff**2 - 216047898097*ff/8611312500 - 168549998191898295305513/42374115984375000000 ; q3 = r11 + s11: gg   (0s)
t2_1-2_4-9 FLIP: vdim 4; I_3: ee**2 - 85321*ee/23328 + 18241220305/2176782336 ; I_5: ff**2 - 69809155*ff/35271936 + 48255399489139567/710919696678912 ; q3 = r11 + s11: gg   (0s)
t2_3-5_2-5 FLIP: vdim 4; I_3: ee**2 - 208*ee/45 + 311296/50625 ; I_5: ff**2 - 6988256*ff/2953125 + 108208303120384/8720947265625 ; q3 = r11 + s11: gg   (0s)
t2_5-9_8-7 FLIP: vdim 4; I_3: ee**2 - 36690368*ee/1750329 - 127384498503680/3063651608241 ; I_5: ff**2 - 85612574896*ff/2315685267 - 13854293663545405776320/5362398255800861289 ; q3 = r11 + s11: gg   (0s)
t2_3-5_7-9 FLIP: vdim 4; I_3: ee**2 - 8753941*ee/911250 + 40430392791481/3321506250000 ; I_5: ff**2 - 159477762823*ff/8611312500 - 25711112434838985630671/296618811890625000000 ; q3 = r11 + s11: gg   (0s)
t2_5-8_11-9 FLIP: vdim 4; I_3: ee**2 - 148868881*ee/5971968 - 6477855886016735/142657607172096 ; I_5: ff**2 - 8247791165263*ff/144473849856 - 281818645409927463799014815/83490773168856124882944 ; q3 = r11 + s11: gg   (1s)
t2_5-7_4-9 FLIP: vdim 4; I_3: ee**2 - 12159968*ee/1750329 + 13312287339520/3063651608241 ; I_5: ff**2 - 14427010096*ff/2315685267 - 549630468413916470720/5362398255800861289 ; q3 = r11 + s11: gg   (0s)
t2_5-6_11-9 FLIP: vdim 4; I_3: ee**2 - 598801*ee/23328 - 18355136735/2176782336 ; I_5: ff**2 - 3579355303*ff/35271936 - 6743919276575302415/4976437876752384 ; q3 = r11 + s11: gg   (0s)
t2_3-4_6-7 FLIP: vdim 4; I_3: ee**2 - 145210081*ee/11063808 + 9311565047183809/489631389843456 ; I_5: ff**2 - 2006067076049*ff/52044152832 - 552051457508473162350431/10834375376002294480896 ; q3 = r11 + s11: gg   (0s)
t2_5-6_3-4 FLIP: vdim 4; I_3: ee**2 - 6465*ee/512 + 20497025/1048576 ; I_5: ff**2 - 4163361*ff/114688 - 1207144492479/52613349376 ; q3 = r11 + s11: gg   (0s)
t2_7-8_1-6 FLIP: vdim 4; I_3: ee**2 - 81097*ee/8192 - 8951638575/268435456 ; I_5: ff**2 + 36960387*ff/7340032 - 185070937654160631/215504279044096 ; q3 = r11 + s11: gg   (0s)
t2_7-8_10-7 FLIP: vdim 4; I_3: ee**2 - 6533946001*ee/177020928 - 3827315595337415135/125345635799924736 ; I_5: ff**2 - 531518555439929*ff/3330825781248 - 156228392570751240290234342735/44377601540105398193750016 ; q3 = r11 + s11: gg   (0s)
t2_10-9_2-9 FLIP: vdim 4; I_3: ee**2 - 115*ee/6 - 931975/11664 ; I_5: ff**2 + 747907*ff/551124 - 3649631549020151/1214950653504 ; q3 = r11 + s11: gg   (0s)
t2_10-9_5-9 FLIP: vdim 4; I_3: ee**2 - 176*ee/9 - 25600/729 ; I_5: ff**2 - 4737056*ff/137781 - 41330372329472/18983603961 ; q3 = r11 + s11: gg   (0s)
t2_9-8_7-6 FLIP: vdim 4; I_3: ee**2 - 226569*ee/8192 + 6478576209/268435456 ; I_5: ff**2 - 1193382749*ff/7340032 + 507352576836890569/215504279044096 ; q3 = r11 + s11: gg   (0s)
t2_10-9_7-8 FLIP: vdim 4; I_3: ee**2 - 129674881*ee/5971968 + 1758151621188865/142657607172096 ; I_5: ff**2 - 13171956181063*ff/144473849856 - 16470891852068352477838415/83490773168856124882944 ; q3 = r11 + s11: gg   (0s)
t2_11-9_3-4 FLIP: vdim 4; I_3: ee**2 - 9422641*ee/373248 - 12565729888415/557256278016 ; I_5: ff**2 - 186541369855*ff/2257403904 - 46368298744487757468671/20383489543177764864 ; q3 = r11 + s11: gg   (0s)
t2_8-7_5-7 FLIP: vdim 4; I_3: ee**2 - 465728*ee/21609 - 6868705280/466948881 ; I_5: ff**2 - 1426745168*ff/22235661 - 815523355186143680/494424620106921 ; q3 = r11 + s11: gg   (0s)
t2_11-9_2-7 FLIP: vdim 4; I_3: ee**2 - 43804784*ee/1750329 - 304890670776320/3063651608241 ; I_5: ff**2 - 17827950688*ff/2315685267 - 26145912428731899736064/5362398255800861289 ; q3 = r11 + s11: gg   (0s)
t2_5-4_10-9 FLIP: vdim 4; I_3: ee**2 - 11187697*ee/373248 + 10628858752225/557256278016 ; I_5: ff**2 - 409655674879*ff/2257403904 + 1152534121690650527953/415989582513831936 ; q3 = r11 + s11: gg   (0s)
t2_9-7_1-3 FLIP: vdim 4; I_3: ee**2 - 138429*ee/4802 - 9813525111/92236816 ; I_5: ff**2 - 8047787*ff/470596 - 5548651933346759/885842380864 ; q3 = r11 + s11: gg   (0s)
t2_5-4_4-9 FLIP: vdim 4; I_3: ee**2 - 9878641*ee/373248 - 46292401575455/557256278016 ; I_5: ff**2 - 65787316927*ff/2257403904 - 14529391474097787306185/2911927077596823552 ; q3 = r11 + s11: gg   (0s)
t2_11-8_8-9 FLIP: vdim 4; I_3: ee**2 - 201018961*ee/5971968 - 3173827450538591/142657607172096 ; I_5: ff**2 - 21584099975407*ff/144473849856 - 27498401992861812161065577/11927253309836589268992 ; q3 = r11 + s11: gg   (0s)
t2_11-8_4-7 FLIP: vdim 4; I_3: ee**2 - 6039900001*ee/177020928 - 10149074188514655551/125345635799924736 ; I_5: ff**2 - 226250267839121*ff/3330825781248 - 326397989801351217985234655711/44377601540105398193750016 ; q3 = r11 + s11: gg   (0s)
t2_7-5_7-9 FLIP: vdim 4; I_3: ee**2 - 32075461*ee/911250 - 149798704677479/3321506250000 ; I_5: ff**2 - 1066476302863*ff/8611312500 - 30619483458932298672719/6053445140625000000 ; q3 = r11 + s11: gg   (0s)
