t2_1-3_3-7: vdim 4; I_3: ee**2 - 9549*ee/4802 + 456289065/92236816 ; I_5: ff**2 - 649571*ff/470596 + 1644115066441/885842380864 ; q3 = r11 + s11: gg   (0s)
t2_1-4_3-2: vdim 4; I_3: ee**2 - 210553*ee/4608 - 9778477775/84934656 ; I_5: ff**2 - 1151926259*ff/3096576 + 103482057963405481/38355131695104 ; q3 = r11 + s11: gg   (0s)
t2_1-4_3-7: vdim 4; I_3: ee**2 - 16553713*ee/11063808 + 1416021408632545/489631389843456 ; I_5: ff**2 - 43546587113*ff/52044152832 + 6658825331790654628369/10834375376002294480896 ; q3 = r11 + s11: gg
t2_2-7_1-4: vdim 4; I_3: ee**2 - 3422353*ee/11063808 + 1014017739899425/489631389843456 ; I_5: ff**2 + 114544428487*ff/52044152832 + 13370286986440212078769/10834375376002294480896 ; q3 = r11 + s11: g
t2_2-9_11-8: vdim 4; I_3: ee**2 - 210918481*ee/5971968 - 18472035141398111/142657607172096 ; I_5: ff**2 - 37641317245423*ff/144473849856 + 143523566641086113226685729/83490773168856124882944 ; q3 = r1
t2_1-6_7-6: vdim 4; I_3: ee**2 - 22*ee - 880/9 ; I_5: ff**2 - 411349*ff/3024 + 34216510201/36578304 ; q3 = r11 + s11: gg   (0s)
t2_1-3_9-7: vdim 4; I_3: ee**2 - 138429*ee/4802 - 9813525111/92236816 ; I_5: ff**2 - 87409643*ff/470596 - 216235203271751/885842380864 ; q3 = r11 + s11: gg   (0s)
t2_1-3_5-4: vdim 4; I_3: ee**2 - 13625*ee/512 - 104356175/1048576 ; I_5: ff**2 - 2704883*ff/16384 - 8523989859239/52613349376 ; q3 = r11 + s11: gg   (0s)
t2_3-7_2-7: vdim 4; I_3: ee**2 - 36464*ee/21609 + 1758254080/466948881 ; I_5: ff**2 - 22709024*ff/22235661 + 499788074143744/494424620106921 ; q3 = r11 + s11: gg   (0s)
t2_4-9_6-5: vdim 4; I_3: ee**2 - 21580081*ee/911250 - 240564751873439/3321506250000 ; I_5: ff**2 - 155441633671*ff/1230187500 - 334323481374456998124191/296618811890625000000 ; q3 = r11 + s11: gg   (0
t2_2-5_1-5: vdim 4; I_3: ee**2 - 5552*ee/5625 + 59186176/31640625 ; I_5: ff**2 + 117344*ff/590625 + 49774403584/348837890625 ; q3 = r11 + s11: gg   (1s)
t2_3-7_6-7: vdim 4; I_3: ee**2 - 220208*ee/21609 - 4474204160/466948881 ; I_5: ff**2 - 712447136*ff/22235661 + 8576200024244224/494424620106921 ; q3 = r11 + s11: gg   (1s)
t2_5-9_8-7: vdim 4; I_3: ee**2 - 36690368*ee/1750329 - 127384498503680/3063651608241 ; I_5: ff**2 - 206324171440*ff/2315685267 - 8326250076270283928000/5362398255800861289 ; q3 = r11 + s11: gg   (0s)
t2_1-2_4-9: vdim 4; I_3: ee**2 - 85321*ee/23328 + 18241220305/2176782336 ; I_5: ff**2 - 22772773*ff/5038848 + 54714042500173321/4976437876752384 ; q3 = r11 + s11: gg   (1s)
t2_3-5_2-5: vdim 4; I_3: ee**2 - 208*ee/45 + 311296/50625 ; I_5: ff**2 - 24153056*ff/2953125 + 158011644534784/8720947265625 ; q3 = r11 + s11: gg   (0s)
t2_3-5_7-9: vdim 4; I_3: ee**2 - 8753941*ee/911250 + 40430392791481/3321506250000 ; I_5: ff**2 - 154998916423*ff/8611312500 - 325066174530924885071/296618811890625000000 ; q3 = r11 + s11: gg   (0s)
t2_5-8_11-9: vdim 4; I_3: ee**2 - 148868881*ee/5971968 - 6477855886016735/142657607172096 ; I_5: ff**2 - 15610782134095*ff/144473849856 - 300890159413815607759529375/83490773168856124882944 ; q3 = r11
t2_5-7_4-9: vdim 4; I_3: ee**2 - 12159968*ee/1750329 + 13312287339520/3063651608241 ; I_5: ff**2 - 35724001840*ff/2315685267 + 166788585479739880000/5362398255800861289 ; q3 = r11 + s11: gg   (1s)
t2_5-6_3-4: vdim 4; I_3: ee**2 - 6465*ee/512 + 20497025/1048576 ; I_5: ff**2 - 2274081*ff/114688 - 9325323605439/52613349376 ; q3 = r11 + s11: gg   (0s)
t2_5-6_11-9: vdim 4; I_3: ee**2 - 598801*ee/23328 - 18355136735/2176782336 ; I_5: ff**2 - 2436739495*ff/35271936 - 32473623521258927375/4976437876752384 ; q3 = r11 + s11: gg   (0s)
t2_3-4_6-7: vdim 4; I_3: ee**2 - 145210081*ee/11063808 + 9311565047183809/489631389843456 ; I_5: ff**2 - 1100070934481*ff/52044152832 - 2576644688828431546009439/10834375376002294480896 ; q3 = r11 + s
t2_7-8_1-6: vdim 4; I_3: ee**2 - 81097*ee/8192 - 8951638575/268435456 ; I_5: ff**2 - 322156413*ff/7340032 + 43826254935356169/215504279044096 ; q3 = r11 + s11: gg   (0s)
t2_10-9_2-9: vdim 4; I_3: ee**2 - 115*ee/6 - 931975/11664 ; I_5: ff**2 - 60190013*ff/551124 + 657449372940169/1214950653504 ; q3 = r11 + s11: gg   (0s)
t2_7-8_10-7: vdim 4; I_3: ee**2 - 6533946001*ee/177020928 - 3827315595337415135/125345635799924736 ; I_5: ff**2 - 467115063849785*ff/3330825781248 - 1017993003670497726003355991375/4437760154010539819
t2_10-9_7-8: vdim 4; I_3: ee**2 - 129674881*ee/5971968 + 1758151621188865/142657607172096 ; I_5: ff**2 - 5653201025095*ff/144473849856 - 292952518183243862514359375/83490773168856124882944 ; q3 = r11 
t2_10-9_5-9: vdim 4; I_3: ee**2 - 176*ee/9 - 25600/729 ; I_5: ff**2 - 10854176*ff/137781 - 23129152249856/18983603961 ; q3 = r11 + s11: gg   (0s)
t2_9-8_7-6: vdim 4; I_3: ee**2 - 226569*ee/8192 + 6478576209/268435456 ; I_5: ff**2 - 137708381*ff/7340032 - 2335473090300227639/215504279044096 ; q3 = r11 + s11: gg   (0s)
t2_8-7_5-7: vdim 4; I_3: ee**2 - 465728*ee/21609 - 6868705280/466948881 ; I_5: ff**2 - 1490192720*ff/22235661 - 1388218179330200000/494424620106921 ; q3 = r11 + s11: gg   (0s)
t2_11-9_3-4: vdim 4; I_3: ee**2 - 9422641*ee/373248 - 12565729888415/557256278016 ; I_5: ff**2 - 191975943679*ff/2257403904 - 108075832127220807490559/20383489543177764864 ; q3 = r11 + s11: gg   (0s)
t2_11-9_2-7: vdim 4; I_3: ee**2 - 43804784*ee/1750329 - 304890670776320/3063651608241 ; I_5: ff**2 - 359224728928*ff/2315685267 + 1835714298430997917696/5362398255800861289 ; q3 = r11 + s11: gg   (0s)
t2_5-4_4-9: vdim 4; I_3: ee**2 - 9878641*ee/373248 - 46292401575455/557256278016 ; I_5: ff**2 - 48532790665*ff/322486272 - 32423804314786527317375/20383489543177764864 ; q3 = r11 + s11: gg   (0s)
t2_9-7_1-3: vdim 4; I_3: ee**2 - 138429*ee/4802 - 9813525111/92236816 ; I_5: ff**2 - 87409643*ff/470596 - 216235203271751/885842380864 ; q3 = r11 + s11: gg   (0s)
t2_5-4_10-9: vdim 4; I_3: ee**2 - 11187697*ee/373248 + 10628858752225/557256278016 ; I_5: ff**2 - 7392536137*ff/322486272 - 309593030282603111454719/20383489543177764864 ; q3 = r11 + s11: gg   (0s)
t2_11-8_4-7: vdim 4; I_3: ee**2 - 6039900001*ee/177020928 - 10149074188514655551/125345635799924736 ; I_5: ff**2 - 665196233112209*ff/3330825781248 - 314031676189388340562634865119/4437760154010539819
t2_11-8_8-9: vdim 4; I_3: ee**2 - 201018961*ee/5971968 - 3173827450538591/142657607172096 ; I_5: ff**2 - 15816851370223*ff/144473849856 - 1489901608314182756789813471/83490773168856124882944 ; q3 = r1
t2_7-5_7-9: vdim 4; I_3: ee**2 - 32075461*ee/911250 - 149798704677479/3321506250000 ; I_5: ff**2 - 1355090448463*ff/8611312500 - 4711590716462990364937631/296618811890625000000 ; q3 = r11 + s11: gg   

real	0m42.942s
user	4m8.147s
sys	0m5.027s
