t9_4_4-9_9-8: vdim 4; I_3: ee**2 - 4576074182737*ee/227084083200 - 511013444732217760974431/206268723371138088960000 ; I_5: ff**2 - 5645340802172531413*ff/68277825463910400 - 8391976774076097176483163
t9_4_3-7_8-7: vdim 4; I_3: ee**2 - 126757756*ee/6086535 - 213233838902012/37045908306225 ; I_5: ff**2 - 19195645895032*ff/216224155875 - 22523821191667536005429744/46752885583856297015625 ; q3 = r11 +
t9_4_5-9_6-7: vdim 4; I_3: ee**2 - 32592966884*ee/2662250409 + 3360646584171916512484/177189431005516682025 ; I_5: ff**2 - 1098882573835240808*ff/38303460540788625 + 266263101905075865225477094363216/
t9_4_1-3_1-2: vdim 4; I_3: ee**2 - 8270237*ee/2190240 + 69653071280713/19188605030400 ; I_5: ff**2 - 550535873081*ff/114330528000 + 10665000488249894188709/1802961328656384000000 ; q3 = r11 + s11: gg 
t9_4_3-7_5-6: vdim 4; I_3: ee**2 - 55149474077*ee/5258766240 + 574951148898247040329/110618489467854950400 ; I_5: ff**2 - 364258906523587193*ff/13450872288672000 + 1451936795447195849359394337619249/7
t9_4_2-5_4-5: vdim 4; I_3: ee**2 - 150079819*ee/15843750 + 3495535751072761/1004097656250000 ; I_5: ff**2 - 544359757307*ff/22973437500 + 20833658183967939892249/2111115322265625000000 ; q3 = r11 + s1
t9_4_3-5_2-5: vdim 4; I_3: ee**2 - 44804204*ee/7921875 + 387041453018404/62756103515625 ; I_5: ff**2 - 264026572312*ff/28716796875 + 12494231855459916256336/824654422760009765625 ; q3 = r11 + s11: gg 
t9_4_5-8_5-7: vdim 4; I_3: ee**2 - 2506193395747*ee/249304473600 + 5518167307282228133905609/248610882227892387840000 ; I_5: ff**2 - 812749940835936647*ff/45345492094156800 + 4456849051376963378024466
t9_4_3-5_4-5: vdim 4; I_3: ee**2 - 90507212*ee/7921875 + 1444502036003236/62756103515625 ; I_5: ff**2 - 26724847192*ff/1148671875 + 48087049204437571216/1319447076416015625 ; q3 = r11 + s11: gg   (0s)
t9_4_3-4_5-8: vdim 4; I_3: ee**2 - 222660863*ee/20766720 + 1636814998370857/69001065529344 ; I_5: ff**2 - 38501522535031*ff/1927151616000 + 779533081021228771115610961/14855653404205645824000000 ; q3 
t9_4_3-4_4-9: vdim 4; I_3: ee**2 - 123795235297*ee/14192755200 + 6593523613967030044609/805737200668508160000 ; I_5: ff**2 - 20065634972651341*ff/1066841022873600 + 92381332140046933834933068995881/45
t9_4_5-7_8-7: vdim 4; I_3: ee**2 - 28226444*ee/1217307 + 87511484916004/1481836332249 ; I_5: ff**2 - 15996403308856*ff/216224155875 - 45948419064063944547992816/46752885583856297015625 ; q3 = r11 + s1
t9_4_3-4_10-9: vdim 4; I_3: ee**2 - 63639188141*ee/2838551040 + 84327365477212072273/1289179521069613056 ; I_5: ff**2 - 347855037223150913*ff/5334205114368000 - 105407208878933138075506660153991/13533
t9_4_5-6_10-9: vdim 4; I_3: ee**2 - 20995705369*ee/887047200 + 275086276232169256561/3147410940111360000 ; I_5: ff**2 - 1048858997663521*ff/16669390982400 - 1125793105402919091066265799/13216104433965
t9_4_7-8_6-7: vdim 4; I_3: ee**2 - 4327300137331*ee/249304473600 + 15050405135820734091893161/248610882227892387840000 ; I_5: ff**2 - 320619109095017587*ff/9069098418831360 - 6058270504880634816130861
t9_4_7-8_3-2: vdim 4; I_3: ee**2 - 911308823*ee/20766720 + 376757910956642833/1725026638233600 ; I_5: ff**2 - 388572376371163*ff/1927151616000 - 171164532578531746618446027431/148556534042056458240000
t9_4_8-9_10-9: vdim 4; I_3: ee**2 - 273309973*ee/11088090 + 50522472113101753/491782959392400 ; I_5: ff**2 - 80976836036773*ff/1302296170500 - 7410020063428264914264431/8066469991433841000000 ; q3 = r
t9_4_10-9_3-8: vdim 4; I_3: ee**2 - 872632626893*ee/45416816640 - 113517119710730017288151/8250748934845523558400 ; I_5: ff**2 - 27905261417521112273*ff/341389127319552000 - 16110991378872854595268463
t9_4_9-8_5-6: vdim 4; I_3: ee**2 - 13553473709*ee/560701440 + 22491087528600795797/251508883854458880 ; I_5: ff**2 - 30728641576453313*ff/468297842688000 - 847358052412448008216953656764031/8772114778
t9_4_9-8_10-7: vdim 4; I_3: ee**2 - 2166713559767*ee/49860894720 + 626505795920757708570653/1988887057823139102720 ; I_5: ff**2 - 30235470870948557659*ff/226727460470784000 - 2269077303133690481553564
t9_4_9-8_8-9: vdim 4; I_3: ee**2 - 1141697307869*ee/45416816640 + 173632697973018530118389/1650149786969104711680 ; I_5: ff**2 - 22062051253830210089*ff/341389127319552000 - 48425835718866229695453269
t9_4_7-6_1-4: vdim 4; I_3: ee**2 - 3717698857*ee/175219200 - 4122692947693879151/122807072194560000 ; I_5: ff**2 - 152652077224057*ff/1463430758400 - 1386294496180185306612115151/856651833852479668224
t9_4_8-7_4-9: vdim 4; I_3: ee**2 - 556716798413*ee/26622504090 - 319332414343009763183/113401235843530676496 ; I_5: ff**2 - 13481250012227828921*ff/153213842163154500 - 4833154373158895765485465080617
t9_4_8-7_1-6: vdim 4; I_3: ee**2 - 104926032389*ee/5258766240 - 4438783140461452397543/110618489467854950400 ; I_5: ff**2 - 45706562694033289*ff/463823182368000 - 8813385709250539827608096443524839/72
t9_4_7-6_1-2: vdim 4; I_3: ee**2 - 6100801*ee/273780 + 2480989463617/299821953600 ; I_5: ff**2 - 330186799243*ff/3572829000 - 1315291620944138631619/1760704422516000000 ; q3 = r11 + s11: gg   (0s)
t9_4_6-5_1-5: vdim 4; I_3: ee**2 - 179869004*ee/7921875 - 2539750071011996/62756103515625 ; I_5: ff**2 - 3396144386488*ff/28716796875 - 78809303161912545756464/824654422760009765625 ; q3 = r11 + s11: 
t9_4_11-9_9-8: vdim 4; I_3: ee**2 - 7753386560977*ee/227084083200 + 44441813767566807115424929/206268723371138088960000 ; I_5: ff**2 - 5685140020858527637*ff/68277825463910400 - 6608169109692698602074
t9_4_6-5_5-4: vdim 4; I_3: ee**2 - 151852464883*ee/4056000000 + 17214922702787004203689/65804544000000000000 ; I_5: ff**2 - 42796872094200091*ff/470496000000000 - 4597544158912377113092528455591719/88
t9_4_6-5_7-9: vdim 4; I_3: ee**2 - 456412647908*ee/17325140625 + 25179933024167433194116/300160497676025390625 ; I_5: ff**2 - 435742451449427528*ff/5087094416015625 - 431670935700283138277285694939523
t9_4_5-4_10-7: vdim 4; I_3: ee**2 - 728018620867*ee/15581529600 + 383094885656204474481289/971136258702704640000 ; I_5: ff**2 - 89446165843348823*ff/708523313971200 - 273824681032173957067709345174682
t9_4_9-7_7-8: vdim 4; I_3: ee**2 - 7873208167411*ee/249304473600 + 33469288291318109741156521/248610882227892387840000 ; I_5: ff**2 - 4760143738322273663*ff/45345492094156800 - 28180213705194170031285
t9_4_9-7_5-4: vdim 4; I_3: ee**2 - 126061095239*ee/3116305920 + 11876657531730194387377/38845450348108185600 ; I_5: ff**2 - 350885388528361411*ff/3542616569856000 - 36128857293700750941555983736544907
t9_4_4-3_1-2: vdim 4; I_3: ee**2 - 13491889*ee/438048 + 357911065759609/19188605030400 ; I_5: ff**2 - 18211159908941*ff/114330528000 - 3715760968475876507655811/1802961328656384000000 ; q3 = r11 + s11
t9_4_7-5_1-6: vdim 4; I_3: ee**2 - 234620706481*ee/6844500000 - 6350999498950620596639/187388721000000000000 ; I_5: ff**2 - 394151999060276393*ff/1786414500000000 + 486096929875469285328131153090449/1
t9_4_7-5_5-9: vdim 4; I_3: ee**2 - 1216615951621*ee/34650281250 + 228261851817988656527641/4802567962816406250000 ; I_5: ff**2 - 3849238859828349623*ff/20348377664062500 - 5758666911520126948521408564
t9_4_10-7_2-5: vdim 4; I_3: ee**2 - 1389463180003*ee/38040843750 + 69056502730295195080009/5788423172847656250000 ; I_5: ff**2 - 3016862713489231051*ff/13514009742187500 - 1463013557677081340513094262

real	0m41.597s
user	4m1.490s
sys	0m5.217s
