point A: conditions generated (1s)
point B: conditions generated (1s)
14 equations in 14 unknowns (+ q); total degrees [8, 6, 10, 6, 13, 12, 15, 8, 6, 10, 6, 13, 12, 15]  (2s)
written h_two_v2_t9_4_10-13_1-3.sing; vacuum monic I_1 = 437/585  (2s)
linear eliminations done (1s)
eq  4 -> degree 9, 16 terms  (1s)
eq  5 -> degree 2, 3 terms  (1s)
eq  6 -> degree 18, 71 terms  (1s)
eq 11 -> degree 9, 16 terms  (1s)
eq 12 -> degree 2, 3 terms  (1s)
eq 13 -> degree 18, 71 terms  (2s)
e-relation: degree 12
written h_red_t9_4_10-13_1-3.sing / .ms  (2s)
r11 = 5*rho/13 - 310/169 ; s11 = 5*sig/13 - 310/169
eq 0 -> degree 6, 14 terms
eq 2 -> degree 10, 59 terms
eq 3 -> degree 6, 14 terms
eq 5 -> degree 10, 59 terms
eq 8 -> degree 6, 23 terms
--- eq 0 : qq**3*(2530944*z**2*z2 - 2530944*z*z2**2) + qq**2*(-632736*rho*z*z2 - 316368*sig*z*z2 + 243360*z**2 + 1752192*z*z2) + qq*(-121680*rho*z - 121680*sig*z + 917280*z) + 19773*rho**3 - 282906*rho**2 + 1242280*rho - 316368*z - 1634816
--- eq 2 : qq**5*(34218362880*z**4*z2 - 68436725760*z**3*z2**2 + 27374690304*z**2*z2**3) + qq**4*(-5988213504*rho*z**3*z2 + 5132754432*rho*z**2*z2**2 - 4277295360*sig*z**3*z2 + 2566377216*sig*z**2*z2**2 + 1316090880*z**4 - 11581599744*z**3*z2 + 17372399616*z**2*z2**2 - 1579309056*z*z2**3) + qq**3*(855459072*rho**2*z**2*z2 - 427729536*rho**2*z*z2**2 + 427729536*rho*sig*z**2*z2 - 329022720*rho*z**3 - 2500572672*rho*z**2*z2 + 2368963584*rho*z*z2**2 + 427729536*sig**2*z**2*z2 - 329022720*sig*z**3 - 2303159040*sig*z**2*z2 - 197413632*sig*z*z2**2 + 1012377600*z**3 + 7941539840*z**2*z2 - 3664806912*z*z2**2) + qq**2*(-106932384*rho**3*z*z2 - 53466192*rho**2*sig*z*z2 + 82255680*rho**2*z**2 + 937714752*rho**2*z*
--- eq 3 : qq**3*(2530944*z**2*z2 - 2530944*z*z2**2) + qq**2*(-316368*rho*z*z2 - 632736*sig*z*z2 + 1752192*z*z2 + 243360*z2**2) + qq*(121680*rho*z2 + 121680*sig*z2 - 917280*z2) + 19773*sig**3 - 282906*sig**2 + 1242280*sig - 316368*z2 - 1634816
--- eq 5 : qq**5*(27374690304*z**3*z2**2 - 68436725760*z**2*z2**3 + 34218362880*z*z2**4) + qq**4*(-2566377216*rho*z**2*z2**2 + 4277295360*rho*z*z2**3 - 5132754432*sig*z**2*z2**2 + 5988213504*sig*z*z2**3 + 1579309056*z**3*z2 - 17372399616*z**2*z2**2 + 11581599744*z*z2**3 - 1316090880*z2**4) + qq**3*(427729536*rho**2*z*z2**2 + 427729536*rho*sig*z*z2**2 - 197413632*rho*z**2*z2 - 2303159040*rho*z*z2**2 - 329022720*rho*z2**3 - 427729536*sig**2*z**2*z2 + 855459072*sig**2*z*z2**2 + 2368963584*sig*z**2*z2 - 2500572672*sig*z*z2**2 - 329022720*sig*z2**3 - 3664806912*z**2*z2 + 7941539840*z*z2**2 + 1012377600*z2**3) + qq**2*(-53466192*rho**3*z2**2 + 49353408*rho**2*z*z2 + 641594304*rho**2*z2**2 + 53466192*rho*sig*
--- eq 8 : -5475600*ee + qq**3*(751690368*z**2*z2 - 751690368*z*z2**2) + qq**2*(-93961296*rho*z*z2 - 93961296*sig*z*z2 + 48185280*z**2 - 96370560*z*z2 + 48185280*z2**2) + qq*(-12046320*rho*z + 12046320*rho*z2 - 12046320*sig*z + 12046320*sig*z2 + 48185280*z - 48185280*z2) + 1957527*rho**3 - 23490324*rho**2 + 79896960*rho + 1957527*sig**3 - 23490324*sig**2 + 79896960*sig - 31320432*z - 31320432*z2 - 112926368
written (1s)
t9_4_10-13_1-3: vdim 4; I_3: ee**2 - 114020*ee/13689 - 3343203356/4684718025 ; I_5: ff**2 - 122471860424*ff/5805847125 + 414019252841025524944/33707860838870765625 ; q3 = r11 + s11: gg   (0s)
