point A: conditions generated (0s)
point B: conditions generated (1s)
14 equations in 14 unknowns (+ q); total degrees [8, 6, 10, 6, 13, 12, 15, 8, 6, 10, 6, 13, 12, 15]  (2s)
written h_two_v2_t9_4_3-4_5-8.sing; vacuum monic I_1 = 2059/1920  (2s)
linear eliminations done (1s)
eq  4 -> degree 9, 16 terms  (1s)
eq  5 -> degree 2, 3 terms  (1s)
eq  6 -> degree 18, 71 terms  (1s)
eq 11 -> degree 9, 16 terms  (1s)
eq 12 -> degree 2, 3 terms  (1s)
eq 13 -> degree 18, 71 terms  (2s)
e-relation: degree 12
written h_red_t9_4_3-4_5-8.sing / .ms  (2s)
r11 = 5*rho/13 - 310/169 ; s11 = 5*sig/13 - 310/169
eq 0 -> degree 6, 14 terms
eq 2 -> degree 10, 59 terms
eq 3 -> degree 6, 14 terms
eq 5 -> degree 10, 59 terms
eq 8 -> degree 6, 23 terms
--- eq 0 : qq**3*(2249728*z**2*z2 - 2249728*z*z2**2) + qq**2*(-562432*rho*z*z2 - 281216*sig*z*z2 + 216320*z**2 + 1557504*z*z2) + qq*(-108160*rho*z - 108160*sig*z + 815360*z) + 17576*rho**3 - 251472*rho**2 + 1069055*rho - 281216*z - 1285322
--- eq 2 : qq**5*(30416322560*z**4*z2 - 60832645120*z**3*z2**2 + 24333058048*z**2*z2**3) + qq**4*(-5322856448*rho*z**3*z2 + 4562448384*rho*z**2*z2**2 - 3802040320*sig*z**3*z2 + 2281224192*sig*z**2*z2**2 + 1169858560*z**4 - 10294755328*z**3*z2 + 15442132992*z**2*z2**2 - 1403830272*z*z2**3) + qq**3*(760408064*rho**2*z**2*z2 - 380204032*rho**2*z*z2**2 + 380204032*rho*sig*z**2*z2 - 292464640*rho*z**3 - 2222731264*rho*z**2*z2 + 2105745408*rho*z*z2**2 + 380204032*sig**2*z**2*z2 - 292464640*sig*z**3 - 2047252480*sig*z**2*z2 - 175478784*sig*z*z2**2 + 899891200*z**3 + 6297832320*z**2*z2 - 3257606144*z*z2**2) + qq**2*(-95051008*rho**3*z*z2 - 47525504*rho**2*sig*z*z2 + 73116160*rho**2*z**2 + 833524224*rho**2*z*z2
--- eq 3 : qq**3*(2249728*z**2*z2 - 2249728*z*z2**2) + qq**2*(-281216*rho*z*z2 - 562432*sig*z*z2 + 1557504*z*z2 + 216320*z2**2) + qq*(108160*rho*z2 + 108160*sig*z2 - 815360*z2) + 17576*sig**3 - 251472*sig**2 + 1069055*sig - 281216*z2 - 1285322
--- eq 5 : qq**5*(24333058048*z**3*z2**2 - 60832645120*z**2*z2**3 + 30416322560*z*z2**4) + qq**4*(-2281224192*rho*z**2*z2**2 + 3802040320*rho*z*z2**3 - 4562448384*sig*z**2*z2**2 + 5322856448*sig*z*z2**3 + 1403830272*z**3*z2 - 15442132992*z**2*z2**2 + 10294755328*z*z2**3 - 1169858560*z2**4) + qq**3*(380204032*rho**2*z*z2**2 + 380204032*rho*sig*z*z2**2 - 175478784*rho*z**2*z2 - 2047252480*rho*z*z2**2 - 292464640*rho*z2**3 - 380204032*sig**2*z**2*z2 + 760408064*sig**2*z*z2**2 + 2105745408*sig*z**2*z2 - 2222731264*sig*z*z2**2 - 292464640*sig*z2**3 - 3257606144*z**2*z2 + 6297832320*z*z2**2 + 899891200*z2**3) + qq**2*(-47525504*rho**3*z2**2 + 43869696*rho**2*z*z2 + 570306048*rho**2*z2**2 + 47525504*rho*sig**
--- eq 8 : -207667200*ee + qq**3*(28508553216*z**2*z2 - 28508553216*z*z2**2) + qq**2*(-3563569152*rho*z*z2 - 3563569152*sig*z*z2 + 1827471360*z**2 - 3654942720*z*z2 + 1827471360*z2**2) + qq*(-456867840*rho*z + 456867840*rho*z2 - 456867840*sig*z + 456867840*sig*z2 + 1827471360*z - 1827471360*z2) + 74241024*rho**3 - 890892288*rho**2 + 2881507200*rho + 74241024*sig**3 - 890892288*sig**2 + 2881507200*sig - 1187856384*z - 1187856384*z2 - 3115412741
written (1s)
t9_4_3-4_5-8: vdim 4; I_3: ee**2 - 222660863*ee/20766720 + 1636814998370857/69001065529344 ; I_5: ff**2 - 38501522535031*ff/1927151616000 + 779533081021228771115610961/14855653404205645824000000 ; q3 = r11 + s11: gg   (0s)
