point A: conditions generated (0s)
point B: conditions generated (1s)
14 equations in 14 unknowns (+ q); total degrees [8, 6, 10, 6, 13, 12, 15, 8, 6, 10, 6, 13, 12, 15]  (2s)
written h_two_v2_t2_3-7_2-7.sing; vacuum monic I_1 = 34/147  (2s)
linear eliminations done (1s)
eq  4 -> degree 9, 16 terms  (1s)
eq  5 -> degree 2, 3 terms  (1s)
eq  6 -> degree 18, 70 terms  (1s)
eq 11 -> degree 9, 16 terms  (1s)
eq 12 -> degree 2, 3 terms  (1s)
eq 13 -> degree 18, 70 terms  (2s)
e-relation: degree 12
written h_red_t2_3-7_2-7.sing / .ms  (2s)
r11 = rho/3 - 14/9 ; s11 = sig/3 - 14/9
eq 0 -> degree 6, 14 terms
eq 2 -> degree 10, 59 terms
eq 3 -> degree 6, 14 terms
eq 5 -> degree 10, 59 terms
eq 8 -> degree 6, 23 terms
--- eq 0 : qq**3*(169344*z**2*z2 - 169344*z*z2**2) + qq**2*(-42336*rho*z*z2 - 21168*sig*z*z2 + 14112*z**2 + 112896*z*z2) + qq*(-7056*rho*z - 7056*sig*z + 51744*z) + 1323*rho**3 - 18522*rho**2 + 84216*rho - 21168*z - 124096
--- eq 2 : qq**5*(1991485440*z**4*z2 - 3982970880*z**3*z2**2 + 1593188352*z**2*z2**3) + qq**4*(-348509952*rho*z**3*z2 + 298722816*rho*z**2*z2**2 - 248935680*sig*z**3*z2 + 149361408*sig*z**2*z2**2 + 66382848*z**4 - 796594176*z**3*z2 + 1194891264*z**2*z2**2 - 132765696*z*z2**3) + qq**3*(49787136*rho**2*z**2*z2 - 24893568*rho**2*z*z2**2 + 24893568*rho*sig*z**2*z2 - 16595712*rho*z**3 - 132765696*rho*z**2*z2 + 132765696*rho*z*z2**2 + 24893568*sig**2*z**2*z2 - 16595712*sig*z**3 - 116169984*sig*z**2*z2 - 16595712*sig*z*z2**2 + 44255232*z**3 + 588865536*z**2*z2 - 243403776*z*z2**2) + qq**2*(-6223392*rho**3*z*z2 - 3111696*rho**2*sig*z*z2 + 4148928*rho**2*z**2 + 53936064*rho**2*z*z2 + 4148928*rho*sig*z**2 + 1659
--- eq 3 : qq**3*(169344*z**2*z2 - 169344*z*z2**2) + qq**2*(-21168*rho*z*z2 - 42336*sig*z*z2 + 112896*z*z2 + 14112*z2**2) + qq*(7056*rho*z2 + 7056*sig*z2 - 51744*z2) + 1323*sig**3 - 18522*sig**2 + 84216*sig - 21168*z2 - 124096
--- eq 5 : qq**5*(1593188352*z**3*z2**2 - 3982970880*z**2*z2**3 + 1991485440*z*z2**4) + qq**4*(-149361408*rho*z**2*z2**2 + 248935680*rho*z*z2**3 - 298722816*sig*z**2*z2**2 + 348509952*sig*z*z2**3 + 132765696*z**3*z2 - 1194891264*z**2*z2**2 + 796594176*z*z2**3 - 66382848*z2**4) + qq**3*(24893568*rho**2*z*z2**2 + 24893568*rho*sig*z*z2**2 - 16595712*rho*z**2*z2 - 116169984*rho*z*z2**2 - 16595712*rho*z2**3 - 24893568*sig**2*z**2*z2 + 49787136*sig**2*z*z2**2 + 132765696*sig*z**2*z2 - 132765696*sig*z*z2**2 - 16595712*sig*z2**3 - 243403776*z**2*z2 + 588865536*z*z2**2 + 44255232*z2**3) + qq**2*(-3111696*rho**3*z2**2 + 4148928*rho**2*z*z2 + 37340352*rho**2*z2**2 + 3111696*rho*sig**2*z*z2 - 16595712*rho*sig*z*z2
--- eq 8 : -345744*ee + qq**3*(74680704*z**2*z2 - 74680704*z*z2**2) + qq**2*(-9335088*rho*z*z2 - 9335088*sig*z*z2 + 4148928*z**2 - 8297856*z*z2 + 4148928*z2**2) + qq*(-1037232*rho*z + 1037232*rho*z2 - 1037232*sig*z + 1037232*sig*z2 + 4148928*z - 4148928*z2) + 194481*rho**3 - 2333772*rho**2 + 8749440*rho + 194481*sig**3 - 2333772*sig**2 + 8749440*sig - 3111696*z - 3111696*z2 - 18853568
written (1s)
t2_3-7_2-7: vdim 4; I_3: ee**2 - 36464*ee/21609 + 1758254080/466948881 ; I_5: ff**2 - 22709024*ff/22235661 + 499788074143744/494424620106921 ; q3 = r11 + s11: gg   (0s)
