point A: conditions generated (1s)
point B: conditions generated (1s)
14 equations in 14 unknowns (+ q); total degrees [8, 6, 10, 6, 13, 12, 15, 8, 6, 10, 6, 13, 12, 15]  (2s)
written h_two_v2_t2_3-5_7-9.sing; vacuum monic I_1 = 1729/1350  (2s)
linear eliminations done (1s)
eq  4 -> degree 9, 16 terms  (1s)
eq  5 -> degree 2, 3 terms  (1s)
eq  6 -> degree 18, 70 terms  (2s)
eq 11 -> degree 9, 16 terms  (2s)
eq 12 -> degree 2, 3 terms  (2s)
eq 13 -> degree 18, 70 terms  (3s)
e-relation: degree 12
written h_red_t2_3-5_7-9.sing / .ms  (3s)
r11 = rho/3 - 14/9 ; s11 = sig/3 - 14/9
eq 0 -> degree 6, 14 terms
eq 2 -> degree 10, 59 terms
eq 3 -> degree 6, 14 terms
eq 5 -> degree 10, 59 terms
eq 8 -> degree 6, 23 terms
--- eq 0 : qq**3*(777600*z**2*z2 - 777600*z*z2**2) + qq**2*(-194400*rho*z*z2 - 97200*sig*z*z2 + 64800*z**2 + 518400*z*z2) + qq*(-32400*rho*z - 32400*sig*z + 237600*z) + 6075*rho**3 - 85050*rho**2 + 352704*rho - 97200*z - 411152
--- eq 2 : qq**5*(186624000*z**4*z2 - 373248000*z**3*z2**2 + 149299200*z**2*z2**3) + qq**4*(-32659200*rho*z**3*z2 + 27993600*rho*z**2*z2**2 - 23328000*sig*z**3*z2 + 13996800*sig*z**2*z2**2 + 6220800*z**4 - 74649600*z**3*z2 + 111974400*z**2*z2**2 - 12441600*z*z2**3) + qq**3*(4665600*rho**2*z**2*z2 - 2332800*rho**2*z*z2**2 + 2332800*rho*sig*z**2*z2 - 1555200*rho*z**3 - 12441600*rho*z**2*z2 + 12441600*rho*z*z2**2 + 2332800*sig**2*z**2*z2 - 1555200*sig*z**3 - 10886400*sig*z**2*z2 - 1555200*sig*z*z2**2 + 4147200*z**3 + 42126336*z**2*z2 - 22809600*z*z2**2) + qq**2*(-583200*rho**3*z*z2 - 291600*rho**2*sig*z*z2 + 388800*rho**2*z**2 + 5054400*rho**2*z*z2 + 388800*rho*sig*z**2 + 1555200*rho*sig*z*z2 - 3110400*rh
--- eq 3 : qq**3*(777600*z**2*z2 - 777600*z*z2**2) + qq**2*(-97200*rho*z*z2 - 194400*sig*z*z2 + 518400*z*z2 + 64800*z2**2) + qq*(32400*rho*z2 + 32400*sig*z2 - 237600*z2) + 6075*sig**3 - 85050*sig**2 + 352704*sig - 97200*z2 - 411152
--- eq 5 : qq**5*(149299200*z**3*z2**2 - 373248000*z**2*z2**3 + 186624000*z*z2**4) + qq**4*(-13996800*rho*z**2*z2**2 + 23328000*rho*z*z2**3 - 27993600*sig*z**2*z2**2 + 32659200*sig*z*z2**3 + 12441600*z**3*z2 - 111974400*z**2*z2**2 + 74649600*z*z2**3 - 6220800*z2**4) + qq**3*(2332800*rho**2*z*z2**2 + 2332800*rho*sig*z*z2**2 - 1555200*rho*z**2*z2 - 10886400*rho*z*z2**2 - 1555200*rho*z2**3 - 2332800*sig**2*z**2*z2 + 4665600*sig**2*z*z2**2 + 12441600*sig*z**2*z2 - 12441600*sig*z*z2**2 - 1555200*sig*z2**3 - 22809600*z**2*z2 + 42126336*z*z2**2 + 4147200*z2**3) + qq**2*(-291600*rho**3*z2**2 + 388800*rho**2*z*z2 + 3499200*rho**2*z2**2 + 291600*rho*sig**2*z*z2 - 1555200*rho*sig*z*z2 - 388800*rho*sig*z2**2 - 518
--- eq 8 : -7290000*ee + qq**3*(1574640000*z**2*z2 - 1574640000*z*z2**2) + qq**2*(-196830000*rho*z*z2 - 196830000*sig*z*z2 + 87480000*z**2 - 174960000*z*z2 + 87480000*z2**2) + qq*(-21870000*rho*z + 21870000*rho*z2 - 21870000*sig*z + 21870000*sig*z2 + 87480000*z - 87480000*z2) + 4100625*rho**3 - 49207500*rho**2 + 161530200*rho + 4100625*sig**3 - 49207500*sig**2 + 161530200*sig - 65610000*z - 65610000*z2 - 215652236
written (1s)
t2_3-5_7-9: vdim 4; I_3: ee**2 - 8753941*ee/911250 + 40430392791481/3321506250000 ; I_5: ff**2 - 154998916423*ff/8611312500 - 325066174530924885071/296618811890625000000 ; q3 = r11 + s11: gg   (0s)
