point A: conditions generated (1s)
point B: conditions generated (1s)
14 equations in 14 unknowns (+ q); total degrees [8, 6, 10, 6, 13, 12, 15, 8, 6, 10, 6, 13, 12, 15]  (2s)
written h_two_v2_t9_4_7-8_6-7.sing; vacuum monic I_1 = 33563/18816  (2s)
linear eliminations done (1s)
eq  4 -> degree 9, 16 terms  (1s)
eq  5 -> degree 2, 3 terms  (1s)
eq  6 -> degree 18, 71 terms  (1s)
eq 11 -> degree 9, 16 terms  (1s)
eq 12 -> degree 2, 3 terms  (1s)
eq 13 -> degree 18, 71 terms  (2s)
e-relation: degree 12
written h_red_t9_4_7-8_6-7.sing / .ms  (2s)
r11 = 5*rho/13 - 310/169 ; s11 = 5*sig/13 - 310/169
eq 0 -> degree 6, 14 terms
eq 2 -> degree 10, 59 terms
eq 3 -> degree 6, 14 terms
eq 5 -> degree 10, 59 terms
eq 8 -> degree 6, 23 terms
--- eq 0 : qq**3*(110236672*z**2*z2 - 110236672*z*z2**2) + qq**2*(-27559168*rho*z*z2 - 13779584*sig*z*z2 + 10599680*z**2 + 76317696*z*z2) + qq*(-5299840*rho*z - 5299840*sig*z + 39952640*z) + 861224*rho**3 - 12322128*rho**2 + 48613643*rho - 13779584*z - 45000530
--- eq 2 : qq**5*(1490399805440*z**4*z2 - 2980799610880*z**3*z2**2 + 1192319844352*z**2*z2**3) + qq**4*(-260819965952*rho*z**3*z2 + 223559970816*rho*z**2*z2**2 - 186299975680*sig*z**3*z2 + 111779985408*sig*z**2*z2**2 + 57323069440*z**4 - 504443011072*z**3*z2 + 756664516608*z**2*z2**2 - 68787683328*z*z2**3) + qq**3*(37259995136*rho**2*z**2*z2 - 18629997568*rho**2*z*z2**2 + 18629997568*rho*sig*z**2*z2 - 14330767360*rho*z**3 - 108913831936*rho*z**2*z2 + 103181524992*rho*z*z2**2 + 18629997568*sig**2*z**2*z2 - 14330767360*sig*z**3 - 100315371520*sig*z**2*z2 - 8598460416*sig*z*z2**2 + 44094668800*z**3 + 227040018816*z**2*z2 - 159622701056*z*z2**2) + qq**2*(-4657499392*rho**3*z*z2 - 2328749696*rho**2*sig*z*z2
--- eq 3 : qq**3*(110236672*z**2*z2 - 110236672*z*z2**2) + qq**2*(-13779584*rho*z*z2 - 27559168*sig*z*z2 + 76317696*z*z2 + 10599680*z2**2) + qq*(5299840*rho*z2 + 5299840*sig*z2 - 39952640*z2) + 861224*sig**3 - 12322128*sig**2 + 48613643*sig - 13779584*z2 - 45000530
--- eq 5 : qq**5*(1192319844352*z**3*z2**2 - 2980799610880*z**2*z2**3 + 1490399805440*z*z2**4) + qq**4*(-111779985408*rho*z**2*z2**2 + 186299975680*rho*z*z2**3 - 223559970816*sig*z**2*z2**2 + 260819965952*sig*z*z2**3 + 68787683328*z**3*z2 - 756664516608*z**2*z2**2 + 504443011072*z*z2**3 - 57323069440*z2**4) + qq**3*(18629997568*rho**2*z*z2**2 + 18629997568*rho*sig*z*z2**2 - 8598460416*rho*z**2*z2 - 100315371520*rho*z*z2**2 - 14330767360*rho*z2**3 - 18629997568*sig**2*z**2*z2 + 37259995136*sig**2*z*z2**2 + 103181524992*sig*z**2*z2 - 108913831936*sig*z*z2**2 - 14330767360*sig*z2**3 - 159622701056*z**2*z2 + 227040018816*z*z2**2 + 44094668800*z2**3) + qq**2*(-2328749696*rho**3*z2**2 + 2149615104*rho**2*z*z
--- eq 8 : -498608947200*ee + qq**3*(68449036271616*z**2*z2 - 68449036271616*z*z2**2) + qq**2*(-8556129533952*rho*z*z2 - 8556129533952*sig*z*z2 + 4387758735360*z**2 - 8775517470720*z*z2 + 4387758735360*z2**2) + qq*(-1096939683840*rho*z + 1096939683840*rho*z2 - 1096939683840*sig*z + 1096939683840*sig*z2 + 4387758735360*z - 4387758735360*z2) + 178252698624*rho**3 - 2139032383488*rho**2 + 6138188504448*rho + 178252698624*sig**3 - 2139032383488*sig**2 + 6138188504448*sig - 2852043177984*z - 2852043177984*z2 - 1002113220749
written (1s)
t9_4_7-8_6-7: vdim 4; I_3: ee**2 - 4327300137331*ee/249304473600 + 15050405135820734091893161/248610882227892387840000 ; I_5: ff**2 - 320619109095017587*ff/9069098418831360 - 605827050488063481613086127082923/65798836904359579237014495559680 ; q3 = r11 + s11: gg   (0s)
