point A: conditions generated (1s)
point B: conditions generated (1s)
14 equations in 14 unknowns (+ q); total degrees [8, 6, 10, 6, 13, 12, 15, 8, 6, 10, 6, 13, 12, 15]  (2s)
written h_two_v2_t9_4_8-7_4-9.sing; vacuum monic I_1 = 70969/39690  (2s)
linear eliminations done (1s)
eq  4 -> degree 9, 16 terms  (1s)
eq  5 -> degree 2, 3 terms  (1s)
eq  6 -> degree 18, 71 terms  (1s)
eq 11 -> degree 9, 16 terms  (1s)
eq 12 -> degree 2, 3 terms  (2s)
eq 13 -> degree 18, 71 terms  (2s)
e-relation: degree 12
written h_red_t9_4_8-7_4-9.sing / .ms  (2s)
r11 = 5*rho/13 - 310/169 ; s11 = 5*sig/13 - 310/169
eq 0 -> degree 6, 14 terms
eq 2 -> degree 10, 59 terms
eq 3 -> degree 6, 14 terms
eq 5 -> degree 10, 59 terms
eq 8 -> degree 6, 23 terms
--- eq 0 : qq**3*(1116146304*z**2*z2 - 1116146304*z*z2**2) + qq**2*(-279036576*rho*z*z2 - 139518288*sig*z*z2 + 107321760*z**2 + 772716672*z*z2) + qq*(-53660880*rho*z - 53660880*sig*z + 404520480*z) + 8719893*rho**3 - 124761546*rho**2 + 491980528*rho - 139518288*z - 454521008
--- eq 2 : qq**5*(15090298030080*z**4*z2 - 30180596060160*z**3*z2**2 + 12072238424064*z**2*z2**3) + qq**4*(-2640802155264*rho*z**3*z2 + 2263544704512*rho*z**2*z2**2 - 1886287253760*sig*z**3*z2 + 1131772352256*sig*z**2*z2**2 + 580396078080*z**4 - 5107485487104*z**3*z2 + 7661228230656*z**2*z2**2 - 696475293696*z*z2**3) + qq**3*(377257450752*rho**2*z**2*z2 - 188628725376*rho**2*z*z2**2 + 188628725376*rho*sig*z**2*z2 - 145099019520*rho*z**3 - 1102752548352*rho*z**2*z2 + 1044712940544*rho*z*z2**2 + 188628725376*sig**2*z**2*z2 - 145099019520*sig*z**3 - 1015693136640*sig*z**2*z2 - 87059411712*sig*z*z2**2 + 446458521600*z**3 + 2293748427776*z**2*z2 - 1616179848192*z*z2**2) + qq**2*(-47157181344*rho**3*z*z2 - 2
--- eq 3 : qq**3*(1116146304*z**2*z2 - 1116146304*z*z2**2) + qq**2*(-139518288*rho*z*z2 - 279036576*sig*z*z2 + 772716672*z*z2 + 107321760*z2**2) + qq*(53660880*rho*z2 + 53660880*sig*z2 - 404520480*z2) + 8719893*sig**3 - 124761546*sig**2 + 491980528*sig - 139518288*z2 - 454521008
--- eq 5 : qq**5*(12072238424064*z**3*z2**2 - 30180596060160*z**2*z2**3 + 15090298030080*z*z2**4) + qq**4*(-1131772352256*rho*z**2*z2**2 + 1886287253760*rho*z*z2**3 - 2263544704512*sig*z**2*z2**2 + 2640802155264*sig*z*z2**3 + 696475293696*z**3*z2 - 7661228230656*z**2*z2**2 + 5107485487104*z*z2**3 - 580396078080*z2**4) + qq**3*(188628725376*rho**2*z*z2**2 + 188628725376*rho*sig*z*z2**2 - 87059411712*rho*z**2*z2 - 1015693136640*rho*z*z2**2 - 145099019520*rho*z2**3 - 188628725376*sig**2*z**2*z2 + 377257450752*sig**2*z*z2**2 + 1044712940544*sig*z**2*z2 - 1102752548352*sig*z*z2**2 - 145099019520*sig*z2**3 - 1616179848192*z**2*z2 + 2293748427776*z*z2**2 + 446458521600*z2**3) + qq**2*(-23578590672*rho**3*z2**
--- eq 8 : -1064900163600*ee + qq**3*(146189494459008*z**2*z2 - 146189494459008*z*z2**2) + qq**2*(-18273686807376*rho*z*z2 - 18273686807376*sig*z*z2 + 9371121439680*z**2 - 18742242879360*z*z2 + 9371121439680*z2**2) + qq*(-2342780359920*rho*z + 2342780359920*rho*z2 - 2342780359920*sig*z + 2342780359920*sig*z2 + 9371121439680*z - 9371121439680*z2) + 380701808487*rho**3 - 4568421701844*rho**2 + 13099432738392*rho + 380701808487*sig**3 - 4568421701844*sig**2 + 13099432738392*sig - 6091228935792*z - 6091228935792*z2 - 185138105564
written (1s)
t9_4_8-7_4-9: vdim 4; I_3: ee**2 - 556716798413*ee/26622504090 - 319332414343009763183/113401235843530676496 ; I_5: ff**2 - 13481250012227828921*ff/153213842163154500 - 48331543731588957654854650806179975759/93897925721584078383189563481000000 ; q3 = r11 + s11: gg   (0s)
