point A: conditions generated (1s)
point B: conditions generated (1s)
14 equations in 14 unknowns (+ q); total degrees [8, 6, 10, 6, 13, 12, 15, 8, 6, 10, 6, 13, 12, 15]  (2s)
written h_two_v2_t2_11-8_4-7.sing; vacuum monic I_1 = 59441/18816  (2s)
linear eliminations done (1s)
eq  4 -> degree 9, 16 terms  (1s)
eq  5 -> degree 2, 3 terms  (1s)
eq  6 -> degree 18, 70 terms  (1s)
eq 11 -> degree 9, 16 terms  (1s)
eq 12 -> degree 2, 3 terms  (1s)
eq 13 -> degree 18, 70 terms  (2s)
e-relation: degree 12
written h_red_t2_11-8_4-7.sing / .ms  (2s)
r11 = rho/3 - 14/9 ; s11 = sig/3 - 14/9
eq 0 -> degree 6, 14 terms
eq 2 -> degree 10, 59 terms
eq 3 -> degree 6, 14 terms
eq 5 -> degree 10, 59 terms
eq 8 -> degree 6, 23 terms
--- eq 0 : qq**3*(1354752*z**2*z2 - 1354752*z*z2**2) + qq**2*(-338688*rho*z*z2 - 169344*sig*z*z2 + 112896*z**2 + 903168*z*z2) + qq*(-56448*rho*z - 56448*sig*z + 413952*z) + 10584*rho**3 - 148176*rho**2 + 508461*rho - 169344*z - 221522
--- eq 2 : qq**5*(325140480*z**4*z2 - 650280960*z**3*z2**2 + 260112384*z**2*z2**3) + qq**4*(-56899584*rho*z**3*z2 + 48771072*rho*z**2*z2**2 - 40642560*sig*z**3*z2 + 24385536*sig*z**2*z2**2 + 10838016*z**4 - 130056192*z**3*z2 + 195084288*z**2*z2**2 - 21676032*z*z2**3) + qq**3*(8128512*rho**2*z**2*z2 - 4064256*rho**2*z*z2**2 + 4064256*rho*sig*z**2*z2 - 2709504*rho*z**3 - 21676032*rho*z**2*z2 + 21676032*rho*z*z2**2 + 4064256*sig**2*z**2*z2 - 2709504*sig*z**3 - 18966528*sig*z**2*z2 - 2709504*sig*z*z2**2 + 7225344*z**3 + 32678784*z**2*z2 - 39739392*z*z2**2) + qq**2*(-1016064*rho**3*z*z2 - 508032*rho**2*sig*z*z2 + 677376*rho**2*z**2 + 8805888*rho**2*z*z2 + 677376*rho*sig*z**2 + 2709504*rho*sig*z*z2 - 5419008
--- eq 3 : qq**3*(1354752*z**2*z2 - 1354752*z*z2**2) + qq**2*(-169344*rho*z*z2 - 338688*sig*z*z2 + 903168*z*z2 + 112896*z2**2) + qq*(56448*rho*z2 + 56448*sig*z2 - 413952*z2) + 10584*sig**3 - 148176*sig**2 + 508461*sig - 169344*z2 - 221522
--- eq 5 : qq**5*(260112384*z**3*z2**2 - 650280960*z**2*z2**3 + 325140480*z*z2**4) + qq**4*(-24385536*rho*z**2*z2**2 + 40642560*rho*z*z2**3 - 48771072*sig*z**2*z2**2 + 56899584*sig*z*z2**3 + 21676032*z**3*z2 - 195084288*z**2*z2**2 + 130056192*z*z2**3 - 10838016*z2**4) + qq**3*(4064256*rho**2*z*z2**2 + 4064256*rho*sig*z*z2**2 - 2709504*rho*z**2*z2 - 18966528*rho*z*z2**2 - 2709504*rho*z2**3 - 4064256*sig**2*z**2*z2 + 8128512*sig**2*z*z2**2 + 21676032*sig*z**2*z2 - 21676032*sig*z*z2**2 - 2709504*sig*z2**3 - 39739392*z**2*z2 + 32678784*z*z2**2 + 7225344*z2**3) + qq**2*(-508032*rho**3*z2**2 + 677376*rho**2*z*z2 + 6096384*rho**2*z2**2 + 508032*rho*sig**2*z*z2 - 2709504*rho*sig*z*z2 - 677376*rho*sig*z2**2 - 9
--- eq 8 : -354041856*ee + qq**3*(76473040896*z**2*z2 - 76473040896*z*z2**2) + qq**2*(-9559130112*rho*z*z2 - 9559130112*sig*z*z2 + 4248502272*z**2 - 8497004544*z*z2 + 4248502272*z2**2) + qq*(-1062125568*rho*z + 1062125568*rho*z2 - 1062125568*sig*z + 1062125568*sig*z2 + 4248502272*z - 4248502272*z2) + 199148544*rho**3 - 2389782528*rho**2 + 5849762688*rho + 199148544*sig**3 - 2389782528*sig**2 + 5849762688*sig - 3186376704*z - 3186376704*z2 + 7166225761
written (1s)
t2_11-8_4-7: vdim 4; I_3: ee**2 - 6039900001*ee/177020928 - 10149074188514655551/125345635799924736 ; I_5: ff**2 - 665196233112209*ff/3330825781248 - 314031676189388340562634865119/44377601540105398193750016 ; q3 = r11 + s11: gg   (0s)
