point A: conditions generated (1s)
point B: conditions generated (1s)
14 equations in 14 unknowns (+ q); total degrees [8, 6, 10, 6, 13, 12, 15, 8, 6, 10, 6, 13, 12, 15]  (2s)
written h_two_v2_t2_3-4_6-7.sing; vacuum monic I_1 = 8369/4704  (2s)
linear eliminations done (1s)
eq  4 -> degree 9, 16 terms  (1s)
eq  5 -> degree 2, 3 terms  (1s)
eq  6 -> degree 18, 70 terms  (2s)
eq 11 -> degree 9, 16 terms  (2s)
eq 12 -> degree 2, 3 terms  (2s)
eq 13 -> degree 18, 70 terms  (2s)
e-relation: degree 12
written h_red_t2_3-4_6-7.sing / .ms  (2s)
r11 = rho/3 - 14/9 ; s11 = sig/3 - 14/9
eq 0 -> degree 6, 14 terms
eq 2 -> degree 10, 59 terms
eq 3 -> degree 6, 14 terms
eq 5 -> degree 10, 59 terms
eq 8 -> degree 6, 23 terms
--- eq 0 : qq**3*(338688*z**2*z2 - 338688*z*z2**2) + qq**2*(-84672*rho*z*z2 - 42336*sig*z*z2 + 28224*z**2 + 225792*z*z2) + qq*(-14112*rho*z - 14112*sig*z + 103488*z) + 2646*rho**3 - 37044*rho**2 + 146589*rho - 42336*z - 146258
--- eq 2 : qq**5*(81285120*z**4*z2 - 162570240*z**3*z2**2 + 65028096*z**2*z2**3) + qq**4*(-14224896*rho*z**3*z2 + 12192768*rho*z**2*z2**2 - 10160640*sig*z**3*z2 + 6096384*sig*z**2*z2**2 + 2709504*z**4 - 32514048*z**3*z2 + 48771072*z**2*z2**2 - 5419008*z*z2**3) + qq**3*(2032128*rho**2*z**2*z2 - 1016064*rho**2*z*z2**2 + 1016064*rho*sig*z**2*z2 - 677376*rho*z**3 - 5419008*rho*z**2*z2 + 5419008*rho*z*z2**2 + 1016064*sig**2*z**2*z2 - 677376*sig*z**3 - 4741632*sig*z**2*z2 - 677376*sig*z*z2**2 + 1806336*z**3 + 15647616*z**2*z2 - 9934848*z*z2**2) + qq**2*(-254016*rho**3*z*z2 - 127008*rho**2*sig*z*z2 + 169344*rho**2*z**2 + 2201472*rho**2*z*z2 + 169344*rho*sig*z**2 + 677376*rho*sig*z*z2 - 1354752*rho*z**2 - 6096
--- eq 3 : qq**3*(338688*z**2*z2 - 338688*z*z2**2) + qq**2*(-42336*rho*z*z2 - 84672*sig*z*z2 + 225792*z*z2 + 28224*z2**2) + qq*(14112*rho*z2 + 14112*sig*z2 - 103488*z2) + 2646*sig**3 - 37044*sig**2 + 146589*sig - 42336*z2 - 146258
--- eq 5 : qq**5*(65028096*z**3*z2**2 - 162570240*z**2*z2**3 + 81285120*z*z2**4) + qq**4*(-6096384*rho*z**2*z2**2 + 10160640*rho*z*z2**3 - 12192768*sig*z**2*z2**2 + 14224896*sig*z*z2**3 + 5419008*z**3*z2 - 48771072*z**2*z2**2 + 32514048*z*z2**3 - 2709504*z2**4) + qq**3*(1016064*rho**2*z*z2**2 + 1016064*rho*sig*z*z2**2 - 677376*rho*z**2*z2 - 4741632*rho*z*z2**2 - 677376*rho*z2**3 - 1016064*sig**2*z**2*z2 + 2032128*sig**2*z*z2**2 + 5419008*sig*z**2*z2 - 5419008*sig*z*z2**2 - 677376*sig*z2**3 - 9934848*z**2*z2 + 15647616*z*z2**2 + 1806336*z2**3) + qq**2*(-127008*rho**3*z2**2 + 169344*rho**2*z*z2 + 1524096*rho**2*z2**2 + 127008*rho*sig**2*z*z2 - 677376*rho*sig*z*z2 - 169344*rho*sig*z2**2 - 225792*rho*z*z2 
--- eq 8 : -22127616*ee + qq**3*(4779565056*z**2*z2 - 4779565056*z*z2**2) + qq**2*(-597445632*rho*z*z2 - 597445632*sig*z*z2 + 265531392*z**2 - 531062784*z*z2 + 265531392*z2**2) + qq*(-66382848*rho*z + 66382848*rho*z2 - 66382848*sig*z + 66382848*sig*z2 + 265531392*z - 265531392*z2) + 12446784*rho**3 - 149361408*rho**2 + 457214688*rho + 12446784*sig**3 - 149361408*sig**2 + 457214688*sig - 199148544*z - 199148544*z2 - 395091359
written (1s)
t2_3-4_6-7: vdim 4; I_3: ee**2 - 145210081*ee/11063808 + 9311565047183809/489631389843456 ; I_5: ff**2 - 1100070934481*ff/52044152832 - 2576644688828431546009439/10834375376002294480896 ; q3 = r11 + s11: gg   (0s)
