point A: conditions generated (0s)
point B: conditions generated (1s)
14 equations in 14 unknowns (+ q); total degrees [8, 6, 10, 6, 13, 12, 15, 8, 6, 10, 6, 13, 12, 15]  (2s)
written h_two_v2_t9_4_8-13_1-3.sing; vacuum monic I_1 = 55/117  (2s)
linear eliminations done (1s)
eq  4 -> degree 9, 16 terms  (1s)
eq  5 -> degree 2, 3 terms  (1s)
eq  6 -> degree 18, 71 terms  (1s)
eq 11 -> degree 9, 16 terms  (1s)
eq 12 -> degree 2, 3 terms  (1s)
eq 13 -> degree 18, 71 terms  (2s)
e-relation: degree 12
written h_red_t9_4_8-13_1-3.sing / .ms  (2s)
r11 = 5*rho/13 - 310/169 ; s11 = 5*sig/13 - 310/169
eq 0 -> degree 6, 14 terms
eq 2 -> degree 10, 59 terms
eq 3 -> degree 6, 14 terms
eq 5 -> degree 10, 59 terms
eq 8 -> degree 6, 23 terms
--- eq 0 : qq**3*(2530944*z**2*z2 - 2530944*z*z2**2) + qq**2*(-632736*rho*z*z2 - 316368*sig*z*z2 + 243360*z**2 + 1752192*z*z2) + qq*(-121680*rho*z - 121680*sig*z + 917280*z) + 19773*rho**3 - 282906*rho**2 + 1275976*rho - 316368*z - 1795520
--- eq 2 : qq**5*(2632181760*z**4*z2 - 5264363520*z**3*z2**2 + 2105745408*z**2*z2**3) + qq**4*(-460631808*rho*z**3*z2 + 394827264*rho*z**2*z2**2 - 329022720*sig*z**3*z2 + 197413632*sig*z**2*z2**2 + 101237760*z**4 - 890892288*z**3*z2 + 1336338432*z**2*z2**2 - 121485312*z*z2**3) + qq**3*(65804544*rho**2*z**2*z2 - 32902272*rho**2*z*z2**2 + 32902272*rho*sig*z**2*z2 - 25309440*rho*z**3 - 192351744*rho*z**2*z2 + 182227968*rho*z*z2**2 + 32902272*sig**2*z**2*z2 - 25309440*sig*z**3 - 177166080*sig*z**2*z2 - 15185664*sig*z*z2**2 + 77875200*z**3 + 666957824*z**2*z2 - 281908224*z*z2**2) + qq**2*(-8225568*rho**3*z*z2 - 4112784*rho**2*sig*z*z2 + 6327360*rho**2*z**2 + 72131904*rho**2*z*z2 + 6327360*rho*sig*z**2 + 227
--- eq 3 : qq**3*(2530944*z**2*z2 - 2530944*z*z2**2) + qq**2*(-316368*rho*z*z2 - 632736*sig*z*z2 + 1752192*z*z2 + 243360*z2**2) + qq*(121680*rho*z2 + 121680*sig*z2 - 917280*z2) + 19773*sig**3 - 282906*sig**2 + 1275976*sig - 316368*z2 - 1795520
--- eq 5 : qq**5*(2105745408*z**3*z2**2 - 5264363520*z**2*z2**3 + 2632181760*z*z2**4) + qq**4*(-197413632*rho*z**2*z2**2 + 329022720*rho*z*z2**3 - 394827264*sig*z**2*z2**2 + 460631808*sig*z*z2**3 + 121485312*z**3*z2 - 1336338432*z**2*z2**2 + 890892288*z*z2**3 - 101237760*z2**4) + qq**3*(32902272*rho**2*z*z2**2 + 32902272*rho*sig*z*z2**2 - 15185664*rho*z**2*z2 - 177166080*rho*z*z2**2 - 25309440*rho*z2**3 - 32902272*sig**2*z**2*z2 + 65804544*sig**2*z*z2**2 + 182227968*sig*z**2*z2 - 192351744*sig*z*z2**2 - 25309440*sig*z2**3 - 281908224*z**2*z2 + 666957824*z*z2**2 + 77875200*z2**3) + qq**2*(-4112784*rho**3*z2**2 + 3796416*rho**2*z*z2 + 49353408*rho**2*z2**2 + 4112784*rho*sig**2*z*z2 - 22778496*rho*sig*z*z
--- eq 8 : -5475600*ee + qq**3*(751690368*z**2*z2 - 751690368*z*z2**2) + qq**2*(-93961296*rho*z*z2 - 93961296*sig*z*z2 + 48185280*z**2 - 96370560*z*z2 + 48185280*z2**2) + qq*(-12046320*rho*z + 12046320*rho*z2 - 12046320*sig*z + 12046320*sig*z2 + 48185280*z - 48185280*z2) + 1957527*rho**3 - 23490324*rho**2 + 83232864*rho + 1957527*sig**3 - 23490324*sig**2 + 83232864*sig - 31320432*z - 31320432*z2 - 141573152
written (1s)
t9_4_8-13_1-3: vdim 2; I_3: ee - 219538/342225 ; I_5: ff - 52022788/40040325 ; q3 = r11 + s11: gg   (0s)
