point A: conditions generated (1s)
point B: conditions generated (1s)
14 equations in 14 unknowns (+ q); total degrees [8, 6, 10, 6, 13, 12, 15, 8, 6, 10, 6, 13, 12, 15]  (2s)
written h_two_v2_t2_1-3_9-7.sing; vacuum monic I_1 = 243/98  (2s)
linear eliminations done (1s)
eq  4 -> degree 9, 16 terms  (1s)
eq  5 -> degree 2, 3 terms  (1s)
eq  6 -> degree 18, 70 terms  (1s)
eq 11 -> degree 9, 16 terms  (1s)
eq 12 -> degree 2, 3 terms  (1s)
eq 13 -> degree 18, 70 terms  (2s)
e-relation: degree 12
written h_red_t2_1-3_9-7.sing / .ms  (2s)
r11 = rho/3 - 14/9 ; s11 = sig/3 - 14/9
eq 0 -> degree 6, 14 terms
eq 2 -> degree 10, 59 terms
eq 3 -> degree 6, 14 terms
eq 5 -> degree 10, 59 terms
eq 8 -> degree 6, 23 terms
--- eq 0 : qq**3*(56448*z**2*z2 - 56448*z*z2**2) + qq**2*(-14112*rho*z*z2 - 7056*sig*z*z2 + 4704*z**2 + 37632*z*z2) + qq*(-2352*rho*z - 2352*sig*z + 17248*z) + 441*rho**3 - 6174*rho**2 + 22784*rho - 7056*z - 16688
--- eq 2 : qq**5*(13547520*z**4*z2 - 27095040*z**3*z2**2 + 10838016*z**2*z2**3) + qq**4*(-2370816*rho*z**3*z2 + 2032128*rho*z**2*z2**2 - 1693440*sig*z**3*z2 + 1016064*sig*z**2*z2**2 + 451584*z**4 - 5419008*z**3*z2 + 8128512*z**2*z2**2 - 903168*z*z2**3) + qq**3*(338688*rho**2*z**2*z2 - 169344*rho**2*z*z2**2 + 169344*rho*sig*z**2*z2 - 112896*rho*z**3 - 903168*rho*z**2*z2 + 903168*rho*z*z2**2 + 169344*sig**2*z**2*z2 - 112896*sig*z**3 - 790272*sig*z**2*z2 - 112896*sig*z*z2**2 + 301056*z**3 + 1975296*z**2*z2 - 1655808*z*z2**2) + qq**2*(-42336*rho**3*z*z2 - 21168*rho**2*sig*z*z2 + 28224*rho**2*z**2 + 366912*rho**2*z*z2 + 28224*rho*sig*z**2 + 112896*rho*sig*z*z2 - 225792*rho*z**2 - 1016064*rho*z*z2 + 21168*si
--- eq 3 : qq**3*(56448*z**2*z2 - 56448*z*z2**2) + qq**2*(-7056*rho*z*z2 - 14112*sig*z*z2 + 37632*z*z2 + 4704*z2**2) + qq*(2352*rho*z2 + 2352*sig*z2 - 17248*z2) + 441*sig**3 - 6174*sig**2 + 22784*sig - 7056*z2 - 16688
--- eq 5 : qq**5*(10838016*z**3*z2**2 - 27095040*z**2*z2**3 + 13547520*z*z2**4) + qq**4*(-1016064*rho*z**2*z2**2 + 1693440*rho*z*z2**3 - 2032128*sig*z**2*z2**2 + 2370816*sig*z*z2**3 + 903168*z**3*z2 - 8128512*z**2*z2**2 + 5419008*z*z2**3 - 451584*z2**4) + qq**3*(169344*rho**2*z*z2**2 + 169344*rho*sig*z*z2**2 - 112896*rho*z**2*z2 - 790272*rho*z*z2**2 - 112896*rho*z2**3 - 169344*sig**2*z**2*z2 + 338688*sig**2*z*z2**2 + 903168*sig*z**2*z2 - 903168*sig*z*z2**2 - 112896*sig*z2**3 - 1655808*z**2*z2 + 1975296*z*z2**2 + 301056*z2**3) + qq**2*(-21168*rho**3*z2**2 + 28224*rho**2*z*z2 + 254016*rho**2*z2**2 + 21168*rho*sig**2*z*z2 - 112896*rho*sig*z*z2 - 28224*rho*sig*z2**2 - 37632*rho*z*z2 - 698496*rho*z2**2 + 42
--- eq 8 : -38416*ee + qq**3*(8297856*z**2*z2 - 8297856*z*z2**2) + qq**2*(-1037232*rho*z*z2 - 1037232*sig*z*z2 + 460992*z**2 - 921984*z*z2 + 460992*z2**2) + qq*(-115248*rho*z + 115248*rho*z2 - 115248*sig*z + 115248*sig*z2 + 460992*z - 460992*z2) + 21609*rho**3 - 259308*rho**2 + 713048*rho + 21609*sig**3 - 259308*sig**2 + 713048*sig - 345744*z - 345744*z2 + 153876
written (1s)
t2_1-3_9-7: vdim 4; I_3: ee**2 - 138429*ee/4802 - 9813525111/92236816 ; I_5: ff**2 - 87409643*ff/470596 - 216235203271751/885842380864 ; q3 = r11 + s11: gg   (0s)
