point A: conditions generated (1s)
point B: conditions generated (1s)
14 equations in 14 unknowns (+ q); total degrees [8, 6, 10, 6, 13, 12, 15, 8, 6, 10, 6, 13, 12, 15]  (2s)
written h_two_v2_t9_4_9-8_5-6.sing; vacuum monic I_1 = 13717/5760  (2s)
linear eliminations done (1s)
eq  4 -> degree 9, 16 terms  (1s)
eq  5 -> degree 2, 3 terms  (1s)
eq  6 -> degree 18, 71 terms  (1s)
eq 11 -> degree 9, 16 terms  (1s)
eq 12 -> degree 2, 3 terms  (2s)
eq 13 -> degree 18, 71 terms  (2s)
e-relation: degree 12
written h_red_t9_4_9-8_5-6.sing / .ms  (2s)
r11 = 5*rho/13 - 310/169 ; s11 = 5*sig/13 - 310/169
eq 0 -> degree 6, 14 terms
eq 2 -> degree 10, 59 terms
eq 3 -> degree 6, 14 terms
eq 5 -> degree 10, 59 terms
eq 8 -> degree 6, 23 terms
--- eq 0 : qq**3*(20247552*z**2*z2 - 20247552*z*z2**2) + qq**2*(-5061888*rho*z*z2 - 2530944*sig*z*z2 + 1946880*z**2 + 14017536*z*z2) + qq*(-973440*rho*z - 973440*sig*z + 7338240*z) + 158184*rho**3 - 2263248*rho**2 + 8347235*rho - 2530944*z - 5490658
--- eq 2 : qq**5*(273746903040*z**4*z2 - 547493806080*z**3*z2**2 + 218997522432*z**2*z2**3) + qq**4*(-47905708032*rho*z**3*z2 + 41062035456*rho*z**2*z2**2 - 34218362880*sig*z**3*z2 + 20531017728*sig*z**2*z2**2 + 10528727040*z**4 - 92652797952*z**3*z2 + 138979196928*z**2*z2**2 - 12634472448*z*z2**3) + qq**3*(6843672576*rho**2*z**2*z2 - 3421836288*rho**2*z*z2**2 + 3421836288*rho*sig*z**2*z2 - 2632181760*rho*z**3 - 20004581376*rho*z**2*z2 + 18951708672*rho*z*z2**2 + 3421836288*sig**2*z**2*z2 - 2632181760*sig*z**3 - 18425272320*sig*z**2*z2 - 1579309056*sig*z*z2**2 + 8099020800*z**3 + 29115698560*z**2*z2 - 29318455296*z*z2**2) + qq**2*(-855459072*rho**3*z*z2 - 427729536*rho**2*sig*z*z2 + 658045440*rho**2*z*
--- eq 3 : qq**3*(20247552*z**2*z2 - 20247552*z*z2**2) + qq**2*(-2530944*rho*z*z2 - 5061888*sig*z*z2 + 14017536*z*z2 + 1946880*z2**2) + qq*(973440*rho*z2 + 973440*sig*z2 - 7338240*z2) + 158184*sig**3 - 2263248*sig**2 + 8347235*sig - 2530944*z2 - 5490658
--- eq 5 : qq**5*(218997522432*z**3*z2**2 - 547493806080*z**2*z2**3 + 273746903040*z*z2**4) + qq**4*(-20531017728*rho*z**2*z2**2 + 34218362880*rho*z*z2**3 - 41062035456*sig*z**2*z2**2 + 47905708032*sig*z*z2**3 + 12634472448*z**3*z2 - 138979196928*z**2*z2**2 + 92652797952*z*z2**3 - 10528727040*z2**4) + qq**3*(3421836288*rho**2*z*z2**2 + 3421836288*rho*sig*z*z2**2 - 1579309056*rho*z**2*z2 - 18425272320*rho*z*z2**2 - 2632181760*rho*z2**3 - 3421836288*sig**2*z**2*z2 + 6843672576*sig**2*z*z2**2 + 18951708672*sig*z**2*z2 - 20004581376*sig*z*z2**2 - 2632181760*sig*z2**3 - 29318455296*z**2*z2 + 29115698560*z*z2**2 + 8099020800*z2**3) + qq**2*(-427729536*rho**3*z2**2 + 394827264*rho**2*z*z2 + 5132754432*rho**2*
--- eq 8 : -5607014400*ee + qq**3*(769730936832*z**2*z2 - 769730936832*z*z2**2) + qq**2*(-96216367104*rho*z*z2 - 96216367104*sig*z*z2 + 49341726720*z**2 - 98683453440*z*z2 + 49341726720*z2**2) + qq*(-12335431680*rho*z + 12335431680*rho*z2 - 12335431680*sig*z + 12335431680*sig*z2 + 49341726720*z - 49341726720*z2) + 2004507648*rho**3 - 24054091776*rho**2 + 61653271680*rho + 2004507648*sig**3 - 24054091776*sig**2 + 61653271680*sig - 32072122368*z - 32072122368*z2 + 53412439393
written (1s)
t9_4_9-8_5-6: vdim 4; I_3: ee**2 - 13553473709*ee/560701440 + 22491087528600795797/251508883854458880 ; I_5: ff**2 - 30728641576453313*ff/468297842688000 - 847358052412448008216953656764031/877211477864939180261376000000 ; q3 = r11 + s11: gg   (0s)
