point A: conditions generated (0s)
point B: conditions generated (1s)
14 equations in 14 unknowns (+ q); total degrees [8, 6, 10, 6, 13, 12, 15, 8, 6, 10, 6, 13, 12, 15]  (2s)
written h_two_v2_t9_4_3-7_5-6.sing; vacuum monic I_1 = 17197/17640  (2s)
linear eliminations done (1s)
eq  4 -> degree 9, 16 terms  (1s)
eq  5 -> degree 2, 3 terms  (1s)
eq  6 -> degree 18, 71 terms  (1s)
eq 11 -> degree 9, 16 terms  (2s)
eq 12 -> degree 2, 3 terms  (2s)
eq 13 -> degree 18, 71 terms  (2s)
e-relation: degree 12
written h_red_t9_4_3-7_5-6.sing / .ms  (2s)
r11 = 5*rho/13 - 310/169 ; s11 = 5*sig/13 - 310/169
eq 0 -> degree 6, 14 terms
eq 2 -> degree 10, 59 terms
eq 3 -> degree 6, 14 terms
eq 5 -> degree 10, 59 terms
eq 8 -> degree 6, 23 terms
--- eq 0 : qq**3*(124016256*z**2*z2 - 124016256*z*z2**2) + qq**2*(-31004064*rho*z*z2 - 15502032*sig*z*z2 + 11924640*z**2 + 85857408*z*z2) + qq*(-5962320*rho*z - 5962320*sig*z + 44946720*z) + 968877*rho**3 - 13862394*rho**2 + 59513038*rho - 15502032*z - 73626116
--- eq 2 : qq**5*(1676699781120*z**4*z2 - 3353399562240*z**3*z2**2 + 1341359824896*z**2*z2**3) + qq**4*(-293422461696*rho*z**3*z2 + 251504967168*rho*z**2*z2**2 - 209587472640*sig*z**3*z2 + 125752483584*sig*z**2*z2**2 + 64488453120*z**4 - 567498387456*z**3*z2 + 851247581184*z**2*z2**2 - 77386143744*z*z2**3) + qq**3*(41917494528*rho**2*z**2*z2 - 20958747264*rho**2*z*z2**2 + 20958747264*rho*sig*z**2*z2 - 16122113280*rho*z**3 - 122528060928*rho*z**2*z2 + 116079215616*rho*z*z2**2 + 20958747264*sig**2*z**2*z2 - 16122113280*sig*z**3 - 112854792960*sig*z**2*z2 - 9673267968*sig*z*z2**2 + 49606502400*z**3 + 359744443136*z**2*z2 - 179575538688*z*z2**2) + qq**2*(-5239686816*rho**3*z*z2 - 2619843408*rho**2*sig*z*z2
--- eq 3 : qq**3*(124016256*z**2*z2 - 124016256*z*z2**2) + qq**2*(-15502032*rho*z*z2 - 31004064*sig*z*z2 + 85857408*z*z2 + 11924640*z2**2) + qq*(5962320*rho*z2 + 5962320*sig*z2 - 44946720*z2) + 968877*sig**3 - 13862394*sig**2 + 59513038*sig - 15502032*z2 - 73626116
--- eq 5 : qq**5*(1341359824896*z**3*z2**2 - 3353399562240*z**2*z2**3 + 1676699781120*z*z2**4) + qq**4*(-125752483584*rho*z**2*z2**2 + 209587472640*rho*z*z2**3 - 251504967168*sig*z**2*z2**2 + 293422461696*sig*z*z2**3 + 77386143744*z**3*z2 - 851247581184*z**2*z2**2 + 567498387456*z*z2**3 - 64488453120*z2**4) + qq**3*(20958747264*rho**2*z*z2**2 + 20958747264*rho*sig*z*z2**2 - 9673267968*rho*z**2*z2 - 112854792960*rho*z*z2**2 - 16122113280*rho*z2**3 - 20958747264*sig**2*z**2*z2 + 41917494528*sig**2*z*z2**2 + 116079215616*sig*z**2*z2 - 122528060928*sig*z*z2**2 - 16122113280*sig*z2**3 - 179575538688*z**2*z2 + 359744443136*z*z2**2 + 49606502400*z2**3) + qq**2*(-2619843408*rho**3*z2**2 + 2418316992*rho**2*z*z
--- eq 8 : -52587662400*ee + qq**3*(7219234294272*z**2*z2 - 7219234294272*z*z2**2) + qq**2*(-902404286784*rho*z*z2 - 902404286784*sig*z*z2 + 462771429120*z**2 - 925542858240*z*z2 + 462771429120*z2**2) + qq*(-115692857280*rho*z + 115692857280*rho*z2 - 115692857280*sig*z + 115692857280*sig*z2 + 462771429120*z - 462771429120*z2) + 18800089308*rho**3 - 225601071696*rho**2 + 740966538312*rho + 18800089308*sig**3 - 225601071696*sig**2 + 740966538312*sig - 300801428928*z - 300801428928*z2 - 864830460623
written (1s)
t9_4_3-7_5-6: vdim 4; I_3: ee**2 - 55149474077*ee/5258766240 + 574951148898247040329/110618489467854950400 ; I_5: ff**2 - 364258906523587193*ff/13450872288672000 + 1451936795447195849359394337619249/723703861304657309198094336000000 ; q3 = r11 + s11: gg   (0s)
