point A: conditions generated (1s)
point B: conditions generated (1s)
14 equations in 14 unknowns (+ q); total degrees [8, 6, 10, 6, 13, 12, 15, 8, 6, 10, 6, 13, 12, 15]  (2s)
written h_two_v2_t9_4_8-9_10-9.sing; vacuum monic I_1 = 1997/810  (2s)
linear eliminations done (1s)
eq  4 -> degree 9, 16 terms  (1s)
eq  5 -> degree 2, 3 terms  (1s)
eq  6 -> degree 18, 71 terms  (1s)
eq 11 -> degree 9, 16 terms  (1s)
eq 12 -> degree 2, 3 terms  (1s)
eq 13 -> degree 18, 71 terms  (2s)
e-relation: degree 12
written h_red_t9_4_8-9_10-9.sing / .ms  (2s)
r11 = 5*rho/13 - 310/169 ; s11 = 5*sig/13 - 310/169
eq 0 -> degree 6, 14 terms
eq 2 -> degree 10, 59 terms
eq 3 -> degree 6, 14 terms
eq 5 -> degree 10, 59 terms
eq 8 -> degree 6, 23 terms
--- eq 0 : qq**3*(22778496*z**2*z2 - 22778496*z*z2**2) + qq**2*(-5694624*rho*z*z2 - 2847312*sig*z*z2 + 2190240*z**2 + 15769728*z*z2) + qq*(-1095120*rho*z - 1095120*sig*z + 8255520*z) + 177957*rho**3 - 2546154*rho**2 + 9298640*rho - 2847312*z - 5738224
--- eq 2 : qq**5*(24945186539520*z**4*z2 - 49890373079040*z**3*z2**2 + 19956149231616*z**2*z2**3) + qq**4*(-4365407644416*rho*z**3*z2 + 3741777980928*rho*z**2*z2**2 - 3118148317440*sig*z**3*z2 + 1870888990464*sig*z**2*z2**2 + 959430251520*z**4 - 8442986213376*z**3*z2 + 12664479320064*z**2*z2**2 - 1151316301824*z*z2**3) + qq**3*(623629663488*rho**2*z**2*z2 - 311814831744*rho**2*z*z2**2 + 311814831744*rho*sig*z**2*z2 - 239857562880*rho*z**3 - 1822917477888*rho*z**2*z2 + 1726974452736*rho*z*z2**2 + 311814831744*sig**2*z**2*z2 - 239857562880*sig*z**3 - 1679002940160*sig*z**2*z2 - 143914537728*sig*z*z2**2 + 738023270400*z**3 + 2491967462400*z**2*z2 - 2671644238848*z*z2**2) + qq**2*(-77953707936*rho**3*z*z2 
--- eq 3 : qq**3*(22778496*z**2*z2 - 22778496*z*z2**2) + qq**2*(-2847312*rho*z*z2 - 5694624*sig*z*z2 + 15769728*z*z2 + 2190240*z2**2) + qq*(1095120*rho*z2 + 1095120*sig*z2 - 8255520*z2) + 177957*sig**3 - 2546154*sig**2 + 9298640*sig - 2847312*z2 - 5738224
--- eq 5 : qq**5*(19956149231616*z**3*z2**2 - 49890373079040*z**2*z2**3 + 24945186539520*z*z2**4) + qq**4*(-1870888990464*rho*z**2*z2**2 + 3118148317440*rho*z*z2**3 - 3741777980928*sig*z**2*z2**2 + 4365407644416*sig*z*z2**3 + 1151316301824*z**3*z2 - 12664479320064*z**2*z2**2 + 8442986213376*z*z2**3 - 959430251520*z2**4) + qq**3*(311814831744*rho**2*z*z2**2 + 311814831744*rho*sig*z*z2**2 - 143914537728*rho*z**2*z2 - 1679002940160*rho*z*z2**2 - 239857562880*rho*z2**3 - 311814831744*sig**2*z**2*z2 + 623629663488*sig**2*z*z2**2 + 1726974452736*sig*z**2*z2 - 1822917477888*sig*z*z2**2 - 239857562880*sig*z2**3 - 2671644238848*z**2*z2 + 2491967462400*z*z2**2 + 738023270400*z2**3) + qq**2*(-38976853968*rho**3*z
--- eq 8 : -443523600*ee + qq**3*(60886919808*z**2*z2 - 60886919808*z*z2**2) + qq**2*(-7610864976*rho*z*z2 - 7610864976*sig*z*z2 + 3903007680*z**2 - 7806015360*z*z2 + 3903007680*z2**2) + qq*(-975751920*rho*z + 975751920*rho*z2 - 975751920*sig*z + 975751920*sig*z2 + 3903007680*z - 3903007680*z2) + 158559687*rho**3 - 1902716244*rho**2 + 4794898680*rho + 158559687*sig**3 - 1902716244*sig**2 + 4794898680*sig - 2536954992*z - 2536954992*z2 + 4837434692
written (1s)
t9_4_8-9_10-9: vdim 4; I_3: ee**2 - 273309973*ee/11088090 + 50522472113101753/491782959392400 ; I_5: ff**2 - 80976836036773*ff/1302296170500 - 7410020063428264914264431/8066469991433841000000 ; q3 = r11 + s11: gg   (0s)
