point A: conditions generated (1s)
point B: conditions generated (1s)
14 equations in 14 unknowns (+ q); total degrees [8, 6, 10, 6, 13, 12, 15, 8, 6, 10, 6, 13, 12, 15]  (2s)
written h_two_v2_t2_1-2_4-9.sing; vacuum monic I_1 = 109/216  (2s)
linear eliminations done (1s)
eq  4 -> degree 9, 16 terms  (1s)
eq  5 -> degree 2, 3 terms  (1s)
eq  6 -> degree 18, 70 terms  (2s)
eq 11 -> degree 9, 16 terms  (2s)
eq 12 -> degree 2, 3 terms  (2s)
eq 13 -> degree 18, 70 terms  (2s)
e-relation: degree 12
written h_red_t2_1-2_4-9.sing / .ms  (2s)
r11 = rho/3 - 14/9 ; s11 = sig/3 - 14/9
eq 0 -> degree 6, 14 terms
eq 2 -> degree 10, 59 terms
eq 3 -> degree 6, 14 terms
eq 5 -> degree 10, 59 terms
eq 8 -> degree 6, 23 terms
--- eq 0 : qq**3*(31104*z**2*z2 - 31104*z*z2**2) + qq**2*(-7776*rho*z*z2 - 3888*sig*z*z2 + 2592*z**2 + 20736*z*z2) + qq*(-1296*rho*z - 1296*sig*z + 9504*z) + 243*rho**3 - 3402*rho**2 + 15114*rho - 3888*z - 21140
--- eq 2 : qq**5*(7464960*z**4*z2 - 14929920*z**3*z2**2 + 5971968*z**2*z2**3) + qq**4*(-1306368*rho*z**3*z2 + 1119744*rho*z**2*z2**2 - 933120*sig*z**3*z2 + 559872*sig*z**2*z2**2 + 248832*z**4 - 2985984*z**3*z2 + 4478976*z**2*z2**2 - 497664*z*z2**3) + qq**3*(186624*rho**2*z**2*z2 - 93312*rho**2*z*z2**2 + 93312*rho*sig*z**2*z2 - 62208*rho*z**3 - 497664*rho*z**2*z2 + 497664*rho*z*z2**2 + 93312*sig**2*z**2*z2 - 62208*sig*z**3 - 435456*sig*z**2*z2 - 62208*sig*z*z2**2 + 165888*z**3 + 2071296*z**2*z2 - 912384*z*z2**2) + qq**2*(-23328*rho**3*z*z2 - 11664*rho**2*sig*z*z2 + 15552*rho**2*z**2 + 202176*rho**2*z*z2 + 15552*rho*sig*z**2 + 62208*rho*sig*z*z2 - 124416*rho*z**2 - 559872*rho*z*z2 + 11664*sig**3*z**2 - 1
--- eq 3 : qq**3*(31104*z**2*z2 - 31104*z*z2**2) + qq**2*(-3888*rho*z*z2 - 7776*sig*z*z2 + 20736*z*z2 + 2592*z2**2) + qq*(1296*rho*z2 + 1296*sig*z2 - 9504*z2) + 243*sig**3 - 3402*sig**2 + 15114*sig - 3888*z2 - 21140
--- eq 5 : qq**5*(5971968*z**3*z2**2 - 14929920*z**2*z2**3 + 7464960*z*z2**4) + qq**4*(-559872*rho*z**2*z2**2 + 933120*rho*z*z2**3 - 1119744*sig*z**2*z2**2 + 1306368*sig*z*z2**3 + 497664*z**3*z2 - 4478976*z**2*z2**2 + 2985984*z*z2**3 - 248832*z2**4) + qq**3*(93312*rho**2*z*z2**2 + 93312*rho*sig*z*z2**2 - 62208*rho*z**2*z2 - 435456*rho*z*z2**2 - 62208*rho*z2**3 - 93312*sig**2*z**2*z2 + 186624*sig**2*z*z2**2 + 497664*sig*z**2*z2 - 497664*sig*z*z2**2 - 62208*sig*z2**3 - 912384*z**2*z2 + 2071296*z*z2**2 + 165888*z2**3) + qq**2*(-11664*rho**3*z2**2 + 15552*rho**2*z*z2 + 139968*rho**2*z2**2 + 11664*rho*sig**2*z*z2 - 62208*rho*sig*z*z2 - 15552*rho*sig*z2**2 - 20736*rho*z*z2 - 507744*rho*z2**2 + 23328*sig**3*z
--- eq 8 : -46656*ee + qq**3*(10077696*z**2*z2 - 10077696*z*z2**2) + qq**2*(-1259712*rho*z*z2 - 1259712*sig*z*z2 + 559872*z**2 - 1119744*z*z2 + 559872*z2**2) + qq*(-139968*rho*z + 139968*rho*z2 - 139968*sig*z + 139968*sig*z2 + 559872*z - 559872*z2) + 26244*rho**3 - 314928*rho**2 + 1142424*rho + 26244*sig**3 - 314928*sig**2 + 1142424*sig - 419904*z - 419904*z2 - 2243159
written (1s)
t2_1-2_4-9: vdim 4; I_3: ee**2 - 85321*ee/23328 + 18241220305/2176782336 ; I_5: ff**2 - 22772773*ff/5038848 + 54714042500173321/4976437876752384 ; q3 = r11 + s11: gg   (1s)
