point A: conditions generated (1s)
point B: conditions generated (1s)
14 equations in 14 unknowns (+ q); total degrees [8, 6, 10, 6, 13, 12, 15, 8, 6, 10, 6, 13, 12, 15]  (2s)
written h_two_v2_t9_4_10-7_2-5.sing; vacuum monic I_1 = 99019/36750  (2s)
linear eliminations done (1s)
eq  4 -> degree 9, 16 terms  (1s)
eq  5 -> degree 2, 3 terms  (1s)
eq  6 -> degree 18, 71 terms  (1s)
eq 11 -> degree 9, 16 terms  (2s)
eq 12 -> degree 2, 3 terms  (2s)
eq 13 -> degree 18, 71 terms  (2s)
e-relation: degree 12
written h_red_t9_4_10-7_2-5.sing / .ms  (2s)
r11 = 5*rho/13 - 310/169 ; s11 = 5*sig/13 - 310/169
eq 0 -> degree 6, 14 terms
eq 2 -> degree 10, 59 terms
eq 3 -> degree 6, 14 terms
eq 5 -> degree 10, 59 terms
eq 8 -> degree 6, 23 terms
--- eq 0 : qq**3*(344489600*z**2*z2 - 344489600*z*z2**2) + qq**2*(-86122400*rho*z*z2 - 43061200*sig*z*z2 + 33124000*z**2 + 238492800*z*z2) + qq*(-16562000*rho*z - 16562000*sig*z + 124852000*z) + 2691325*rho**3 - 38506650*rho**2 + 136835504*rho - 43061200*z - 68696496
--- eq 2 : qq**5*(4657499392000*z**4*z2 - 9314998784000*z**3*z2**2 + 3725999513600*z**2*z2**3) + qq**4*(-815062393600*rho*z**3*z2 + 698624908800*rho*z**2*z2**2 - 582187424000*sig*z**3*z2 + 349312454400*sig*z**2*z2**2 + 179134592000*z**4 - 1576384409600*z**3*z2 + 2364576614400*z**2*z2**2 - 214961510400*z*z2**3) + qq**3*(116437484800*rho**2*z**2*z2 - 58218742400*rho**2*z*z2**2 + 58218742400*rho*sig*z**2*z2 - 44783648000*rho*z**3 - 340355724800*rho*z**2*z2 + 322442265600*rho*z*z2**2 + 58218742400*sig**2*z**2*z2 - 44783648000*sig*z**3 - 313485536000*sig*z**2*z2 - 26870188800*sig*z*z2**2 + 137795840000*z**3 + 383243414528*z**2*z2 - 498820940800*z*z2**2) + qq**2*(-14554685600*rho**3*z*z2 - 7277342800*rho**2*
--- eq 3 : qq**3*(344489600*z**2*z2 - 344489600*z*z2**2) + qq**2*(-43061200*rho*z*z2 - 86122400*sig*z*z2 + 238492800*z*z2 + 33124000*z2**2) + qq*(16562000*rho*z2 + 16562000*sig*z2 - 124852000*z2) + 2691325*sig**3 - 38506650*sig**2 + 136835504*sig - 43061200*z2 - 68696496
--- eq 5 : qq**5*(3725999513600*z**3*z2**2 - 9314998784000*z**2*z2**3 + 4657499392000*z*z2**4) + qq**4*(-349312454400*rho*z**2*z2**2 + 582187424000*rho*z*z2**3 - 698624908800*sig*z**2*z2**2 + 815062393600*sig*z*z2**3 + 214961510400*z**3*z2 - 2364576614400*z**2*z2**2 + 1576384409600*z*z2**3 - 179134592000*z2**4) + qq**3*(58218742400*rho**2*z*z2**2 + 58218742400*rho*sig*z*z2**2 - 26870188800*rho*z**2*z2 - 313485536000*rho*z*z2**2 - 44783648000*rho*z2**3 - 58218742400*sig**2*z**2*z2 + 116437484800*sig**2*z*z2**2 + 322442265600*sig*z**2*z2 - 340355724800*sig*z*z2**2 - 44783648000*sig*z2**3 - 498820940800*z**2*z2 + 383243414528*z*z2**2 + 137795840000*z2**3) + qq**2*(-7277342800*rho**3*z2**2 + 6717547200*rho
--- eq 8 : -304326750000*ee + qq**3*(41777976240000*z**2*z2 - 41777976240000*z*z2**2) + qq**2*(-5222247030000*rho*z*z2 - 5222247030000*sig*z*z2 + 2678075400000*z**2 - 5356150800000*z*z2 + 2678075400000*z2**2) + qq*(-669518850000*rho*z + 669518850000*rho*z2 - 669518850000*sig*z + 669518850000*sig*z2 + 2678075400000*z - 2678075400000*z2) + 108796813125*rho**3 - 1305561757500*rho**2 + 3136757824200*rho + 108796813125*sig**3 - 1305561757500*sig**2 + 3136757824200*sig - 1740749010000*z - 1740749010000*z2 + 6074061330412
written (1s)
t9_4_10-7_2-5: vdim 4; I_3: ee**2 - 1389463180003*ee/38040843750 + 69056502730295195080009/5788423172847656250000 ; I_5: ff**2 - 3016862713489231051*ff/13514009742187500 - 1463013557677081340513094262337435399/730513837247754640869140625000000 ; q3 = r11 + s11: gg   (0s)
