point A: conditions generated (1s)
point B: conditions generated (1s)
14 equations in 14 unknowns (+ q); total degrees [8, 6, 10, 6, 13, 12, 15, 8, 6, 10, 6, 13, 12, 15]  (2s)
written h_two_v2_t9_4_5-6_10-9.sing; vacuum monic I_1 = 1517/648  (2s)
linear eliminations done (1s)
eq  4 -> degree 9, 16 terms  (1s)
eq  5 -> degree 2, 3 terms  (1s)
eq  6 -> degree 18, 71 terms  (1s)
eq 11 -> degree 9, 16 terms  (1s)
eq 12 -> degree 2, 3 terms  (1s)
eq 13 -> degree 18, 71 terms  (2s)
e-relation: degree 12
written h_red_t9_4_5-6_10-9.sing / .ms  (2s)
r11 = 5*rho/13 - 310/169 ; s11 = 5*sig/13 - 310/169
eq 0 -> degree 6, 14 terms
eq 2 -> degree 10, 59 terms
eq 3 -> degree 6, 14 terms
eq 5 -> degree 10, 59 terms
eq 8 -> degree 6, 23 terms
--- eq 0 : qq**3*(22778496*z**2*z2 - 22778496*z*z2**2) + qq**2*(-5694624*rho*z*z2 - 2847312*sig*z*z2 + 2190240*z**2 + 15769728*z*z2) + qq*(-1095120*rho*z - 1095120*sig*z + 8255520*z) + 177957*rho**3 - 2546154*rho**2 + 9434854*rho - 2847312*z - 6387860
--- eq 2 : qq**5*(2771687393280*z**4*z2 - 5543374786560*z**3*z2**2 + 2217349914624*z**2*z2**3) + qq**4*(-485045293824*rho*z**3*z2 + 415753108992*rho*z**2*z2**2 - 346460924160*sig*z**3*z2 + 207876554496*sig*z**2*z2**2 + 106603361280*z**4 - 938109579264*z**3*z2 + 1407164368896*z**2*z2**2 - 127924033536*z*z2**3) + qq**3*(69292184832*rho**2*z**2*z2 - 34646092416*rho**2*z*z2**2 + 34646092416*rho*sig*z**2*z2 - 26650840320*rho*z**3 - 202546386432*rho*z**2*z2 + 191886050304*rho*z*z2**2 + 34646092416*sig**2*z**2*z2 - 26650840320*sig*z**3 - 186555882240*sig*z**2*z2 - 15990504192*sig*z*z2**2 + 82002585600*z**3 + 303404504832*z**2*z2 - 296849359872*z*z2**2) + qq**2*(-8661523104*rho**3*z*z2 - 4330761552*rho**2*sig*
--- eq 3 : qq**3*(22778496*z**2*z2 - 22778496*z*z2**2) + qq**2*(-2847312*rho*z*z2 - 5694624*sig*z*z2 + 15769728*z*z2 + 2190240*z2**2) + qq*(1095120*rho*z2 + 1095120*sig*z2 - 8255520*z2) + 177957*sig**3 - 2546154*sig**2 + 9434854*sig - 2847312*z2 - 6387860
--- eq 5 : qq**5*(2217349914624*z**3*z2**2 - 5543374786560*z**2*z2**3 + 2771687393280*z*z2**4) + qq**4*(-207876554496*rho*z**2*z2**2 + 346460924160*rho*z*z2**3 - 415753108992*sig*z**2*z2**2 + 485045293824*sig*z*z2**3 + 127924033536*z**3*z2 - 1407164368896*z**2*z2**2 + 938109579264*z*z2**3 - 106603361280*z2**4) + qq**3*(34646092416*rho**2*z*z2**2 + 34646092416*rho*sig*z*z2**2 - 15990504192*rho*z**2*z2 - 186555882240*rho*z*z2**2 - 26650840320*rho*z2**3 - 34646092416*sig**2*z**2*z2 + 69292184832*sig**2*z*z2**2 + 191886050304*sig*z**2*z2 - 202546386432*sig*z*z2**2 - 26650840320*sig*z2**3 - 296849359872*z**2*z2 + 303404504832*z*z2**2 + 82002585600*z2**3) + qq**2*(-4330761552*rho**3*z2**2 + 3997626048*rho**2
--- eq 8 : -1774094400*ee + qq**3*(243547679232*z**2*z2 - 243547679232*z*z2**2) + qq**2*(-30443459904*rho*z*z2 - 30443459904*sig*z*z2 + 15612030720*z**2 - 31224061440*z*z2 + 15612030720*z2**2) + qq*(-3903007680*rho*z + 3903007680*rho*z2 - 3903007680*sig*z + 3903007680*sig*z2 + 15612030720*z - 15612030720*z2) + 634238748*rho**3 - 7610864976*rho**2 + 19665061416*rho + 634238748*sig**3 - 7610864976*sig**2 + 19665061416*sig - 10147819968*z - 10147819968*z2 + 15479579449
written (1s)
t9_4_5-6_10-9: vdim 4; I_3: ee**2 - 20995705369*ee/887047200 + 275086276232169256561/3147410940111360000 ; I_5: ff**2 - 1048858997663521*ff/16669390982400 - 1125793105402919091066265799/1321610443396520509440000 ; q3 = r11 + s11: gg   (0s)
