point A: conditions generated (0s)
point B: conditions generated (1s)
14 equations in 14 unknowns (+ q); total degrees [8, 6, 10, 6, 13, 12, 15, 8, 6, 10, 6, 13, 12, 15]  (2s)
written h_two_v2_t2_5-9_8-7.sing; vacuum monic I_1 = 2984/1323  (2s)
linear eliminations done (1s)
eq  4 -> degree 9, 16 terms  (1s)
eq  5 -> degree 2, 3 terms  (1s)
eq  6 -> degree 18, 70 terms  (1s)
eq 11 -> degree 9, 16 terms  (2s)
eq 12 -> degree 2, 3 terms  (2s)
eq 13 -> degree 18, 70 terms  (2s)
e-relation: degree 12
written h_red_t2_5-9_8-7.sing / .ms  (2s)
r11 = rho/3 - 14/9 ; s11 = sig/3 - 14/9
eq 0 -> degree 6, 14 terms
eq 2 -> degree 10, 59 terms
eq 3 -> degree 6, 14 terms
eq 5 -> degree 10, 59 terms
eq 8 -> degree 6, 23 terms
--- eq 0 : qq**3*(1524096*z**2*z2 - 1524096*z*z2**2) + qq**2*(-381024*rho*z*z2 - 190512*sig*z*z2 + 127008*z**2 + 1016064*z*z2) + qq*(-63504*rho*z - 63504*sig*z + 465696*z) + 11907*rho**3 - 166698*rho**2 + 629400*rho - 190512*z - 516992
--- eq 2 : qq**5*(365783040*z**4*z2 - 731566080*z**3*z2**2 + 292626432*z**2*z2**3) + qq**4*(-64012032*rho*z**3*z2 + 54867456*rho*z**2*z2**2 - 45722880*sig*z**3*z2 + 27433728*sig*z**2*z2**2 + 12192768*z**4 - 146313216*z**3*z2 + 219469824*z**2*z2**2 - 24385536*z*z2**3) + qq**3*(9144576*rho**2*z**2*z2 - 4572288*rho**2*z*z2**2 + 4572288*rho*sig*z**2*z2 - 3048192*rho*z**3 - 24385536*rho*z**2*z2 + 24385536*rho*z*z2**2 + 4572288*sig**2*z**2*z2 - 3048192*sig*z**3 - 21337344*sig*z**2*z2 - 3048192*sig*z*z2**2 + 8128512*z**3 + 58798080*z**2*z2 - 44706816*z*z2**2) + qq**2*(-1143072*rho**3*z*z2 - 571536*rho**2*sig*z*z2 + 762048*rho**2*z**2 + 9906624*rho**2*z*z2 + 762048*rho*sig*z**2 + 3048192*rho*sig*z*z2 - 6096384
--- eq 3 : qq**3*(1524096*z**2*z2 - 1524096*z*z2**2) + qq**2*(-190512*rho*z*z2 - 381024*sig*z*z2 + 1016064*z*z2 + 127008*z2**2) + qq*(63504*rho*z2 + 63504*sig*z2 - 465696*z2) + 11907*sig**3 - 166698*sig**2 + 629400*sig - 190512*z2 - 516992
--- eq 5 : qq**5*(292626432*z**3*z2**2 - 731566080*z**2*z2**3 + 365783040*z*z2**4) + qq**4*(-27433728*rho*z**2*z2**2 + 45722880*rho*z*z2**3 - 54867456*sig*z**2*z2**2 + 64012032*sig*z*z2**3 + 24385536*z**3*z2 - 219469824*z**2*z2**2 + 146313216*z*z2**3 - 12192768*z2**4) + qq**3*(4572288*rho**2*z*z2**2 + 4572288*rho*sig*z*z2**2 - 3048192*rho*z**2*z2 - 21337344*rho*z*z2**2 - 3048192*rho*z2**3 - 4572288*sig**2*z**2*z2 + 9144576*sig**2*z*z2**2 + 24385536*sig*z**2*z2 - 24385536*sig*z*z2**2 - 3048192*sig*z2**3 - 44706816*z**2*z2 + 58798080*z*z2**2 + 8128512*z2**3) + qq**2*(-571536*rho**3*z2**2 + 762048*rho**2*z*z2 + 6858432*rho**2*z2**2 + 571536*rho*sig**2*z*z2 - 3048192*rho*sig*z*z2 - 762048*rho*sig*z2**2 - 1
--- eq 8 : -28005264*ee + qq**3*(6049137024*z**2*z2 - 6049137024*z*z2**2) + qq**2*(-756142128*rho*z*z2 - 756142128*sig*z*z2 + 336063168*z**2 - 672126336*z*z2 + 336063168*z2**2) + qq*(-84015792*rho*z + 84015792*rho*z2 - 84015792*sig*z + 84015792*sig*z2 + 336063168*z - 336063168*z2) + 15752961*rho**3 - 189035532*rho**2 + 538640928*rho + 15752961*sig**3 - 189035532*sig**2 + 538640928*sig - 252047376*z - 252047376*z2 - 123486656
written (1s)
t2_5-9_8-7: vdim 4; I_3: ee**2 - 36690368*ee/1750329 - 127384498503680/3063651608241 ; I_5: ff**2 - 206324171440*ff/2315685267 - 8326250076270283928000/5362398255800861289 ; q3 = r11 + s11: gg   (0s)
