point A: conditions generated (1s)
point B: conditions generated (1s)
14 equations in 14 unknowns (+ q); total degrees [8, 6, 10, 6, 13, 12, 15, 8, 6, 10, 6, 13, 12, 15]  (2s)
written h_two_v2_t2_5-6_11-9.sing; vacuum monic I_1 = 673/216  (2s)
linear eliminations done (1s)
eq  4 -> degree 9, 16 terms  (1s)
eq  5 -> degree 2, 3 terms  (1s)
eq  6 -> degree 18, 70 terms  (1s)
eq 11 -> degree 9, 16 terms  (1s)
eq 12 -> degree 2, 3 terms  (1s)
eq 13 -> degree 18, 70 terms  (2s)
e-relation: degree 12
written h_red_t2_5-6_11-9.sing / .ms  (2s)
r11 = rho/3 - 14/9 ; s11 = sig/3 - 14/9
eq 0 -> degree 6, 14 terms
eq 2 -> degree 10, 59 terms
eq 3 -> degree 6, 14 terms
eq 5 -> degree 10, 59 terms
eq 8 -> degree 6, 23 terms
--- eq 0 : qq**3*(31104*z**2*z2 - 31104*z*z2**2) + qq**2*(-7776*rho*z*z2 - 3888*sig*z*z2 + 2592*z**2 + 20736*z*z2) + qq*(-1296*rho*z - 1296*sig*z + 9504*z) + 243*rho**3 - 3402*rho**2 + 11730*rho - 3888*z - 5348
--- eq 2 : qq**5*(22394880*z**4*z2 - 44789760*z**3*z2**2 + 17915904*z**2*z2**3) + qq**4*(-3919104*rho*z**3*z2 + 3359232*rho*z**2*z2**2 - 2799360*sig*z**3*z2 + 1679616*sig*z**2*z2**2 + 746496*z**4 - 8957952*z**3*z2 + 13436928*z**2*z2**2 - 1492992*z*z2**3) + qq**3*(559872*rho**2*z**2*z2 - 279936*rho**2*z*z2**2 + 279936*rho*sig*z**2*z2 - 186624*rho*z**3 - 1492992*rho*z**2*z2 + 1492992*rho*z*z2**2 + 279936*sig**2*z**2*z2 - 186624*sig*z**3 - 1306368*sig*z**2*z2 - 186624*sig*z*z2**2 + 497664*z**3 + 2315520*z**2*z2 - 2737152*z*z2**2) + qq**2*(-69984*rho**3*z*z2 - 34992*rho**2*sig*z*z2 + 46656*rho**2*z**2 + 606528*rho**2*z*z2 + 46656*rho*sig*z**2 + 186624*rho*sig*z*z2 - 373248*rho*z**2 - 1679616*rho*z*z2 + 349
--- eq 3 : qq**3*(31104*z**2*z2 - 31104*z*z2**2) + qq**2*(-3888*rho*z*z2 - 7776*sig*z*z2 + 20736*z*z2 + 2592*z2**2) + qq*(1296*rho*z2 + 1296*sig*z2 - 9504*z2) + 243*sig**3 - 3402*sig**2 + 11730*sig - 3888*z2 - 5348
--- eq 5 : qq**5*(17915904*z**3*z2**2 - 44789760*z**2*z2**3 + 22394880*z*z2**4) + qq**4*(-1679616*rho*z**2*z2**2 + 2799360*rho*z*z2**3 - 3359232*sig*z**2*z2**2 + 3919104*sig*z*z2**3 + 1492992*z**3*z2 - 13436928*z**2*z2**2 + 8957952*z*z2**3 - 746496*z2**4) + qq**3*(279936*rho**2*z*z2**2 + 279936*rho*sig*z*z2**2 - 186624*rho*z**2*z2 - 1306368*rho*z*z2**2 - 186624*rho*z2**3 - 279936*sig**2*z**2*z2 + 559872*sig**2*z*z2**2 + 1492992*sig*z**2*z2 - 1492992*sig*z*z2**2 - 186624*sig*z2**3 - 2737152*z**2*z2 + 2315520*z*z2**2 + 497664*z2**3) + qq**2*(-34992*rho**3*z2**2 + 46656*rho**2*z*z2 + 419904*rho**2*z2**2 + 34992*rho*sig**2*z*z2 - 186624*rho*sig*z*z2 - 46656*rho*sig*z2**2 - 62208*rho*z*z2 - 1035936*rho*z2**
--- eq 8 : -46656*ee + qq**3*(10077696*z**2*z2 - 10077696*z*z2**2) + qq**2*(-1259712*rho*z*z2 - 1259712*sig*z*z2 + 559872*z**2 - 1119744*z*z2 + 559872*z2**2) + qq*(-139968*rho*z + 139968*rho*z2 - 139968*sig*z + 139968*sig*z2 + 559872*z - 559872*z2) + 26244*rho**3 - 314928*rho**2 + 776952*rho + 26244*sig**3 - 314928*sig**2 + 776952*sig - 419904*z - 419904*z2 + 706801
written (1s)
t2_5-6_11-9: vdim 4; I_3: ee**2 - 598801*ee/23328 - 18355136735/2176782336 ; I_5: ff**2 - 2436739495*ff/35271936 - 32473623521258927375/4976437876752384 ; q3 = r11 + s11: gg   (0s)
