point A: conditions generated (0s)
point B: conditions generated (1s)
14 equations in 14 unknowns (+ q); total degrees [8, 6, 10, 6, 13, 12, 15, 8, 6, 10, 6, 13, 12, 15]  (2s)
written h_two_v2_t9_4_7-6_1-4.sing; vacuum monic I_1 = 485/288  (2s)
linear eliminations done (1s)
eq  4 -> degree 9, 16 terms  (1s)
eq  5 -> degree 2, 3 terms  (1s)
eq  6 -> degree 18, 71 terms  (1s)
eq 11 -> degree 9, 16 terms  (1s)
eq 12 -> degree 2, 3 terms  (1s)
eq 13 -> degree 18, 71 terms  (2s)
e-relation: degree 12
written h_red_t9_4_7-6_1-4.sing / .ms  (2s)
r11 = 5*rho/13 - 310/169 ; s11 = 5*sig/13 - 310/169
eq 0 -> degree 6, 14 terms
eq 2 -> degree 10, 59 terms
eq 3 -> degree 6, 14 terms
eq 5 -> degree 10, 59 terms
eq 8 -> degree 6, 23 terms
--- eq 0 : qq**3*(5061888*z**2*z2 - 5061888*z*z2**2) + qq**2*(-1265472*rho*z*z2 - 632736*sig*z*z2 + 486720*z**2 + 3504384*z*z2) + qq*(-243360*rho*z - 243360*sig*z + 1834560*z) + 39546*rho**3 - 565812*rho**2 + 2256527*rho - 632736*z - 2182090
--- eq 2 : qq**5*(68436725760*z**4*z2 - 136873451520*z**3*z2**2 + 54749380608*z**2*z2**3) + qq**4*(-11976427008*rho*z**3*z2 + 10265508864*rho*z**2*z2**2 - 8554590720*sig*z**3*z2 + 5132754432*sig*z**2*z2**2 + 2632181760*z**4 - 23163199488*z**3*z2 + 34744799232*z**2*z2**2 - 3158618112*z*z2**3) + qq**3*(1710918144*rho**2*z**2*z2 - 855459072*rho**2*z*z2**2 + 855459072*rho*sig*z**2*z2 - 658045440*rho*z**3 - 5001145344*rho*z**2*z2 + 4737927168*rho*z*z2**2 + 855459072*sig**2*z**2*z2 - 658045440*sig*z**3 - 4606318080*sig*z**2*z2 - 394827264*sig*z*z2**2 + 2024755200*z**3 + 10950269824*z**2*z2 - 7329613824*z*z2**2) + qq**2*(-213864768*rho**3*z*z2 - 106932384*rho**2*sig*z*z2 + 164511360*rho**2*z**2 + 1875429504*r
--- eq 3 : qq**3*(5061888*z**2*z2 - 5061888*z*z2**2) + qq**2*(-632736*rho*z*z2 - 1265472*sig*z*z2 + 3504384*z*z2 + 486720*z2**2) + qq*(243360*rho*z2 + 243360*sig*z2 - 1834560*z2) + 39546*sig**3 - 565812*sig**2 + 2256527*sig - 632736*z2 - 2182090
--- eq 5 : qq**5*(54749380608*z**3*z2**2 - 136873451520*z**2*z2**3 + 68436725760*z*z2**4) + qq**4*(-5132754432*rho*z**2*z2**2 + 8554590720*rho*z*z2**3 - 10265508864*sig*z**2*z2**2 + 11976427008*sig*z*z2**3 + 3158618112*z**3*z2 - 34744799232*z**2*z2**2 + 23163199488*z*z2**3 - 2632181760*z2**4) + qq**3*(855459072*rho**2*z*z2**2 + 855459072*rho*sig*z*z2**2 - 394827264*rho*z**2*z2 - 4606318080*rho*z*z2**2 - 658045440*rho*z2**3 - 855459072*sig**2*z**2*z2 + 1710918144*sig**2*z*z2**2 + 4737927168*sig*z**2*z2 - 5001145344*sig*z*z2**2 - 658045440*sig*z2**3 - 7329613824*z**2*z2 + 10950269824*z*z2**2 + 2024755200*z2**3) + qq**2*(-106932384*rho**3*z2**2 + 98706816*rho**2*z*z2 + 1283188608*rho**2*z2**2 + 106932384*
--- eq 8 : -350438400*ee + qq**3*(48108183552*z**2*z2 - 48108183552*z*z2**2) + qq**2*(-6013522944*rho*z*z2 - 6013522944*sig*z*z2 + 3083857920*z**2 - 6167715840*z*z2 + 3083857920*z2**2) + qq*(-770964480*rho*z + 770964480*rho*z2 - 770964480*sig*z + 770964480*sig*z2 + 3083857920*z - 3083857920*z2) + 125281728*rho**3 - 1503380736*rho**2 + 4390996896*rho + 125281728*sig**3 - 1503380736*sig**2 + 4390996896*sig - 2004507648*z - 2004507648*z2 - 503246423
written (1s)
t9_4_7-6_1-4: vdim 4; I_3: ee**2 - 3717698857*ee/175219200 - 4122692947693879151/122807072194560000 ; I_5: ff**2 - 152652077224057*ff/1463430758400 - 1386294496180185306612115151/8566518338524796682240000 ; q3 = r11 + s11: gg   (0s)
