point A: conditions generated (1s)
point B: conditions generated (1s)
14 equations in 14 unknowns (+ q); total degrees [8, 6, 10, 6, 13, 12, 15, 8, 6, 10, 6, 13, 12, 15]  (2s)
written h_two_v2_t9_4_7-5_1-6.sing; vacuum monic I_1 = 21757/9000  (2s)
linear eliminations done (1s)
eq  4 -> degree 9, 16 terms  (1s)
eq  5 -> degree 2, 3 terms  (1s)
eq  6 -> degree 18, 71 terms  (1s)
eq 11 -> degree 9, 16 terms  (1s)
eq 12 -> degree 2, 3 terms  (2s)
eq 13 -> degree 18, 71 terms  (2s)
e-relation: degree 12
written h_red_t9_4_7-5_1-6.sing / .ms  (2s)
r11 = 5*rho/13 - 310/169 ; s11 = 5*sig/13 - 310/169
eq 0 -> degree 6, 14 terms
eq 2 -> degree 10, 59 terms
eq 3 -> degree 6, 14 terms
eq 5 -> degree 10, 59 terms
eq 8 -> degree 6, 23 terms
--- eq 0 : qq**3*(63273600*z**2*z2 - 63273600*z*z2**2) + qq**2*(-15818400*rho*z*z2 - 7909200*sig*z*z2 + 6084000*z**2 + 43804800*z*z2) + qq*(-3042000*rho*z - 3042000*sig*z + 22932000*z) + 494325*rho**3 - 7072650*rho**2 + 25975534*rho - 7909200*z - 16635716
--- eq 2 : qq**5*(855459072000*z**4*z2 - 1710918144000*z**3*z2**2 + 684367257600*z**2*z2**3) + qq**4*(-149705337600*rho*z**3*z2 + 128318860800*rho*z**2*z2**2 - 106932384000*sig*z**3*z2 + 64159430400*sig*z**2*z2**2 + 32902272000*z**4 - 289539993600*z**3*z2 + 434309990400*z**2*z2**2 - 39482726400*z*z2**3) + qq**3*(21386476800*rho**2*z**2*z2 - 10693238400*rho**2*z*z2**2 + 10693238400*rho*sig*z**2*z2 - 8225568000*rho*z**3 - 62514316800*rho*z**2*z2 + 59224089600*rho*z*z2**2 + 10693238400*sig**2*z**2*z2 - 8225568000*sig*z**3 - 57578976000*sig*z**2*z2 - 4935340800*sig*z*z2**2 + 25309440000*z**3 + 88616223488*z**2*z2 - 91620172800*z*z2**2) + qq**2*(-2673309600*rho**3*z*z2 - 1336654800*rho**2*sig*z*z2 + 2056392
--- eq 3 : qq**3*(63273600*z**2*z2 - 63273600*z*z2**2) + qq**2*(-7909200*rho*z*z2 - 15818400*sig*z*z2 + 43804800*z*z2 + 6084000*z2**2) + qq*(3042000*rho*z2 + 3042000*sig*z2 - 22932000*z2) + 494325*sig**3 - 7072650*sig**2 + 25975534*sig - 7909200*z2 - 16635716
--- eq 5 : qq**5*(684367257600*z**3*z2**2 - 1710918144000*z**2*z2**3 + 855459072000*z*z2**4) + qq**4*(-64159430400*rho*z**2*z2**2 + 106932384000*rho*z*z2**3 - 128318860800*sig*z**2*z2**2 + 149705337600*sig*z*z2**3 + 39482726400*z**3*z2 - 434309990400*z**2*z2**2 + 289539993600*z*z2**3 - 32902272000*z2**4) + qq**3*(10693238400*rho**2*z*z2**2 + 10693238400*rho*sig*z*z2**2 - 4935340800*rho*z**2*z2 - 57578976000*rho*z*z2**2 - 8225568000*rho*z2**3 - 10693238400*sig**2*z**2*z2 + 21386476800*sig**2*z*z2**2 + 59224089600*sig*z**2*z2 - 62514316800*sig*z*z2**2 - 8225568000*sig*z2**3 - 91620172800*z**2*z2 + 88616223488*z*z2**2 + 25309440000*z2**3) + qq**2*(-1336654800*rho**3*z2**2 + 1233835200*rho**2*z*z2 + 160398
--- eq 8 : -13689000000*ee + qq**3*(1879225920000*z**2*z2 - 1879225920000*z*z2**2) + qq**2*(-234903240000*rho*z*z2 - 234903240000*sig*z*z2 + 120463200000*z**2 - 240926400000*z*z2 + 120463200000*z2**2) + qq*(-30115800000*rho*z + 30115800000*rho*z2 - 30115800000*sig*z + 30115800000*sig*z2 + 120463200000*z - 120463200000*z2) + 4893817500*rho**3 - 58725810000*rho**2 + 149435886600*rho + 4893817500*sig**3 - 58725810000*sig**2 + 149435886600*sig - 78301080000*z - 78301080000*z2 + 206280505681
written (1s)
t9_4_7-5_1-6: vdim 4; I_3: ee**2 - 234620706481*ee/6844500000 - 6350999498950620596639/187388721000000000000 ; I_5: ff**2 - 394151999060276393*ff/1786414500000000 + 486096929875469285328131153090449/12765107063241000000000000000000 ; q3 = r11 + s11: gg   (0s)
