point A: conditions generated (0s)
point B: conditions generated (1s)
14 equations in 14 unknowns (+ q); total degrees [8, 6, 10, 6, 13, 12, 15, 8, 6, 10, 6, 13, 12, 15]  (2s)
written h_two_v2_t9_4_6-5_5-4.sing; vacuum monic I_1 = 44839/12000  (2s)
linear eliminations done (1s)
eq  4 -> degree 9, 16 terms  (1s)
eq  5 -> degree 2, 3 terms  (1s)
eq  6 -> degree 18, 71 terms  (1s)
eq 11 -> degree 9, 16 terms  (1s)
eq 12 -> degree 2, 3 terms  (1s)
eq 13 -> degree 18, 71 terms  (2s)
e-relation: degree 12
written h_red_t9_4_6-5_5-4.sing / .ms  (2s)
r11 = 5*rho/13 - 310/169 ; s11 = 5*sig/13 - 310/169
eq 0 -> degree 6, 14 terms
eq 2 -> degree 10, 59 terms
eq 3 -> degree 6, 14 terms
eq 5 -> degree 10, 59 terms
eq 8 -> degree 6, 23 terms
--- eq 0 : qq**3*(14060800*z**2*z2 - 14060800*z*z2**2) + qq**2*(-3515200*rho*z*z2 - 1757600*sig*z*z2 + 1352000*z**2 + 9734400*z*z2) + qq*(-676000*rho*z - 676000*sig*z + 5096000*z) + 109850*rho**3 - 1571700*rho**2 + 4880603*rho - 1757600*z + 556078
--- eq 2 : qq**5*(190102016000*z**4*z2 - 380204032000*z**3*z2**2 + 152081612800*z**2*z2**3) + qq**4*(-33267852800*rho*z**3*z2 + 28515302400*rho*z**2*z2**2 - 23762752000*sig*z**3*z2 + 14257651200*sig*z**2*z2**2 + 7311616000*z**4 - 64342220800*z**3*z2 + 96513331200*z**2*z2**2 - 8773939200*z*z2**3) + qq**3*(4752550400*rho**2*z**2*z2 - 2376275200*rho**2*z*z2**2 + 2376275200*rho*sig*z**2*z2 - 1827904000*rho*z**3 - 13892070400*rho*z**2*z2 + 13160908800*rho*z*z2**2 + 2376275200*sig**2*z**2*z2 - 1827904000*sig*z**3 - 12795328000*sig*z**2*z2 - 1096742400*sig*z*z2**2 + 5624320000*z**3 + 402420096*z**2*z2 - 20360038400*z*z2**2) + qq**2*(-594068800*rho**3*z*z2 - 297034400*rho**2*sig*z*z2 + 456976000*rho**2*z**2 + 
--- eq 3 : qq**3*(14060800*z**2*z2 - 14060800*z*z2**2) + qq**2*(-1757600*rho*z*z2 - 3515200*sig*z*z2 + 9734400*z*z2 + 1352000*z2**2) + qq*(676000*rho*z2 + 676000*sig*z2 - 5096000*z2) + 109850*sig**3 - 1571700*sig**2 + 4880603*sig - 1757600*z2 + 556078
--- eq 5 : qq**5*(152081612800*z**3*z2**2 - 380204032000*z**2*z2**3 + 190102016000*z*z2**4) + qq**4*(-14257651200*rho*z**2*z2**2 + 23762752000*rho*z*z2**3 - 28515302400*sig*z**2*z2**2 + 33267852800*sig*z*z2**3 + 8773939200*z**3*z2 - 96513331200*z**2*z2**2 + 64342220800*z*z2**3 - 7311616000*z2**4) + qq**3*(2376275200*rho**2*z*z2**2 + 2376275200*rho*sig*z*z2**2 - 1096742400*rho*z**2*z2 - 12795328000*rho*z*z2**2 - 1827904000*rho*z2**3 - 2376275200*sig**2*z**2*z2 + 4752550400*sig**2*z*z2**2 + 13160908800*sig*z**2*z2 - 13892070400*sig*z*z2**2 - 1827904000*sig*z2**3 - 20360038400*z**2*z2 + 402420096*z*z2**2 + 5624320000*z2**3) + qq**2*(-297034400*rho**3*z2**2 + 274185600*rho**2*z*z2 + 3564412800*rho**2*z2**2
--- eq 8 : -8112000000*ee + qq**3*(1113615360000*z**2*z2 - 1113615360000*z*z2**2) + qq**2*(-139201920000*rho*z*z2 - 139201920000*sig*z*z2 + 71385600000*z**2 - 142771200000*z*z2 + 71385600000*z2**2) + qq*(-17846400000*rho*z + 17846400000*rho*z2 - 17846400000*sig*z + 17846400000*sig*z2 + 71385600000*z - 71385600000*z2) + 2900040000*rho**3 - 34800480000*rho**2 + 65012719200*rho + 2900040000*sig**3 - 34800480000*sig**2 + 65012719200*sig - 46400640000*z - 46400640000*z2 + 280589895283
written (1s)
t9_4_6-5_5-4: vdim 4; I_3: ee**2 - 151852464883*ee/4056000000 + 17214922702787004203689/65804544000000000000 ; I_5: ff**2 - 42796872094200091*ff/470496000000000 - 4597544158912377113092528455591719/885465944064000000000000000000 ; q3 = r11 + s11: gg   (0s)
