point A: conditions generated (1s)
point B: conditions generated (1s)
14 equations in 14 unknowns (+ q); total degrees [8, 6, 10, 6, 13, 12, 15, 8, 6, 10, 6, 13, 12, 15]  (2s)
written h_two_v2_t2_3-5_2-5.sing; vacuum monic I_1 = 46/75  (2s)
linear eliminations done (1s)
eq  4 -> degree 9, 16 terms  (1s)
eq  5 -> degree 2, 3 terms  (1s)
eq  6 -> degree 18, 70 terms  (1s)
eq 11 -> degree 9, 16 terms  (1s)
eq 12 -> degree 2, 3 terms  (1s)
eq 13 -> degree 18, 70 terms  (2s)
e-relation: degree 12
written h_red_t2_3-5_2-5.sing / .ms  (2s)
r11 = rho/3 - 14/9 ; s11 = sig/3 - 14/9
eq 0 -> degree 6, 14 terms
eq 2 -> degree 10, 59 terms
eq 3 -> degree 6, 14 terms
eq 5 -> degree 10, 59 terms
eq 8 -> degree 6, 23 terms
--- eq 0 : qq**3*(86400*z**2*z2 - 86400*z*z2**2) + qq**2*(-21600*rho*z*z2 - 10800*sig*z*z2 + 7200*z**2 + 57600*z*z2) + qq*(-3600*rho*z - 3600*sig*z + 26400*z) + 675*rho**3 - 9450*rho**2 + 41592*rho - 10800*z - 56896
--- eq 2 : qq**5*(518400000*z**4*z2 - 1036800000*z**3*z2**2 + 414720000*z**2*z2**3) + qq**4*(-90720000*rho*z**3*z2 + 77760000*rho*z**2*z2**2 - 64800000*sig*z**3*z2 + 38880000*sig*z**2*z2**2 + 17280000*z**4 - 207360000*z**3*z2 + 311040000*z**2*z2**2 - 34560000*z*z2**3) + qq**3*(12960000*rho**2*z**2*z2 - 6480000*rho**2*z*z2**2 + 6480000*rho*sig*z**2*z2 - 4320000*rho*z**3 - 34560000*rho*z**2*z2 + 34560000*rho*z*z2**2 + 6480000*sig**2*z**2*z2 - 4320000*sig*z**3 - 30240000*sig*z**2*z2 - 4320000*sig*z*z2**2 + 11520000*z**3 + 140083200*z**2*z2 - 63360000*z*z2**2) + qq**2*(-1620000*rho**3*z*z2 - 810000*rho**2*sig*z*z2 + 1080000*rho**2*z**2 + 14040000*rho**2*z*z2 + 1080000*rho*sig*z**2 + 4320000*rho*sig*z*z2 - 
--- eq 3 : qq**3*(86400*z**2*z2 - 86400*z*z2**2) + qq**2*(-10800*rho*z*z2 - 21600*sig*z*z2 + 57600*z*z2 + 7200*z2**2) + qq*(3600*rho*z2 + 3600*sig*z2 - 26400*z2) + 675*sig**3 - 9450*sig**2 + 41592*sig - 10800*z2 - 56896
--- eq 5 : qq**5*(414720000*z**3*z2**2 - 1036800000*z**2*z2**3 + 518400000*z*z2**4) + qq**4*(-38880000*rho*z**2*z2**2 + 64800000*rho*z*z2**3 - 77760000*sig*z**2*z2**2 + 90720000*sig*z*z2**3 + 34560000*z**3*z2 - 311040000*z**2*z2**2 + 207360000*z*z2**3 - 17280000*z2**4) + qq**3*(6480000*rho**2*z*z2**2 + 6480000*rho*sig*z*z2**2 - 4320000*rho*z**2*z2 - 30240000*rho*z*z2**2 - 4320000*rho*z2**3 - 6480000*sig**2*z**2*z2 + 12960000*sig**2*z*z2**2 + 34560000*sig*z**2*z2 - 34560000*sig*z*z2**2 - 4320000*sig*z2**3 - 63360000*z**2*z2 + 140083200*z*z2**2 + 11520000*z2**3) + qq**2*(-810000*rho**3*z2**2 + 1080000*rho**2*z*z2 + 9720000*rho**2*z2**2 + 810000*rho*sig**2*z*z2 - 4320000*rho*sig*z*z2 - 1080000*rho*sig*z2*
--- eq 8 : -3600*ee + qq**3*(777600*z**2*z2 - 777600*z*z2**2) + qq**2*(-97200*rho*z*z2 - 97200*sig*z*z2 + 43200*z**2 - 86400*z*z2 + 43200*z2**2) + qq*(-10800*rho*z + 10800*rho*z2 - 10800*sig*z + 10800*sig*z2 + 43200*z - 43200*z2) + 2025*rho**3 - 24300*rho**2 + 86976*rho + 2025*sig**3 - 24300*sig**2 + 86976*sig - 32400*z - 32400*z2 - 163520
written (1s)
t2_3-5_2-5: vdim 4; I_3: ee**2 - 208*ee/45 + 311296/50625 ; I_5: ff**2 - 24153056*ff/2953125 + 158011644534784/8720947265625 ; q3 = r11 + s11: gg   (0s)
