point A: conditions generated (1s)
point B: conditions generated (1s)
14 equations in 14 unknowns (+ q); total degrees [8, 6, 10, 6, 13, 12, 15, 8, 6, 10, 6, 13, 12, 15]  (2s)
written h_two_v2_t9_4_3-4_10-9.sing; vacuum monic I_1 = 28117/12960  (2s)
linear eliminations done (1s)
eq  4 -> degree 9, 16 terms  (1s)
eq  5 -> degree 2, 3 terms  (1s)
eq  6 -> degree 18, 71 terms  (1s)
eq 11 -> degree 9, 16 terms  (1s)
eq 12 -> degree 2, 3 terms  (1s)
eq 13 -> degree 18, 71 terms  (2s)
e-relation: degree 12
written h_red_t9_4_3-4_10-9.sing / .ms  (2s)
r11 = 5*rho/13 - 310/169 ; s11 = 5*sig/13 - 310/169
eq 0 -> degree 6, 14 terms
eq 2 -> degree 10, 59 terms
eq 3 -> degree 6, 14 terms
eq 5 -> degree 10, 59 terms
eq 8 -> degree 6, 23 terms
--- eq 0 : qq**3*(45556992*z**2*z2 - 45556992*z*z2**2) + qq**2*(-11389248*rho*z*z2 - 5694624*sig*z*z2 + 4380480*z**2 + 31539456*z*z2) + qq*(-2190240*rho*z - 2190240*sig*z + 16511040*z) + 355914*rho**3 - 5092308*rho**2 + 19245395*rho - 5694624*z - 14567458
--- eq 2 : qq**5*(615930531840*z**4*z2 - 1231861063680*z**3*z2**2 + 492744425472*z**2*z2**3) + qq**4*(-107787843072*rho*z**3*z2 + 92389579776*rho*z**2*z2**2 - 76991316480*sig*z**3*z2 + 46194789888*sig*z**2*z2**2 + 23689635840*z**4 - 208468795392*z**3*z2 + 312703193088*z**2*z2**2 - 28427563008*z*z2**3) + qq**3*(15398263296*rho**2*z**2*z2 - 7699131648*rho**2*z*z2**2 + 7699131648*rho*sig*z**2*z2 - 5922408960*rho*z**3 - 45010308096*rho*z**2*z2 + 42641344512*rho*z*z2**2 + 7699131648*sig**2*z**2*z2 - 5922408960*sig*z**3 - 41456862720*sig*z**2*z2 - 3553445376*sig*z*z2**2 + 18222796800*z**3 + 75550084480*z**2*z2 - 65966524416*z*z2**2) + qq**2*(-1924782912*rho**3*z*z2 - 962391456*rho**2*sig*z*z2 + 1480602240*rh
--- eq 3 : qq**3*(45556992*z**2*z2 - 45556992*z*z2**2) + qq**2*(-5694624*rho*z*z2 - 11389248*sig*z*z2 + 31539456*z*z2 + 4380480*z2**2) + qq*(2190240*rho*z2 + 2190240*sig*z2 - 16511040*z2) + 355914*sig**3 - 5092308*sig**2 + 19245395*sig - 5694624*z2 - 14567458
--- eq 5 : qq**5*(492744425472*z**3*z2**2 - 1231861063680*z**2*z2**3 + 615930531840*z*z2**4) + qq**4*(-46194789888*rho*z**2*z2**2 + 76991316480*rho*z*z2**3 - 92389579776*sig*z**2*z2**2 + 107787843072*sig*z*z2**3 + 28427563008*z**3*z2 - 312703193088*z**2*z2**2 + 208468795392*z*z2**3 - 23689635840*z2**4) + qq**3*(7699131648*rho**2*z*z2**2 + 7699131648*rho*sig*z*z2**2 - 3553445376*rho*z**2*z2 - 41456862720*rho*z*z2**2 - 5922408960*rho*z2**3 - 7699131648*sig**2*z**2*z2 + 15398263296*sig**2*z*z2**2 + 42641344512*sig*z**2*z2 - 45010308096*sig*z*z2**2 - 5922408960*sig*z2**3 - 65966524416*z**2*z2 + 75550084480*z*z2**2 + 18222796800*z2**3) + qq**2*(-962391456*rho**3*z2**2 + 888361344*rho**2*z*z2 + 11548697472*r
--- eq 8 : -28385510400*ee + qq**3*(3896762867712*z**2*z2 - 3896762867712*z*z2**2) + qq**2*(-487095358464*rho*z*z2 - 487095358464*sig*z*z2 + 249792491520*z**2 - 499584983040*z*z2 + 249792491520*z2**2) + qq*(-62448122880*rho*z + 62448122880*rho*z2 - 62448122880*sig*z + 62448122880*sig*z2 + 249792491520*z - 249792491520*z2) + 10147819968*rho**3 - 121773839616*rho**2 + 325352570400*rho + 10147819968*sig**3 - 121773839616*sig**2 + 325352570400*sig - 162365119488*z - 162365119488*z2 + 163720838113
written (1s)
t9_4_3-4_10-9: vdim 4; I_3: ee**2 - 63639188141*ee/2838551040 + 84327365477212072273/1289179521069613056 ; I_5: ff**2 - 347855037223150913*ff/5334205114368000 - 105407208878933138075506660153991/135332909403803700166656000000 ; q3 = r11 + s11: gg   (0s)
