point A: conditions generated (0s)
point B: conditions generated (1s)
14 equations in 14 unknowns (+ q); total degrees [8, 6, 10, 6, 13, 12, 15, 8, 6, 10, 6, 13, 12, 15]  (2s)
written h_two_v2_t9_4_3-5_2-5.sing; vacuum monic I_1 = 191/375  (2s)
linear eliminations done (1s)
eq  4 -> degree 9, 16 terms  (1s)
eq  5 -> degree 2, 3 terms  (1s)
eq  6 -> degree 18, 71 terms  (1s)
eq 11 -> degree 9, 16 terms  (1s)
eq 12 -> degree 2, 3 terms  (1s)
eq 13 -> degree 18, 71 terms  (2s)
e-relation: degree 12
written h_red_t9_4_3-5_2-5.sing / .ms  (2s)
r11 = 5*rho/13 - 310/169 ; s11 = 5*sig/13 - 310/169
eq 0 -> degree 6, 14 terms
eq 2 -> degree 10, 59 terms
eq 3 -> degree 6, 14 terms
eq 5 -> degree 10, 59 terms
eq 8 -> degree 6, 23 terms
--- eq 0 : qq**3*(7030400*z**2*z2 - 7030400*z*z2**2) + qq**2*(-1757600*rho*z*z2 - 878800*sig*z*z2 + 676000*z**2 + 4867200*z*z2) + qq*(-338000*rho*z - 338000*sig*z + 2548000*z) + 54925*rho**3 - 785850*rho**2 + 3531112*rho - 878800*z - 4924288
--- eq 2 : qq**5*(475255040000*z**4*z2 - 950510080000*z**3*z2**2 + 380204032000*z**2*z2**3) + qq**4*(-83169632000*rho*z**3*z2 + 71288256000*rho*z**2*z2**2 - 59406880000*sig*z**3*z2 + 35644128000*sig*z**2*z2**2 + 18279040000*z**4 - 160855552000*z**3*z2 + 241283328000*z**2*z2**2 - 21934848000*z*z2**3) + qq**3*(11881376000*rho**2*z**2*z2 - 5940688000*rho**2*z*z2**2 + 5940688000*rho*sig*z**2*z2 - 4569760000*rho*z**3 - 34730176000*rho*z**2*z2 + 32902272000*rho*z*z2**2 + 5940688000*sig**2*z**2*z2 - 4569760000*sig*z**3 - 31988320000*sig*z**2*z2 - 2741856000*sig*z*z2**2 + 14060800000*z**3 + 118988113920*z**2*z2 - 50900096000*z*z2**2) + qq**2*(-1485172000*rho**3*z*z2 - 742586000*rho**2*sig*z*z2 + 1142440000*rho
--- eq 3 : qq**3*(7030400*z**2*z2 - 7030400*z*z2**2) + qq**2*(-878800*rho*z*z2 - 1757600*sig*z*z2 + 4867200*z*z2 + 676000*z2**2) + qq*(338000*rho*z2 + 338000*sig*z2 - 2548000*z2) + 54925*sig**3 - 785850*sig**2 + 3531112*sig - 878800*z2 - 4924288
--- eq 5 : qq**5*(380204032000*z**3*z2**2 - 950510080000*z**2*z2**3 + 475255040000*z*z2**4) + qq**4*(-35644128000*rho*z**2*z2**2 + 59406880000*rho*z*z2**3 - 71288256000*sig*z**2*z2**2 + 83169632000*sig*z*z2**3 + 21934848000*z**3*z2 - 241283328000*z**2*z2**2 + 160855552000*z*z2**3 - 18279040000*z2**4) + qq**3*(5940688000*rho**2*z*z2**2 + 5940688000*rho*sig*z*z2**2 - 2741856000*rho*z**2*z2 - 31988320000*rho*z*z2**2 - 4569760000*rho*z2**3 - 5940688000*sig**2*z**2*z2 + 11881376000*sig**2*z*z2**2 + 32902272000*sig*z**2*z2 - 34730176000*sig*z*z2**2 - 4569760000*sig*z2**3 - 50900096000*z**2*z2 + 118988113920*z*z2**2 + 14060800000*z2**3) + qq**2*(-742586000*rho**3*z2**2 + 685464000*rho**2*z*z2 + 8911032000*rho
--- eq 8 : -126750000*ee + qq**3*(17400240000*z**2*z2 - 17400240000*z*z2**2) + qq**2*(-2175030000*rho*z*z2 - 2175030000*sig*z*z2 + 1115400000*z**2 - 2230800000*z*z2 + 1115400000*z2**2) + qq*(-278850000*rho*z + 278850000*rho*z2 - 278850000*sig*z + 278850000*sig*z2 + 1115400000*z - 1115400000*z2) + 45313125*rho**3 - 543757500*rho**2 + 1915742400*rho + 45313125*sig**3 - 543757500*sig**2 + 1915742400*sig - 725010000*z - 725010000*z2 - 3193177568
written (1s)
t9_4_3-5_2-5: vdim 4; I_3: ee**2 - 44804204*ee/7921875 + 387041453018404/62756103515625 ; I_5: ff**2 - 264026572312*ff/28716796875 + 12494231855459916256336/824654422760009765625 ; q3 = r11 + s11: gg   (0s)
