point A: conditions generated (1s)
point B: conditions generated (1s)
14 equations in 14 unknowns (+ q); total degrees [8, 6, 10, 6, 13, 12, 15, 8, 6, 10, 6, 13, 12, 15]  (2s)
written h_two_v2_t2_2-5_1-5.sing; vacuum monic I_1 = 2/15  (2s)
linear eliminations done (1s)
eq  4 -> degree 9, 16 terms  (1s)
eq  5 -> degree 2, 3 terms  (1s)
eq  6 -> degree 18, 70 terms  (2s)
eq 11 -> degree 9, 16 terms  (3s)
eq 12 -> degree 2, 3 terms  (3s)
eq 13 -> degree 18, 70 terms  (3s)
e-relation: degree 12
written h_red_t2_2-5_1-5.sing / .ms  (3s)
r11 = rho/3 - 14/9 ; s11 = sig/3 - 14/9
eq 0 -> degree 6, 14 terms
eq 2 -> degree 10, 59 terms
eq 3 -> degree 6, 14 terms
eq 5 -> degree 10, 59 terms
eq 8 -> degree 6, 23 terms
--- eq 0 : qq**3*(17280*z**2*z2 - 17280*z*z2**2) + qq**2*(-4320*rho*z*z2 - 2160*sig*z*z2 + 1440*z**2 + 11520*z*z2) + qq*(-720*rho*z - 720*sig*z + 5280*z) + 135*rho**3 - 1890*rho**2 + 8664*rho - 2160*z - 12992
--- eq 2 : qq**5*(518400000*z**4*z2 - 1036800000*z**3*z2**2 + 414720000*z**2*z2**3) + qq**4*(-90720000*rho*z**3*z2 + 77760000*rho*z**2*z2**2 - 64800000*sig*z**3*z2 + 38880000*sig*z**2*z2**2 + 17280000*z**4 - 207360000*z**3*z2 + 311040000*z**2*z2**2 - 34560000*z*z2**3) + qq**3*(12960000*rho**2*z**2*z2 - 6480000*rho**2*z*z2**2 + 6480000*rho*sig*z**2*z2 - 4320000*rho*z**3 - 34560000*rho*z**2*z2 + 34560000*rho*z*z2**2 + 6480000*sig**2*z**2*z2 - 4320000*sig*z**3 - 30240000*sig*z**2*z2 - 4320000*sig*z*z2**2 + 11520000*z**3 + 156672000*z**2*z2 - 63360000*z*z2**2) + qq**2*(-1620000*rho**3*z*z2 - 810000*rho**2*sig*z*z2 + 1080000*rho**2*z**2 + 14040000*rho**2*z*z2 + 1080000*rho*sig*z**2 + 4320000*rho*sig*z*z2 - 
--- eq 3 : qq**3*(17280*z**2*z2 - 17280*z*z2**2) + qq**2*(-2160*rho*z*z2 - 4320*sig*z*z2 + 11520*z*z2 + 1440*z2**2) + qq*(720*rho*z2 + 720*sig*z2 - 5280*z2) + 135*sig**3 - 1890*sig**2 + 8664*sig - 2160*z2 - 12992
--- eq 5 : qq**5*(414720000*z**3*z2**2 - 1036800000*z**2*z2**3 + 518400000*z*z2**4) + qq**4*(-38880000*rho*z**2*z2**2 + 64800000*rho*z*z2**3 - 77760000*sig*z**2*z2**2 + 90720000*sig*z*z2**3 + 34560000*z**3*z2 - 311040000*z**2*z2**2 + 207360000*z*z2**3 - 17280000*z2**4) + qq**3*(6480000*rho**2*z*z2**2 + 6480000*rho*sig*z*z2**2 - 4320000*rho*z**2*z2 - 30240000*rho*z*z2**2 - 4320000*rho*z2**3 - 6480000*sig**2*z**2*z2 + 12960000*sig**2*z*z2**2 + 34560000*sig*z**2*z2 - 34560000*sig*z*z2**2 - 4320000*sig*z2**3 - 63360000*z**2*z2 + 156672000*z*z2**2 + 11520000*z2**3) + qq**2*(-810000*rho**3*z2**2 + 1080000*rho**2*z*z2 + 9720000*rho**2*z2**2 + 810000*rho*sig**2*z*z2 - 4320000*rho*sig*z*z2 - 1080000*rho*sig*z2*
--- eq 8 : -90000*ee + qq**3*(19440000*z**2*z2 - 19440000*z*z2**2) + qq**2*(-2430000*rho*z*z2 - 2430000*sig*z*z2 + 1080000*z**2 - 2160000*z*z2 + 1080000*z2**2) + qq*(-270000*rho*z + 270000*rho*z2 - 270000*sig*z + 270000*sig*z2 + 1080000*z - 1080000*z2) + 50625*rho**3 - 607500*rho**2 + 2304000*rho + 50625*sig**3 - 607500*sig**2 + 2304000*sig - 810000*z - 810000*z2 - 5115584
written (1s)
t2_2-5_1-5: vdim 4; I_3: ee**2 - 5552*ee/5625 + 59186176/31640625 ; I_5: ff**2 + 117344*ff/590625 + 49774403584/348837890625 ; q3 = r11 + s11: gg   (1s)
