point A: conditions generated (0s)
point B: conditions generated (1s)
14 equations in 14 unknowns (+ q); total degrees [8, 6, 10, 6, 13, 12, 15, 8, 6, 10, 6, 13, 12, 15]  (2s)
written h_two_v2_t2_11-9_3-4.sing; vacuum monic I_1 = 2521/864  (2s)
linear eliminations done (1s)
eq  4 -> degree 9, 16 terms  (1s)
eq  5 -> degree 2, 3 terms  (1s)
eq  6 -> degree 18, 70 terms  (1s)
eq 11 -> degree 9, 16 terms  (1s)
eq 12 -> degree 2, 3 terms  (1s)
eq 13 -> degree 18, 70 terms  (2s)
e-relation: degree 12
written h_red_t2_11-9_3-4.sing / .ms  (2s)
r11 = rho/3 - 14/9 ; s11 = sig/3 - 14/9
eq 0 -> degree 6, 14 terms
eq 2 -> degree 10, 59 terms
eq 3 -> degree 6, 14 terms
eq 5 -> degree 10, 59 terms
eq 8 -> degree 6, 23 terms
--- eq 0 : qq**3*(62208*z**2*z2 - 62208*z*z2**2) + qq**2*(-15552*rho*z*z2 - 7776*sig*z*z2 + 5184*z**2 + 41472*z*z2) + qq*(-2592*rho*z - 2592*sig*z + 19008*z) + 486*rho**3 - 6804*rho**2 + 23973*rho - 7776*z - 13090
--- eq 2 : qq**5*(14929920*z**4*z2 - 29859840*z**3*z2**2 + 11943936*z**2*z2**3) + qq**4*(-2612736*rho*z**3*z2 + 2239488*rho*z**2*z2**2 - 1866240*sig*z**3*z2 + 1119744*sig*z**2*z2**2 + 497664*z**4 - 5971968*z**3*z2 + 8957952*z**2*z2**2 - 995328*z*z2**3) + qq**3*(373248*rho**2*z**2*z2 - 186624*rho**2*z*z2**2 + 186624*rho*sig*z**2*z2 - 124416*rho*z**3 - 995328*rho*z**2*z2 + 995328*rho*z*z2**2 + 186624*sig**2*z**2*z2 - 124416*sig*z**3 - 870912*sig*z**2*z2 - 124416*sig*z*z2**2 + 331776*z**3 + 1740672*z**2*z2 - 1824768*z*z2**2) + qq**2*(-46656*rho**3*z*z2 - 23328*rho**2*sig*z*z2 + 31104*rho**2*z**2 + 404352*rho**2*z*z2 + 31104*rho*sig*z**2 + 124416*rho*sig*z*z2 - 248832*rho*z**2 - 1119744*rho*z*z2 + 23328*si
--- eq 3 : qq**3*(62208*z**2*z2 - 62208*z*z2**2) + qq**2*(-7776*rho*z*z2 - 15552*sig*z*z2 + 41472*z*z2 + 5184*z2**2) + qq*(2592*rho*z2 + 2592*sig*z2 - 19008*z2) + 486*sig**3 - 6804*sig**2 + 23973*sig - 7776*z2 - 13090
--- eq 5 : qq**5*(11943936*z**3*z2**2 - 29859840*z**2*z2**3 + 14929920*z*z2**4) + qq**4*(-1119744*rho*z**2*z2**2 + 1866240*rho*z*z2**3 - 2239488*sig*z**2*z2**2 + 2612736*sig*z*z2**3 + 995328*z**3*z2 - 8957952*z**2*z2**2 + 5971968*z*z2**3 - 497664*z2**4) + qq**3*(186624*rho**2*z*z2**2 + 186624*rho*sig*z*z2**2 - 124416*rho*z**2*z2 - 870912*rho*z*z2**2 - 124416*rho*z2**3 - 186624*sig**2*z**2*z2 + 373248*sig**2*z*z2**2 + 995328*sig*z**2*z2 - 995328*sig*z*z2**2 - 124416*sig*z2**3 - 1824768*z**2*z2 + 1740672*z*z2**2 + 331776*z2**3) + qq**2*(-23328*rho**3*z2**2 + 31104*rho**2*z*z2 + 279936*rho**2*z2**2 + 23328*rho*sig**2*z*z2 - 124416*rho*sig*z*z2 - 31104*rho*sig*z2**2 - 41472*rho*z*z2 - 715248*rho*z2**2 + 46
--- eq 8 : -746496*ee + qq**3*(161243136*z**2*z2 - 161243136*z*z2**2) + qq**2*(-20155392*rho*z*z2 - 20155392*sig*z*z2 + 8957952*z**2 - 17915904*z*z2 + 8957952*z2**2) + qq*(-2239488*rho*z + 2239488*rho*z2 - 2239488*sig*z + 2239488*sig*z2 + 8957952*z - 8957952*z2) + 419904*rho**3 - 5038848*rho**2 + 12874464*rho + 419904*sig**3 - 5038848*sig**2 + 12874464*sig - 6718464*z - 6718464*z2 + 8195761
written (1s)
t2_11-9_3-4: vdim 4; I_3: ee**2 - 9422641*ee/373248 - 12565729888415/557256278016 ; I_5: ff**2 - 191975943679*ff/2257403904 - 108075832127220807490559/20383489543177764864 ; q3 = r11 + s11: gg   (0s)
