point A: conditions generated (1s)
point B: conditions generated (1s)
14 equations in 14 unknowns (+ q); total degrees [8, 6, 10, 6, 13, 12, 15, 8, 6, 10, 6, 13, 12, 15]  (2s)
written h_two_v2_t9_4_3-7_8-7.sing; vacuum monic I_1 = 1301/735  (2s)
linear eliminations done (1s)
eq  4 -> degree 9, 16 terms  (1s)
eq  5 -> degree 2, 3 terms  (1s)
eq  6 -> degree 18, 71 terms  (1s)
eq 11 -> degree 9, 16 terms  (1s)
eq 12 -> degree 2, 3 terms  (1s)
eq 13 -> degree 18, 71 terms  (2s)
e-relation: degree 12
written h_red_t9_4_3-7_8-7.sing / .ms  (2s)
r11 = 5*rho/13 - 310/169 ; s11 = 5*sig/13 - 310/169
eq 0 -> degree 6, 14 terms
eq 2 -> degree 10, 59 terms
eq 3 -> degree 6, 14 terms
eq 5 -> degree 10, 59 terms
eq 8 -> degree 6, 23 terms
--- eq 0 : qq**3*(13779584*z**2*z2 - 13779584*z*z2**2) + qq**2*(-3444896*rho*z*z2 - 1722448*sig*z*z2 + 1324960*z**2 + 9539712*z*z2) + qq*(-662480*rho*z - 662480*sig*z + 4994080*z) + 107653*rho**3 - 1540266*rho**2 + 6085768*rho - 1722448*z - 5668288
--- eq 2 : qq**5*(9128698808320*z**4*z2 - 18257397616640*z**3*z2**2 + 7302959046656*z**2*z2**3) + qq**4*(-1597522291456*rho*z**3*z2 + 1369304821248*rho*z**2*z2**2 - 1141087351040*sig*z**3*z2 + 684652410624*sig*z**2*z2**2 + 351103800320*z**4 - 3089713442816*z**3*z2 + 4634570164224*z**2*z2**2 - 421324560384*z*z2**3) + qq**3*(228217470208*rho**2*z**2*z2 - 114108735104*rho**2*z*z2**2 + 114108735104*rho*sig*z**2*z2 - 87775950080*rho*z**3 - 667097220608*rho*z**2*z2 + 631986840576*rho*z*z2**2 + 114108735104*sig**2*z**2*z2 - 87775950080*sig*z**3 - 614431650560*sig*z**2*z2 - 52665570048*sig*z*z2**2 + 270079846400*z**3 + 1400226207744*z**2*z2 - 977689043968*z*z2**2) + qq**2*(-28527183776*rho**3*z*z2 - 1426359188
--- eq 3 : qq**3*(13779584*z**2*z2 - 13779584*z*z2**2) + qq**2*(-1722448*rho*z*z2 - 3444896*sig*z*z2 + 9539712*z*z2 + 1324960*z2**2) + qq*(662480*rho*z2 + 662480*sig*z2 - 4994080*z2) + 107653*sig**3 - 1540266*sig**2 + 6085768*sig - 1722448*z2 - 5668288
--- eq 5 : qq**5*(7302959046656*z**3*z2**2 - 18257397616640*z**2*z2**3 + 9128698808320*z*z2**4) + qq**4*(-684652410624*rho*z**2*z2**2 + 1141087351040*rho*z*z2**3 - 1369304821248*sig*z**2*z2**2 + 1597522291456*sig*z*z2**3 + 421324560384*z**3*z2 - 4634570164224*z**2*z2**2 + 3089713442816*z*z2**3 - 351103800320*z2**4) + qq**3*(114108735104*rho**2*z*z2**2 + 114108735104*rho*sig*z*z2**2 - 52665570048*rho*z**2*z2 - 614431650560*rho*z*z2**2 - 87775950080*rho*z2**3 - 114108735104*sig**2*z**2*z2 + 228217470208*sig**2*z*z2**2 + 631986840576*sig*z**2*z2 - 667097220608*sig*z*z2**2 - 87775950080*sig*z2**3 - 977689043968*z**2*z2 + 1400226207744*z*z2**2 + 270079846400*z2**3) + qq**2*(-14263591888*rho**3*z2**2 + 13166
--- eq 8 : -486922800*ee + qq**3*(66844761984*z**2*z2 - 66844761984*z*z2**2) + qq**2*(-8355595248*rho*z*z2 - 8355595248*sig*z*z2 + 4284920640*z**2 - 8569841280*z*z2 + 4284920640*z2**2) + qq*(-1071230160*rho*z + 1071230160*rho*z2 - 1071230160*sig*z + 1071230160*sig*z2 + 4284920640*z - 4284920640*z2) + 174074901*rho**3 - 2088898812*rho**2 + 6008978976*rho + 174074901*sig**3 - 2088898812*sig**2 + 6008978976*sig - 2785198416*z - 2785198416*z2 - 224784992
written (1s)
t9_4_3-7_8-7: vdim 4; I_3: ee**2 - 126757756*ee/6086535 - 213233838902012/37045908306225 ; I_5: ff**2 - 19195645895032*ff/216224155875 - 22523821191667536005429744/46752885583856297015625 ; q3 = r11 + s11: gg   (0s)
