point A: conditions generated (1s)
point B: conditions generated (1s)
14 equations in 14 unknowns (+ q); total degrees [8, 6, 10, 6, 13, 12, 15, 8, 6, 10, 6, 13, 12, 15]  (2s)
written h_two_v2_t9_4_6-5_7-9.sing; vacuum monic I_1 = 25229/10125  (2s)
linear eliminations done (1s)
eq  4 -> degree 9, 16 terms  (1s)
eq  5 -> degree 2, 3 terms  (1s)
eq  6 -> degree 18, 71 terms  (1s)
eq 11 -> degree 9, 16 terms  (2s)
eq 12 -> degree 2, 3 terms  (2s)
eq 13 -> degree 18, 71 terms  (2s)
e-relation: degree 12
written h_red_t9_4_6-5_7-9.sing / .ms  (2s)
r11 = 5*rho/13 - 310/169 ; s11 = 5*sig/13 - 310/169
eq 0 -> degree 6, 14 terms
eq 2 -> degree 10, 59 terms
eq 3 -> degree 6, 14 terms
eq 5 -> degree 10, 59 terms
eq 8 -> degree 6, 23 terms
--- eq 0 : qq**3*(569462400*z**2*z2 - 569462400*z*z2**2) + qq**2*(-142365600*rho*z*z2 - 71182800*sig*z*z2 + 54756000*z**2 + 394243200*z*z2) + qq*(-27378000*rho*z - 27378000*sig*z + 206388000*z) + 4448925*rho**3 - 63653850*rho**2 + 231745384*rho - 71182800*z - 140018816
--- eq 2 : qq**5*(7699131648000*z**4*z2 - 15398263296000*z**3*z2**2 + 6159305318400*z**2*z2**3) + qq**4*(-1347348038400*rho*z**3*z2 + 1154869747200*rho*z**2*z2**2 - 962391456000*sig*z**3*z2 + 577434873600*sig*z**2*z2**2 + 296120448000*z**4 - 2605859942400*z**3*z2 + 3908789913600*z**2*z2**2 - 355344537600*z*z2**3) + qq**3*(192478291200*rho**2*z**2*z2 - 96239145600*rho**2*z*z2**2 + 96239145600*rho*sig*z**2*z2 - 74030112000*rho*z**3 - 562628851200*rho*z**2*z2 + 533016806400*rho*z*z2**2 + 96239145600*sig**2*z**2*z2 - 74030112000*sig*z**3 - 518210784000*sig*z**2*z2 - 44418067200*sig*z*z2**2 + 227784960000*z**3 + 753537394688*z**2*z2 - 824581555200*z*z2**2) + qq**2*(-24059786400*rho**3*z*z2 - 12029893200*rho
--- eq 3 : qq**3*(569462400*z**2*z2 - 569462400*z*z2**2) + qq**2*(-71182800*rho*z*z2 - 142365600*sig*z*z2 + 394243200*z*z2 + 54756000*z2**2) + qq*(27378000*rho*z2 + 27378000*sig*z2 - 206388000*z2) + 4448925*sig**3 - 63653850*sig**2 + 231745384*sig - 71182800*z2 - 140018816
--- eq 5 : qq**5*(6159305318400*z**3*z2**2 - 15398263296000*z**2*z2**3 + 7699131648000*z*z2**4) + qq**4*(-577434873600*rho*z**2*z2**2 + 962391456000*rho*z*z2**3 - 1154869747200*sig*z**2*z2**2 + 1347348038400*sig*z*z2**3 + 355344537600*z**3*z2 - 3908789913600*z**2*z2**2 + 2605859942400*z*z2**3 - 296120448000*z2**4) + qq**3*(96239145600*rho**2*z*z2**2 + 96239145600*rho*sig*z*z2**2 - 44418067200*rho*z**2*z2 - 518210784000*rho*z*z2**2 - 74030112000*rho*z2**3 - 96239145600*sig**2*z**2*z2 + 192478291200*sig**2*z*z2**2 + 533016806400*sig*z**2*z2 - 562628851200*sig*z*z2**2 - 74030112000*sig*z2**3 - 824581555200*z**2*z2 + 753537394688*z*z2**2 + 227784960000*z2**3) + qq**2*(-12029893200*rho**3*z2**2 + 1110451680
--- eq 8 : -277202250000*ee + qq**3*(38054324880000*z**2*z2 - 38054324880000*z*z2**2) + qq**2*(-4756790610000*rho*z*z2 - 4756790610000*sig*z*z2 + 2439379800000*z**2 - 4878759600000*z*z2 + 2439379800000*z2**2) + qq*(-609844950000*rho*z + 609844950000*rho*z2 - 609844950000*sig*z + 609844950000*sig*z2 + 2439379800000*z - 2439379800000*z2) + 99099804375*rho**3 - 1189197652500*rho**2 + 2980759953600*rho + 99099804375*sig**3 - 1189197652500*sig**2 + 2980759953600*sig - 1585596870000*z - 1585596870000*z2 + 3357552026464
written (1s)
t9_4_6-5_7-9: vdim 4; I_3: ee**2 - 456412647908*ee/17325140625 + 25179933024167433194116/300160497676025390625 ; I_5: ff**2 - 435742451449427528*ff/5087094416015625 - 43167093570028313827728569493952304/25878529597457352756500244140625 ; q3 = r11 + s11: gg   (0s)
