point A: conditions generated (1s)
point B: conditions generated (1s)
14 equations in 14 unknowns (+ q); total degrees [8, 6, 10, 6, 13, 12, 15, 8, 6, 10, 6, 13, 12, 15]  (2s)
written h_two_v2_t2_10-9_7-8.sing; vacuum monic I_1 = 9793/3456  (2s)
linear eliminations done (1s)
eq  4 -> degree 9, 16 terms  (1s)
eq  5 -> degree 2, 3 terms  (1s)
eq  6 -> degree 18, 70 terms  (1s)
eq 11 -> degree 9, 16 terms  (1s)
eq 12 -> degree 2, 3 terms  (1s)
eq 13 -> degree 18, 70 terms  (2s)
e-relation: degree 12
written h_red_t2_10-9_7-8.sing / .ms  (2s)
r11 = rho/3 - 14/9 ; s11 = sig/3 - 14/9
eq 0 -> degree 6, 14 terms
eq 2 -> degree 10, 59 terms
eq 3 -> degree 6, 14 terms
eq 5 -> degree 10, 59 terms
eq 8 -> degree 6, 23 terms
--- eq 0 : qq**3*(248832*z**2*z2 - 248832*z*z2**2) + qq**2*(-62208*rho*z*z2 - 31104*sig*z*z2 + 20736*z**2 + 165888*z*z2) + qq*(-10368*rho*z - 10368*sig*z + 76032*z) + 1944*rho**3 - 27216*rho**2 + 96765*rho - 31104*z - 56434
--- eq 2 : qq**5*(59719680*z**4*z2 - 119439360*z**3*z2**2 + 47775744*z**2*z2**3) + qq**4*(-10450944*rho*z**3*z2 + 8957952*rho*z**2*z2**2 - 7464960*sig*z**3*z2 + 4478976*sig*z**2*z2**2 + 1990656*z**4 - 23887872*z**3*z2 + 35831808*z**2*z2**2 - 3981312*z*z2**3) + qq**3*(1492992*rho**2*z**2*z2 - 746496*rho**2*z*z2**2 + 746496*rho*sig*z**2*z2 - 497664*rho*z**3 - 3981312*rho*z**2*z2 + 3981312*rho*z*z2**2 + 746496*sig**2*z**2*z2 - 497664*sig*z**3 - 3483648*sig*z**2*z2 - 497664*sig*z*z2**2 + 1327104*z**3 + 7297920*z**2*z2 - 7299072*z*z2**2) + qq**2*(-186624*rho**3*z*z2 - 93312*rho**2*sig*z*z2 + 124416*rho**2*z**2 + 1617408*rho**2*z*z2 + 124416*rho*sig*z**2 + 497664*rho*sig*z*z2 - 995328*rho*z**2 - 4478976*rho*
--- eq 3 : qq**3*(248832*z**2*z2 - 248832*z*z2**2) + qq**2*(-31104*rho*z*z2 - 62208*sig*z*z2 + 165888*z*z2 + 20736*z2**2) + qq*(10368*rho*z2 + 10368*sig*z2 - 76032*z2) + 1944*sig**3 - 27216*sig**2 + 96765*sig - 31104*z2 - 56434
--- eq 5 : qq**5*(47775744*z**3*z2**2 - 119439360*z**2*z2**3 + 59719680*z*z2**4) + qq**4*(-4478976*rho*z**2*z2**2 + 7464960*rho*z*z2**3 - 8957952*sig*z**2*z2**2 + 10450944*sig*z*z2**3 + 3981312*z**3*z2 - 35831808*z**2*z2**2 + 23887872*z*z2**3 - 1990656*z2**4) + qq**3*(746496*rho**2*z*z2**2 + 746496*rho*sig*z*z2**2 - 497664*rho*z**2*z2 - 3483648*rho*z*z2**2 - 497664*rho*z2**3 - 746496*sig**2*z**2*z2 + 1492992*sig**2*z*z2**2 + 3981312*sig*z**2*z2 - 3981312*sig*z*z2**2 - 497664*sig*z2**3 - 7299072*z**2*z2 + 7297920*z*z2**2 + 1327104*z2**3) + qq**2*(-93312*rho**3*z2**2 + 124416*rho**2*z*z2 + 1119744*rho**2*z2**2 + 93312*rho*sig**2*z*z2 - 497664*rho*sig*z*z2 - 124416*rho*sig*z2**2 - 165888*rho*z*z2 - 290289
--- eq 8 : -11943936*ee + qq**3*(2579890176*z**2*z2 - 2579890176*z*z2**2) + qq**2*(-322486272*rho*z*z2 - 322486272*sig*z*z2 + 143327232*z**2 - 286654464*z*z2 + 143327232*z2**2) + qq*(-35831808*rho*z + 35831808*rho*z2 - 35831808*sig*z + 35831808*sig*z2 + 143327232*z - 143327232*z2) + 6718464*rho**3 - 80621568*rho**2 + 209008512*rho + 6718464*sig**3 - 80621568*sig**2 + 209008512*sig - 107495424*z - 107495424*z2 + 89930881
written (1s)
t2_10-9_7-8: vdim 4; I_3: ee**2 - 129674881*ee/5971968 + 1758151621188865/142657607172096 ; I_5: ff**2 - 5653201025095*ff/144473849856 - 292952518183243862514359375/83490773168856124882944 ; q3 = r11 + s11: gg   (0s)
