point A: conditions generated (1s)
point B: conditions generated (1s)
14 equations in 14 unknowns (+ q); total degrees [8, 6, 10, 6, 13, 12, 15, 8, 6, 10, 6, 13, 12, 15]  (2s)
written h_two_v2_t2_10-9_2-9.sing; vacuum monic I_1 = 95/54  (2s)
linear eliminations done (1s)
eq  4 -> degree 9, 16 terms  (1s)
eq  5 -> degree 2, 3 terms  (1s)
eq  6 -> degree 18, 70 terms  (1s)
eq 11 -> degree 9, 16 terms  (1s)
eq 12 -> degree 2, 3 terms  (1s)
eq 13 -> degree 18, 70 terms  (2s)
e-relation: degree 12
written h_red_t2_10-9_2-9.sing / .ms  (2s)
r11 = rho/3 - 14/9 ; s11 = sig/3 - 14/9
eq 0 -> degree 6, 14 terms
eq 2 -> degree 10, 59 terms
eq 3 -> degree 6, 14 terms
eq 5 -> degree 10, 59 terms
eq 8 -> degree 6, 23 terms
--- eq 0 : qq**3*(31104*z**2*z2 - 31104*z*z2**2) + qq**2*(-7776*rho*z*z2 - 3888*sig*z*z2 + 2592*z**2 + 20736*z*z2) + qq*(-1296*rho*z - 1296*sig*z + 9504*z) + 243*rho**3 - 3402*rho**2 + 13488*rho - 3888*z - 13552
--- eq 2 : qq**5*(201553920*z**4*z2 - 403107840*z**3*z2**2 + 161243136*z**2*z2**3) + qq**4*(-35271936*rho*z**3*z2 + 30233088*rho*z**2*z2**2 - 25194240*sig*z**3*z2 + 15116544*sig*z**2*z2**2 + 6718464*z**4 - 80621568*z**3*z2 + 120932352*z**2*z2**2 - 13436928*z*z2**3) + qq**3*(5038848*rho**2*z**2*z2 - 2519424*rho**2*z*z2**2 + 2519424*rho*sig*z**2*z2 - 1679616*rho*z**3 - 13436928*rho*z**2*z2 + 13436928*rho*z*z2**2 + 2519424*sig**2*z**2*z2 - 1679616*sig*z**3 - 11757312*sig*z**2*z2 - 1679616*sig*z*z2**2 + 4478976*z**3 + 39066624*z**2*z2 - 24634368*z*z2**2) + qq**2*(-629856*rho**3*z*z2 - 314928*rho**2*sig*z*z2 + 419904*rho**2*z**2 + 5458752*rho**2*z*z2 + 419904*rho*sig*z**2 + 1679616*rho*sig*z*z2 - 3359232*rh
--- eq 3 : qq**3*(31104*z**2*z2 - 31104*z*z2**2) + qq**2*(-3888*rho*z*z2 - 7776*sig*z*z2 + 20736*z*z2 + 2592*z2**2) + qq*(1296*rho*z2 + 1296*sig*z2 - 9504*z2) + 243*sig**3 - 3402*sig**2 + 13488*sig - 3888*z2 - 13552
--- eq 5 : qq**5*(161243136*z**3*z2**2 - 403107840*z**2*z2**3 + 201553920*z*z2**4) + qq**4*(-15116544*rho*z**2*z2**2 + 25194240*rho*z*z2**3 - 30233088*sig*z**2*z2**2 + 35271936*sig*z*z2**3 + 13436928*z**3*z2 - 120932352*z**2*z2**2 + 80621568*z*z2**3 - 6718464*z2**4) + qq**3*(2519424*rho**2*z*z2**2 + 2519424*rho*sig*z*z2**2 - 1679616*rho*z**2*z2 - 11757312*rho*z*z2**2 - 1679616*rho*z2**3 - 2519424*sig**2*z**2*z2 + 5038848*sig**2*z*z2**2 + 13436928*sig*z**2*z2 - 13436928*sig*z*z2**2 - 1679616*sig*z2**3 - 24634368*z**2*z2 + 39066624*z*z2**2 + 4478976*z2**3) + qq**2*(-314928*rho**3*z2**2 + 419904*rho**2*z*z2 + 3779136*rho**2*z2**2 + 314928*rho*sig**2*z*z2 - 1679616*rho*sig*z*z2 - 419904*rho*sig*z2**2 - 559
--- eq 8 : -432*ee + qq**3*(93312*z**2*z2 - 93312*z*z2**2) + qq**2*(-11664*rho*z*z2 - 11664*sig*z*z2 + 5184*z**2 - 10368*z*z2 + 5184*z2**2) + qq*(-1296*rho*z + 1296*rho*z2 - 1296*sig*z + 1296*sig*z2 + 5184*z - 5184*z2) + 243*rho**3 - 2916*rho**2 + 8952*rho + 243*sig**3 - 2916*sig**2 + 8952*sig - 3888*z - 3888*z2 - 6580
written (1s)
t2_10-9_2-9: vdim 4; I_3: ee**2 - 115*ee/6 - 931975/11664 ; I_5: ff**2 - 60190013*ff/551124 + 657449372940169/1214950653504 ; q3 = r11 + s11: gg   (0s)
