point A: conditions generated (1s)
point B: conditions generated (1s)
14 equations in 14 unknowns (+ q); total degrees [8, 6, 10, 6, 13, 12, 15, 8, 6, 10, 6, 13, 12, 15]  (2s)
written h_two_v2_t9_4_9-7_5-4.sing; vacuum monic I_1 = 94399/23520  (2s)
linear eliminations done (1s)
eq  4 -> degree 9, 16 terms  (1s)
eq  5 -> degree 2, 3 terms  (1s)
eq  6 -> degree 18, 71 terms  (1s)
eq 11 -> degree 9, 16 terms  (1s)
eq 12 -> degree 2, 3 terms  (2s)
eq 13 -> degree 18, 71 terms  (2s)
e-relation: degree 12
written h_red_t9_4_9-7_5-4.sing / .ms  (2s)
r11 = 5*rho/13 - 310/169 ; s11 = 5*sig/13 - 310/169
eq 0 -> degree 6, 14 terms
eq 2 -> degree 10, 59 terms
eq 3 -> degree 6, 14 terms
eq 5 -> degree 10, 59 terms
eq 8 -> degree 6, 23 terms
--- eq 0 : qq**3*(27559168*z**2*z2 - 27559168*z*z2**2) + qq**2*(-6889792*rho*z*z2 - 3444896*sig*z*z2 + 2649920*z**2 + 19079424*z*z2) + qq*(-1324960*rho*z - 1324960*sig*z + 9988160*z) + 215306*rho**3 - 3080532*rho**2 + 9198995*rho - 3444896*z + 2840158
--- eq 2 : qq**5*(372599951360*z**4*z2 - 745199902720*z**3*z2**2 + 298079961088*z**2*z2**3) + qq**4*(-65204991488*rho*z**3*z2 + 55889992704*rho*z**2*z2**2 - 46574993920*sig*z**3*z2 + 27944996352*sig*z**2*z2**2 + 14330767360*z**4 - 126110752768*z**3*z2 + 189166129152*z**2*z2**2 - 17196920832*z*z2**3) + qq**3*(9314998784*rho**2*z**2*z2 - 4657499392*rho**2*z*z2**2 + 4657499392*rho*sig*z**2*z2 - 3582691840*rho*z**3 - 27228457984*rho*z**2*z2 + 25795381248*rho*z*z2**2 + 4657499392*sig**2*z**2*z2 - 3582691840*sig*z**3 - 25078842880*sig*z**2*z2 - 2149615104*sig*z*z2**2 + 11023667200*z**3 - 7149916800*z**2*z2 - 39905675264*z*z2**2) + qq**2*(-1164374848*rho**3*z*z2 - 582187424*rho**2*sig*z*z2 + 895672960*rho**2*
--- eq 3 : qq**3*(27559168*z**2*z2 - 27559168*z*z2**2) + qq**2*(-3444896*rho*z*z2 - 6889792*sig*z*z2 + 19079424*z*z2 + 2649920*z2**2) + qq*(1324960*rho*z2 + 1324960*sig*z2 - 9988160*z2) + 215306*sig**3 - 3080532*sig**2 + 9198995*sig - 3444896*z2 + 2840158
--- eq 5 : qq**5*(298079961088*z**3*z2**2 - 745199902720*z**2*z2**3 + 372599951360*z*z2**4) + qq**4*(-27944996352*rho*z**2*z2**2 + 46574993920*rho*z*z2**3 - 55889992704*sig*z**2*z2**2 + 65204991488*sig*z*z2**3 + 17196920832*z**3*z2 - 189166129152*z**2*z2**2 + 126110752768*z*z2**3 - 14330767360*z2**4) + qq**3*(4657499392*rho**2*z*z2**2 + 4657499392*rho*sig*z*z2**2 - 2149615104*rho*z**2*z2 - 25078842880*rho*z*z2**2 - 3582691840*rho*z2**3 - 4657499392*sig**2*z**2*z2 + 9314998784*sig**2*z*z2**2 + 25795381248*sig*z**2*z2 - 27228457984*sig*z*z2**2 - 3582691840*sig*z2**3 - 39905675264*z**2*z2 - 7149916800*z*z2**2 + 11023667200*z2**3) + qq**2*(-582187424*rho**3*z2**2 + 537403776*rho**2*z*z2 + 6986249088*rho**2
--- eq 8 : -31163059200*ee + qq**3*(4278064766976*z**2*z2 - 4278064766976*z*z2**2) + qq**2*(-534758095872*rho*z*z2 - 534758095872*sig*z*z2 + 274234920960*z**2 - 548469841920*z*z2 + 274234920960*z2**2) + qq*(-68558730240*rho*z + 68558730240*rho*z2 - 68558730240*sig*z + 68558730240*sig*z2 + 274234920960*z - 274234920960*z2) + 11140793664*rho**3 - 133689523968*rho**2 + 230763492960*rho + 11140793664*sig**3 - 133689523968*sig**2 + 230763492960*sig - 178252698624*z - 178252698624*z2 + 1242252016099
written (1s)
t9_4_9-7_5-4: vdim 4; I_3: ee**2 - 126061095239*ee/3116305920 + 11876657531730194387377/38845450348108185600 ; I_5: ff**2 - 350885388528361411*ff/3542616569856000 - 361288572937007509415559837365449079/50200528644073165311442944000000 ; q3 = r11 + s11: gg   (0s)
