point A: conditions generated (1s)
point B: conditions generated (1s)
14 equations in 14 unknowns (+ q); total degrees [8, 6, 10, 6, 13, 12, 15, 8, 6, 10, 6, 13, 12, 15]  (2s)
written h_two_v2_t9_4_4-9_9-8.sing; vacuum monic I_1 = 17993/10368  (2s)
linear eliminations done (1s)
eq  4 -> degree 9, 16 terms  (1s)
eq  5 -> degree 2, 3 terms  (1s)
eq  6 -> degree 18, 71 terms  (1s)
eq 11 -> degree 9, 16 terms  (1s)
eq 12 -> degree 2, 3 terms  (1s)
eq 13 -> degree 18, 71 terms  (2s)
e-relation: degree 12
written h_red_t9_4_4-9_9-8.sing / .ms  (2s)
r11 = 5*rho/13 - 310/169 ; s11 = 5*sig/13 - 310/169
eq 0 -> degree 6, 14 terms
eq 2 -> degree 10, 59 terms
eq 3 -> degree 6, 14 terms
eq 5 -> degree 10, 59 terms
eq 8 -> degree 6, 23 terms
--- eq 0 : qq**3*(182227968*z**2*z2 - 182227968*z*z2**2) + qq**2*(-45556992*rho*z*z2 - 22778496*sig*z*z2 + 17521920*z**2 + 126157824*z*z2) + qq*(-8760960*rho*z - 8760960*sig*z + 66044160*z) + 1423656*rho**3 - 20369232*rho**2 + 80784587*rho - 22778496*z - 76407250
--- eq 2 : qq**5*(2463722127360*z**4*z2 - 4927444254720*z**3*z2**2 + 1970977701888*z**2*z2**3) + qq**4*(-431151372288*rho*z**3*z2 + 369558319104*rho*z**2*z2**2 - 307965265920*sig*z**3*z2 + 184779159552*sig*z**2*z2**2 + 94758543360*z**4 - 833875181568*z**3*z2 + 1250812772352*z**2*z2**2 - 113710252032*z*z2**3) + qq**3*(61593053184*rho**2*z**2*z2 - 30796526592*rho**2*z*z2**2 + 30796526592*rho*sig*z**2*z2 - 23689635840*rho*z**3 - 180041232384*rho*z**2*z2 + 170565378048*rho*z*z2**2 + 30796526592*sig**2*z**2*z2 - 23689635840*sig*z**3 - 165827450880*sig*z**2*z2 - 14213781504*sig*z*z2**2 + 72891187200*z**3 + 384466985344*z**2*z2 - 263866097664*z*z2**2) + qq**2*(-7699131648*rho**3*z*z2 - 3849565824*rho**2*sig*z
--- eq 3 : qq**3*(182227968*z**2*z2 - 182227968*z*z2**2) + qq**2*(-22778496*rho*z*z2 - 45556992*sig*z*z2 + 126157824*z*z2 + 17521920*z2**2) + qq*(8760960*rho*z2 + 8760960*sig*z2 - 66044160*z2) + 1423656*sig**3 - 20369232*sig**2 + 80784587*sig - 22778496*z2 - 76407250
--- eq 5 : qq**5*(1970977701888*z**3*z2**2 - 4927444254720*z**2*z2**3 + 2463722127360*z*z2**4) + qq**4*(-184779159552*rho*z**2*z2**2 + 307965265920*rho*z*z2**3 - 369558319104*sig*z**2*z2**2 + 431151372288*sig*z*z2**3 + 113710252032*z**3*z2 - 1250812772352*z**2*z2**2 + 833875181568*z*z2**3 - 94758543360*z2**4) + qq**3*(30796526592*rho**2*z*z2**2 + 30796526592*rho*sig*z*z2**2 - 14213781504*rho*z**2*z2 - 165827450880*rho*z*z2**2 - 23689635840*rho*z2**3 - 30796526592*sig**2*z**2*z2 + 61593053184*sig**2*z*z2**2 + 170565378048*sig*z**2*z2 - 180041232384*sig*z*z2**2 - 23689635840*sig*z2**3 - 263866097664*z**2*z2 + 384466985344*z*z2**2 + 72891187200*z2**3) + qq**2*(-3849565824*rho**3*z2**2 + 3553445376*rho**2*
--- eq 8 : -454168166400*ee + qq**3*(62348205883392*z**2*z2 - 62348205883392*z*z2**2) + qq**2*(-7793525735424*rho*z*z2 - 7793525735424*sig*z*z2 + 3996679864320*z**2 - 7993359728640*z*z2 + 3996679864320*z2**2) + qq*(-999169966080*rho*z + 999169966080*rho*z2 - 999169966080*sig*z + 999169966080*sig*z2 + 3996679864320*z - 3996679864320*z2) + 162365119488*rho**3 - 1948381433856*rho**2 + 5639366468736*rho + 162365119488*sig**3 - 1948381433856*sig**2 + 5639366468736*sig - 2597841911808*z - 2597841911808*z2 - 576738665903
written (1s)
t9_4_4-9_9-8: vdim 4; I_3: ee**2 - 4576074182737*ee/227084083200 - 511013444732217760974431/206268723371138088960000 ; I_5: ff**2 - 5645340802172531413*ff/68277825463910400 - 8391976774076097176483163502979717831/18647445800320845715891436912640000 ; q3 = r11 + s11: gg   (0s)
