point A: conditions generated (1s)
point B: conditions generated (1s)
8 equations in 9 unknowns; total degrees [6, 1, 6, 11, 6, 1, 6, 11]
written h_two_free_t2_1-2_1-3.sing (1s); running Singular
Traceback (most recent call last):
  File "<home>/fable-work/exc3/h_two_sol2.py", line 117, in <module>
    lines += ['ideal J%s = eliminate(G, %s*%s);' % (nm, elim_core, others), 'print("eliminant %s:"); J%s;' % (nm, nm)]
      ^^^^^^^^^^^^^^^^^^^^^^^^^^^^^^^^^^^^^^^^^^^^^^^^^^^^^^^^^^^^^^^^^^^^^^^^^^^^^^^^^^^^^^^^^^^^^^^^^^^^^^^^^^^^^^^^^
  File "<home>/python312/lib/python3.12/subprocess.py", line 550, in run
    stdout, stderr = process.communicate(input, timeout=timeout)
                     ^^^^^^^^^^^^^^^^^^^^^^^^^^^^^^^^^^^^^^^^^^^
  File "<home>/python312/lib/python3.12/subprocess.py", line 1209, in communicate
    stdout, stderr = self._communicate(input, endtime, timeout)
                     ^^^^^^^^^^^^^^^^^^^^^^^^^^^^^^^^^^^^^^^^^^
  File "<home>/python312/lib/python3.12/subprocess.py", line 2116, in _communicate
    self._check_timeout(endtime, orig_timeout, stdout, stderr)
  File "<home>/python312/lib/python3.12/subprocess.py", line 1253, in _check_timeout
    raise TimeoutExpired(
subprocess.TimeoutExpired: Command '['<home>/ib-lab/solvers/env/bin/Singular', '-q']' timed out after 3000 seconds
exit 1
