point A: conditions generated (1s)
point B: conditions generated (1s)
8 equations in 7 unknowns; total degrees [3, 1, 4, 6, 3, 1, 4, 6]
written h_two_sym_t2_1-5_1-3.sing (2s); running Singular
dim:
0
vdim:
4
eliminant ii:
Jii[1]=25*ii-53
eliminant ee:
Jee[1]=900000000*ee^2-19518420000*ee+36816604249
eliminant ff:
Jff[1]=142884000000000000*ff^2+2554312842396000000*ff+551144510901267481
eliminant jj:
Jjj[1]=jj
eliminant kk:
Jkk[1]=kk
eliminant z:
Jz[1]=4947600*z^4+645089*z^2+10000

done (3s)
exit 0
