point A: conditions generated (1s)
point B: conditions generated (2s)
8 equations in 7 unknowns; total degrees [3, 1, 4, 6, 3, 1, 4, 6]
written h_two_sym_t2_2-7_1-4.sing (3s); running Singular
dim:
0
vdim:
4
eliminant ii:
Jii[1]=4704*ii-10217
eliminant ee:
Jee[1]=7650490466304*ee^2-116418017979648*ee-549442606198055
eliminant ff:
Jff[1]=2708593844000573620224*ff^2+44781295414295955013632*ff+3883607352666262592569
eliminant jj:
Jjj[1]=jj
eliminant kk:
Jkk[1]=kk
eliminant z:
Jz[1]=7688556288*z^4+866375523*z^2+3301375

done (3s)
exit 0
