point A: conditions generated (1s)
point B: conditions generated (2s)
8 equations in 7 unknowns; total degrees [3, 1, 4, 6, 3, 1, 4, 6]
written h_two_sym_t2_7-9_10-9.sing (2s); running Singular
dim:
0
vdim:
4
eliminant ii:
Jii[1]=2*ii-11
eliminant ee:
Jee[1]=15116544*ee^2-1437152544*ee-88065773975
eliminant ff:
Jff[1]=311027367297024*ff^2+121271163932927232*ff+4672891837863129169
eliminant jj:
Jjj[1]=jj
eliminant kk:
Jkk[1]=kk
eliminant z:
Jz[1]=21310128*z^4+243101979*z^2-156550144

done (2s)
exit 0
