point A: conditions generated (1s)
point B: conditions generated (2s)
8 equations in 7 unknowns; total degrees [3, 1, 4, 6, 3, 1, 4, 6]
written h_two_sym_t9_4_4-7_6-7.sing (3s); running Singular
dim:
0
vdim:
4
eliminant ii:
Jii[1]=1470*ii-6179
eliminant ee:
Jee[1]=505051909689600*ee^2+291596475826787040*ee+30898647316592449
eliminant ff:
Jff[1]=4249519891397115774566400*ff^2+3672503034619700458406960640*ff+192129878923619240062552827241
eliminant jj:
Jjj[1]=jj
eliminant kk:
Jkk[1]=kk
eliminant z:
Jz[1]=1441868101979760*z^4+1392347556715843*z^2-567365270120000

done (3s)
exit 0
