point A: conditions generated (1s)
point B: conditions generated (1s)
8 equations in 7 unknowns; total degrees [3, 1, 4, 6, 3, 1, 4, 6]
written h_two_sym_t9_4_10-9_11-9.sing (2s); running Singular
dim:
0
vdim:
4
eliminant ii:
Jii[1]=1215*ii-11087
eliminant ee:
Jee[1]=3771306008121600*ee^2-151461239673238560*ee-2463647650787143463951
eliminant ff:
Jff[1]=1070504459151181612646400*ff^2+2450831736049445964681423360*ff+1370414974115464244327555637841
eliminant jj:
Jjj[1]=jj
eliminant kk:
Jkk[1]=kk
eliminant z:
Jz[1]=6456177060991632*z^4-40192180310930427*z^2+36984298018474000

done (2s)
exit 0
