point A: conditions generated (1s)
point B: conditions generated (2s)
8 equations in 7 unknowns; total degrees [3, 1, 4, 6, 3, 1, 4, 6]
written h_two_sym_t9_4_2-5_8-7.sing (3s); running Singular
dim:
0
vdim:
4
eliminant ii:
Jii[1]=7350*ii-31051
eliminant ee:
Jee[1]=7891436088900000000*ee^2+11162034225979984620000*ee+781548864395077796530249
eliminant ff:
Jff[1]=41499217689424958736000000000000*ff^2+136882146734232961253578554168000000*ff-16362897937742227656013268776606448879
eliminant jj:
Jjj[1]=jj
eliminant kk:
Jkk[1]=kk
eliminant z:
Jz[1]=136695873468226800*z^4+506406471736468667*z^2-356220750720000000

done (3s)
exit 0
