point A: conditions generated (1s)
point B: conditions generated (2s)
8 equations in 7 unknowns; total degrees [3, 1, 4, 6, 3, 1, 4, 6]
written h_two_sym_t2_3-5_1-2.sing (3s); running Singular
dim:
0
vdim:
4
eliminant ii:
Jii[1]=600*ii-1973
eliminant ee:
Jee[1]=8100000000*ee^2-159948180000*ee+3607167577201
eliminant ff:
Jff[1]=35721000000000000*ff^2+416855964546000000*ff+1470438533079712249
eliminant jj:
Jjj[1]=jj
eliminant kk:
Jkk[1]=kk
eliminant z:
Jz[1]=609525*z^4-109611*z^2+10000

done (3s)
exit 0
