point A: conditions generated (1s)
point B: conditions generated (2s)
8 equations in 7 unknowns; total degrees [3, 1, 4, 6, 3, 1, 4, 6]
written h_two_sym_t2_1-5_3-4.sing (2s); running Singular
dim:
0
vdim:
4
eliminant ii:
Jii[1]=2400*ii-6713
eliminant ee:
Jee[1]=518400000000*ee^2-39072229920000*ee+361350031341049
eliminant ff:
Jff[1]=2341011456000000000000*ff^2+254940149551256064000000*ff-698569729794271040895671
eliminant jj:
Jjj[1]=jj
eliminant kk:
Jkk[1]=kk
eliminant z:
Jz[1]=2137363200*z^4+911692323*z^2-62995625

done (3s)
exit 0
