point A: conditions generated (1s)
point B: conditions generated (2s)
8 equations in 7 unknowns; total degrees [3, 1, 4, 6, 3, 1, 4, 6]
written h_two_sym_t2_11-9_3-7.sing (2s); running Singular
dim:
0
vdim:
4
eliminant ii:
Jii[1]=1323*ii-8719
eliminant ee:
Jee[1]=784294811709696*ee^2+5764206483127008*ee-2708547330793175135
eliminant ff:
Jff[1]=87857533023041311358976*ff^2-31884799066200318936805632*ff-2672893981182472674694226519
eliminant jj:
Jjj[1]=jj
eliminant kk:
Jkk[1]=kk
eliminant z:
Jz[1]=30714859728*z^4-40277429787*z^2-139150000

done (2s)
exit 0
