point A: conditions generated (1s)
point B: conditions generated (2s)
8 equations in 7 unknowns; total degrees [3, 1, 4, 6, 3, 1, 4, 6]
written h_two_sym_t2_10-9_8-9.sing (2s); running Singular
dim:
0
vdim:
4
eliminant ii:
Jii[1]=18*ii-121
eliminant ee:
Jee[1]=15116544*ee^2+89867232*ee-71680517351
eliminant ff:
Jff[1]=311027367297024*ff^2-8540944352785152*ff-4655996317929411551
eliminant jj:
Jjj[1]=jj
eliminant kk:
Jkk[1]=kk
eliminant z:
Jz[1]=18370800*z^4-20392965*z^2+3904576

done (2s)
exit 0
