point A: conditions generated (1s)
point B: conditions generated (1s)
8 equations in 7 unknowns; total degrees [3, 1, 4, 6, 3, 1, 4, 6]
written h_two_sym_t2_7-6_9-8.sing (2s); running Singular
dim:
0
vdim:
4
eliminant ii:
Jii[1]=384*ii-3001
eliminant ee:
Jee[1]=339738624*ee^2+897085440*ee-4045400534303
eliminant ff:
Jff[1]=39275654855786496*ff^2+8608394466079801344*ff-65872369814154822071
eliminant jj:
Jjj[1]=jj
eliminant kk:
Jkk[1]=kk
eliminant z:
Jz[1]=222953472*z^4-463439916*z^2+240458537

done (2s)
exit 0
