point A: conditions generated (1s)
point B: conditions generated (2s)
8 equations in 7 unknowns; total degrees [3, 1, 4, 6, 3, 1, 4, 6]
written h_two_sym_t2_2-7_5-9.sing (2s); running Singular
dim:
0
vdim:
4
eliminant ii:
Jii[1]=1323*ii-3362
eliminant ee:
Jee[1]=784294811709696*ee^2-31923766419985440*ee+414407299793410897
eliminant ff:
Jff[1]=9761948113671256817664*ff^2+368549081898986078205696*ff+5460715429668179549585761
eliminant jj:
Jjj[1]=jj
eliminant kk:
Jkk[1]=kk
eliminant z:
Jz[1]=350309845872*z^4+42927789915*z^2+3499351856

done (3s)
exit 0
