point A: conditions generated (1s)
point B: conditions generated (2s)
8 equations in 7 unknowns; total degrees [3, 1, 4, 6, 3, 1, 4, 6]
written h_two_sym_t9_4_2-3_9-7.sing (2s); running Singular
dim:
0
vdim:
4
eliminant ii:
Jii[1]=6615*ii-39083
eliminant ee:
Jee[1]=3313645579473465600*ee^2+4691927620544222953440*ee-738372015308309456499311
eliminant ff:
Jff[1]=250929900067108289372371353600*ff^2+1112301038813546543404941093173760*ff-35921843446646465638405624368051671
eliminant jj:
Jjj[1]=jj
eliminant kk:
Jkk[1]=kk
eliminant z:
Jz[1]=3207110484449872*z^4+35282470155581649*z^2-34711510442190000

done (2s)
exit 0
