point A: conditions generated (1s)
point B: conditions generated (2s)
8 equations in 7 unknowns; total degrees [3, 1, 4, 6, 3, 1, 4, 6]
written h_two_sym_t2_8-7_2-7.sing (3s); running Singular
dim:
0
vdim:
4
eliminant ii:
Jii[1]=294*ii-1727
eliminant ee:
Jee[1]=119538913536*ee^2+427305701088*ee-289923055627775
eliminant ff:
Jff[1]=165319448486363136*ff^2-45692081463663274752*ff-2719327683414859156559
eliminant jj:
Jjj[1]=jj
eliminant kk:
Jkk[1]=kk
eliminant z:
Jz[1]=23502639888*z^4-30187926027*z^2-23104000

done (3s)
exit 0
