point A: conditions generated (1s)
point B: conditions generated (1s)
8 equations in 7 unknowns; total degrees [3, 1, 4, 6, 3, 1, 4, 6]
written h_two_sym_t2_7-5_4-3.sing (2s); running Singular
dim:
0
vdim:
4
eliminant ii:
Jii[1]=50*ii-519
eliminant ee:
Jee[1]=900000000*ee^2+63053580000*ee-24183279942551
eliminant ff:
Jff[1]=142884000000000000*ff^2+72495480866004000000*ff-7470956920012411132319
eliminant jj:
Jjj[1]=jj
eliminant kk:
Jkk[1]=kk
eliminant z:
Jz[1]=9567600*z^4-26492089*z^2+17640000

done (2s)
exit 0
