point A: conditions generated (1s)
point B: conditions generated (2s)
8 equations in 7 unknowns; total degrees [3, 1, 4, 6, 3, 1, 4, 6]
written h_two_sym_t2_1-4_8-7.sing (3s); running Singular
dim:
0
vdim:
4
eliminant ii:
Jii[1]=2352*ii-9361
eliminant ee:
Jee[1]=30601961865216*ee^2-5873309316628992*ee+7528953938117425
eliminant ff:
Jff[1]=169287115250035851264*ff^2+103345576720254779645952*ff-7293615604159890216408791
eliminant jj:
Jjj[1]=jj
eliminant kk:
Jkk[1]=kk
eliminant z:
Jz[1]=388501468992*z^4+1030922483787*z^2-494671232000

done (3s)
exit 0
