point A: conditions generated (1s)
point B: conditions generated (2s)
8 equations in 7 unknowns; total degrees [3, 1, 4, 6, 3, 1, 4, 6]
written h_two_sym_t2_8-7_10-7.sing (2s); running Singular
dim:
0
vdim:
4
eliminant ii:
Jii[1]=294*ii-2591
eliminant ee:
Jee[1]=119538913536*ee^2-7616702288160*ee-3444994945526783
eliminant ff:
Jff[1]=165319448486363136*ff^2+167255200486461314304*ff+36634016955437918826289
eliminant jj:
Jjj[1]=jj
eliminant kk:
Jkk[1]=kk
eliminant z:
Jz[1]=23502639888*z^4-137572681995*z^2+142034545664

done (2s)
exit 0
