point A: conditions generated (1s)
point B: conditions generated (2s)
8 equations in 7 unknowns; total degrees [3, 1, 4, 6, 3, 1, 4, 6]
written h_two_sym_t9_4_3-7_1-3.sing (3s); running Singular
dim:
0
vdim:
4
eliminant ii:
Jii[1]=2205*ii-6116
eliminant ee:
Jee[1]=368182842163718400*ee^2+65985965944481288160*ee+2979669316254429770521
eliminant ff:
Jff[1]=250929900067108289372371353600*ff^2+31449918377222337671506573724160*ff+990462090877680337131951391221049
eliminant jj:
Jjj[1]=jj
eliminant kk:
Jkk[1]=kk
eliminant z:
Jz[1]=28171647536511024*z^4+1520617435346763*z^2+21586502630000

done (3s)
exit 0
