point A: conditions generated (1s)
point B: conditions generated (1s)
8 equations in 7 unknowns; total degrees [3, 1, 4, 6, 3, 1, 4, 6]
written h_two_sym_t2_2-5_7-9.sing (2s); running Singular
dim:
0
vdim:
4
eliminant ii:
Jii[1]=675*ii-2174
eliminant ee:
Jee[1]=53144100000000*ee^2-3709694973780000*ee+21726816191332081
eliminant ff:
Jff[1]=8437157316000000000000*ff^2+948573010787863356000000*ff+5016360534203588108689249
eliminant jj:
Jjj[1]=jj
eliminant kk:
Jkk[1]=kk
eliminant z:
Jz[1]=6117476400*z^4+2477890359*z^2-349690000

done (2s)
exit 0
