point A: conditions generated (1s)
point B: conditions generated (2s)
8 equations in 7 unknowns; total degrees [3, 1, 4, 6, 3, 1, 4, 6]
written h_two_sym_t9_4_7-8_4-5.sing (2s); running Singular
dim:
0
vdim:
4
eliminant ii:
Jii[1]=24000*ii-143593
eliminant ee:
Jee[1]=89712230400000000*ee^2+4842980876897280000*ee-6020546002195897368551
eliminant ff:
Jff[1]=78596526204518400000000000000*ff^2+25055769277999800543191040000000*ff+1979779433278180588282052493941281
eliminant jj:
Jjj[1]=jj
eliminant kk:
Jkk[1]=kk
eliminant z:
Jz[1]=8083905440000*z^4+103522791093267*z^2-46218334765056

done (2s)
exit 0
