point A: conditions generated (1s)
point B: conditions generated (2s)
8 equations in 7 unknowns; total degrees [3, 1, 4, 6, 3, 1, 4, 6]
written h_two_sym_t9_4_1-6_11-9.sing (3s); running Singular
dim:
0
vdim:
4
eliminant ii:
Jii[1]=1620*ii-6311
eliminant ee:
Jee[1]=6547406264100*ee^2+12233565844884540*ee+2089346134928032969
eliminant ff:
Jff[1]=9408730598008432142400*ff^2+45204064396721874289395360*ff-8913119325065719137180006149
eliminant jj:
Jjj[1]=jj
eliminant kk:
Jkk[1]=kk
eliminant z:
Jz[1]=673762892349456*z^4+2957720272997373*z^2-2311518626154625

done (3s)
exit 0
