point A: conditions generated (1s)
point B: conditions generated (2s)
8 equations in 7 unknowns; total degrees [3, 1, 4, 6, 3, 1, 4, 6]
written h_two_sym_t9_4_6-7_1-3.sing (3s); running Singular
dim:
0
vdim:
4
eliminant ii:
Jii[1]=2205*ii-11381
eliminant ee:
Jee[1]=368182842163718400*ee^2-62624241805830999840*ee+2213506483103482366921
eliminant ff:
Jff[1]=250929900067108289372371353600*ff^2-10721010792716985596250806576640*ff-149157696018266376798712019921591
eliminant jj:
Jjj[1]=jj
eliminant kk:
Jkk[1]=kk
eliminant z:
Jz[1]=2250948295879920*z^4+1254892733419923*z^2+21586502630000

done (3s)
exit 0
