t = 2, M = 5: {3: 'MATCH', 5: 'MATCH', 7: 'MATCH', 9: 'MATCH'}
t = 4, M = 7/3: {3: 'MATCH', 5: 'MATCH', 7: 'MATCH', 9: 'MATCH'}
t = 6, M = 9/5: {3: 'MATCH', 5: 'MATCH', 7: 'MATCH', 9: 'MATCH'}
t = 7, M = 5/3: {3: 'MATCH', 5: 'MATCH', 7: 'MATCH', 9: 'MATCH'}
t = 8, M = 11/7: {3: 'MATCH', 5: 'MATCH', 7: 'MATCH', 9: 'MATCH'}
t = -4, M = 1/5: {3: 'MATCH', 5: 'MATCH', 7: 'MATCH', 9: 'MATCH'}
t = 5/2, M = 11/3: {3: '-', 5: 'MATCH', 7: 'MATCH', 9: 'MATCH'}
t = 9/2, M = 15/7: {3: '-', 5: 'MATCH', 7: 'MATCH', 9: 'MATCH'}
t = -1/3, M = -2: {3: '-', 5: 'MATCH', 7: 'MATCH', 9: 'MATCH'}
t = 13/3, M = 11/5: {3: 'MATCH', 5: 'MATCH', 7: 'MATCH', 9: 'MATCH'}
t = 17/5, M = 8/3: {3: 'MATCH', 5: 'MATCH', 7: 'MATCH', 9: 'MATCH'}
t = 25/3, M = 17/11: {3: 'MATCH', 5: 'MATCH', 7: 'MATCH', 9: 'MATCH'}
t = 12, M = 15/11: {3: 'MATCH', 5: 'MATCH', 7: 'MATCH', 9: 'MATCH'}
t = 14, M = 17/13: {3: 'MATCH', 5: 'MATCH', 7: 'MATCH', 9: 'MATCH'}
t = -7/5, M = -2/3: {3: 'MATCH', 5: 'MATCH', 7: 'MATCH', 9: 'MATCH'}
t = 23/7, M = 11/4: {3: 'MATCH', 5: 'MATCH', 7: 'MATCH', 9: 'MATCH'}
t = 3/7, M = -6: {3: '-', 5: 'MATCH', 7: 'MATCH', 9: 'MATCH'}
t = -17/4, M = 5/21: {3: '-', 5: 'MATCH', 7: 'MATCH', 9: 'MATCH'}
t = 1000000, M = 1000003/999999: {3: '-', 5: 'MATCH', 7: 'MATCH', 9: 'MATCH'}
ZERO-PARAMETER CHECK: ALL MATCH; 882 non-normalised coefficients compared
