t = 2, M = 5: dictionary fixed at spin 3 (XY, X, Y, 1): 2 solution(s)
    {'r': '1/20', 's': '-120', 'tA': '0', 'tL': '15/4'} | {3: 'MATCH', 5: 'MATCH', 7: 'MATCH', 9: 'MATCH'}
    {'r': '1/20', 's': '120', 'tA': '45', 'tL': '-5'} | {3: 'MATCH', 5: "6 MISMATCH [('(2, 0)', '-13/12'), ('(1, 1)', '-1/2'), ('(1, 0)', '-1/24')]", 7: "10 MISMATCH [('(3, 0)', '-194/69'), ('(2, 1)', '238/299'), ('(2, 0)', '-7757/3588')]", 9: "15 MISMATCH [('(4, 0)', '-645/124'), ('(3, 1)', '105/31'), ('(3, 0)', '-395/62')]"}
t = 4, M = 7/3: dictionary fixed at spin 3 (XY, X, Y, 1): 2 solution(s)
    {'r': '3/28', 's': '-280/9', 'tA': '0', 'tL': '7/36'} | {3: 'MATCH', 5: 'MATCH', 7: 'MATCH', 9: 'MATCH'}
    {'r': '3/28', 's': '280/9', 'tA': '175/18', 'tL': '-35/72'} | {3: 'MATCH', 5: "6 MISMATCH [('(2, 0)', '-125/104'), ('(1, 1)', '1485/52'), ('(1, 0)', '-1369/416')]", 7: "10 MISMATCH [('(3, 0)', '-3'), ('(2, 1)', '-5'), ('(2, 0)', '-43/48')]", 9: "15 MISMATCH [('(4, 0)', '-1265/232'), ('(3, 1)', '9/2'), ('(3, 0)', '-2243/580')]"}
t = 6, M = 9/5: dictionary fixed at spin 3 (XY, X, Y, 1): 2 solution(s)
    {'r': '5/36', 's': '-504/25', 'tA': '0', 'tL': '-9/100'} | {3: 'MATCH', 5: 'MATCH', 7: 'MATCH', 9: 'MATCH'}
    {'r': '5/36', 's': '504/25', 'tA': '147/25', 'tL': '-3/50'} | {3: 'MATCH', 5: "6 MISMATCH [('(2, 0)', '-59/44'), ('(1, 1)', '2125/154'), ('(1, 0)', '-373/1176')]", 7: "10 MISMATCH [('(3, 0)', '-182/57'), ('(2, 1)', '-3710/19'), ('(2, 0)', '-557/228')]", 9: "15 MISMATCH [('(4, 0)', '-205/36'), ('(3, 1)', '-175/9'), ('(3, 0)', '-185/54')]"}
t = 7, M = 5/3: dictionary fixed at spin 3 (XY, X, Y, 1): 2 solution(s)
    {'r': '3/20', 's': '-160/9', 'tA': '0', 'tL': '-5/36'} | {3: 'MATCH', 5: 'MATCH', 7: 'MATCH', 9: 'MATCH'}
    {'r': '3/20', 's': '160/9', 'tA': '320/63', 'tL': '5/252'} | {3: 'MATCH', 5: "6 MISMATCH [('(2, 0)', '-10/7'), ('(1, 1)', '108/7'), ('(1, 0)', '5/98')]", 7: "10 MISMATCH [('(3, 0)', '-208/63'), ('(2, 1)', '496/3'), ('(2, 0)', '1546/441')]", 9: "15 MISMATCH [('(4, 0)', '-530/91'), ('(3, 1)', '-6120/91'), ('(3, 0)', '-485/91')]"}
t = -4, M = 1/5: dictionary fixed at spin 3 (XY, X, Y, 1): 2 solution(s)
    {'r': '5/4', 's': '-24/25', 'tA': '0', 'tL': '-9/100'} | {3: 'MATCH', 5: 'MATCH', 7: 'MATCH', 9: 'MATCH'}
    {'r': '5/4', 's': '24/25', 'tA': '9/50', 'tL': '23/200'} | {3: 'MATCH', 5: "6 MISMATCH [('(2, 0)', '-163/168'), ('(1, 1)', '-1625/644'), ('(1, 0)', '-6143/15456')]", 7: "10 MISMATCH [('(3, 0)', '-227/87'), ('(2, 1)', '-9065/899'), ('(2, 0)', '-68833/43152')]", 9: "15 MISMATCH [('(4, 0)', '-1455/296'), ('(3, 1)', '-24225/962'), ('(3, 0)', '-7685/1924')]"}
t = 5/2, M = 11/3: dictionary fixed at spin 5 (X^2Y, X^2, XY, X): 2 solution(s)
    {'r': '3/44', 's': '-616/9', 'tA': '0', 'tL': '55/36'} | {3: 'no table', 5: 'MATCH', 7: 'MATCH', 9: 'MATCH'}
    {'r': '3/44', 's': '616/9', 'tA': '10780/117', 'tL': '4741/1404'} | {3: 'no table', 5: "3 MISMATCH [('(0, 2)', '72/29'), ('(0, 1)', '2596/2639'), ('(0, 0)', '22252718/317717127')]", 7: "10 MISMATCH [('(3, 0)', '-1988/1755'), ('(2, 1)', '-140/299'), ('(2, 0)', '-27754/11661')]", 9: "15 MISMATCH [('(4, 0)', '-2350/793'), ('(3, 1)', '15960/10309'), ('(3, 0)', '-3084440/402051')]"}
t = 9/2, M = 15/7: dictionary fixed at spin 5 (X^2Y, X^2, XY, X): 2 solution(s)
    {'r': '7/60', 's': '-1320/49', 'tA': '0', 'tL': '15/196'} | {3: 'no table', 5: 'MATCH', 7: 'MATCH', 9: 'MATCH'}
    {'r': '7/60', 's': '1320/49', 'tA': '1452/49', 'tL': '107/196'} | {3: 'no table', 5: "3 MISMATCH [('(0, 2)', '-1848/125'), ('(0, 1)', '-276/125'), ('(0, 0)', '576094/4764375')]", 7: "10 MISMATCH [('(3, 0)', '-724/615'), ('(2, 1)', '-23324/2255'), ('(2, 0)', '-336706/124025')]", 9: "15 MISMATCH [('(4, 0)', '-58/19'), ('(3, 1)', '-728/171'), ('(3, 0)', '-66152/9405')]"}
t = 8, M = 11/7: dictionary fixed at spin 3 (XY, X, Y, 1): 2 solution(s)
    {'r': '7/44', 's': '-792/49', 'tA': '0', 'tL': '-33/196'} | {3: 'MATCH', 5: 'MATCH', 7: 'MATCH', 9: 'MATCH'}
    {'r': '7/44', 's': '792/49', 'tA': '891/196', 'tL': '55/784'} | {3: 'MATCH', 5: "6 MISMATCH [('(2, 0)', '-221/144'), ('(1, 1)', '5635/312'), ('(1, 0)', '18241/44928')]", 7: "10 MISMATCH [('(3, 0)', '-349/102'), ('(2, 1)', '3479/34'), ('(2, 0)', '32335/9792')]", 9: "15 MISMATCH [('(4, 0)', '-477/80'), ('(3, 1)', '-4767/20'), ('(3, 0)', '-1729/120')]"}
t = -1/3, M = -2: dictionary fixed at spin 5 (X^2Y, X^2, XY, X): 2 solution(s)
    {'r': '-1/8', 's': '-8', 'tA': '0', 'tL': '2'} | {3: 'no table', 5: 'MATCH', 7: 'MATCH', 9: 'MATCH'}
    {'r': '-1/8', 's': '8', 'tA': '-20/3', 'tL': '-7'} | {3: 'no table', 5: "3 MISMATCH [('(0, 2)', '-4/39'), ('(0, 1)', '-12/13'), ('(0, 0)', '-857/378')]", 7: "10 MISMATCH [('(3, 0)', '-92/57'), ('(2, 1)', '-28/19'), ('(2, 0)', '-263/57')]", 9: "15 MISMATCH [('(4, 0)', '-58/15'), ('(3, 1)', '-24/5'), ('(3, 0)', '-682/45')]"}
t = 1000000, M = 1000003/999999: dictionary fixed at spin 5 (X^2Y, X^2, XY, X): 2 solution(s)
    {'r': '999999/4000012', 's': '-8000032000024/999998000001', 'tA': '0', 'tL': '-999997999985/3999992000004'} | {3: 'no table', 5: 'MATCH', 7: 'MATCH', 9: 'MATCH'}
    {'r': '999999/4000012', 's': '8000032000024/999998000001', 'tA': '20000100000140000060/2999993000004999999', 'tL': '230769307698846179/2769224307696923076'} | {3: 'no table', 5: "3 MISMATCH [('(0, 2)', '23999999999976/2999938000187'), ('(0, 1)', '11999979999956000372/8999811000622999813'), ('(0, 0)', '38571332570591714290287791145712016294015248/242995059013095012806977688993817008972998317')]", 7: "10 MISMATCH [('(3, 0)', '-11999712000148/8999772000075'), ('(2, 1)', '-5599979466690933324/119996200020253327'), ('(2, 0)', '-29999654000993336113331542000382/5399832600795600379599506200095')]", 9: "15 MISMATCH [('(4, 0)', '-9999680000150/2999900000033'), ('(3, 1)', '-599996840003879998680/2999873000932999703'), ('(3, 0)', '-599991480035840083839941800010440/26998875007626003305995419000891')]"}
done
