k=-6 t = 4 5:0/10 7:0/15 9:0/21 11:0/28 13:0/36
k=-18/5 t = 11/2 5:0/10 7:0/15 9:0/21 11:0/28 13:0/36
k=-6/5 t = -2 5:0/10 7:0/15 9:0/21 11:0/28 13:0/36
k=-2/5 t = 1/2 5:0/10 7:0/15 9:0/21 11:0/28 13:0/36
k=1/2 t = 7/5 5:0/10 7:0/15 9:skip(tableLead=1,predLead=0) 11:0/28 13:0/36
k=2/3 t = 3/2 5:0/10 7:0/15 9:0/21 11:0/28 13:0/36
k=5/3 t = 21/11 5:0/10 7:0/15 9:0/21 11:0/28 13:0/36
k=10/3 t = 9/4 5:0/10 7:0/15 9:0/21 11:0/28 13:0/36
k=4 t = 7/3 5:0/10 7:0/15 9:0/21 11:0/28 13:0/36
cells compared 44 with mismatches 0
--- negative controls ---
NEG k=-6 spin 7 vs table at t = 401/100 : mismatches 13 / 15
NEG k=-6 spin 7 vs table at t = 11/2 : mismatches 13 / 15
NEG k=-18/5 spin 7 vs table at t = 551/100 : mismatches 13 / 15
NEG k=-18/5 spin 7 vs table at t = -2 : mismatches 13 / 15
NEG k=-6/5 spin 7 vs table at t = -199/100 : mismatches 13 / 15
NEG k=-6/5 spin 7 vs table at t = 1/2 : mismatches 13 / 15
NEG k=-2/5 spin 7 vs table at t = 51/100 : mismatches 13 / 15
NEG k=-2/5 spin 7 vs table at t = 7/5 : mismatches 13 / 15
NEG k=1/2 spin 7 vs table at t = 141/100 : mismatches 13 / 15
NEG k=1/2 spin 7 vs table at t = 3/2 : mismatches 13 / 15
NEG k=2/3 spin 7 vs table at t = 151/100 : mismatches 13 / 15
NEG k=2/3 spin 7 vs table at t = 21/11 : mismatches 13 / 15
NEG k=5/3 spin 7 vs table at t = 2111/1100 : mismatches 13 / 15
NEG k=5/3 spin 7 vs table at t = 9/4 : mismatches 13 / 15
NEG k=10/3 spin 7 vs table at t = 113/50 : mismatches 13 / 15
NEG k=10/3 spin 7 vs table at t = 7/3 : mismatches 13 / 15
NEG k=4 spin 7 vs table at t = 703/300 : mismatches 13 / 15
NEG k=4 spin 7 vs table at t = 4 : mismatches 13 / 15
