A: -alpha data (175s)
   grade 0: +-alpha average extracted 0.99214985135030913777  alpha-even WKB (M = 5 exactly) 0.99214985135030913777  52.92 digits (fit stability 51.62)
   grade 2: +-alpha average extracted 0.11472498148561869249  alpha-even WKB (M = 5 exactly) 0.11472498148561869249  42.64 digits (fit stability 41.58)
   grade 3: +-alpha average extracted 2.4657459733192632103e-40  alpha-even WKB (M = 5 exactly) 1.8669045833583425121e-60  -20.12 digits (fit stability -0.91)
   grade 4: +-alpha average extracted -0.40889404172616540168  alpha-even WKB (M = 5 exactly) -0.40889404172616540168  35.29 digits (fit stability 34.57)
   grade 5: +-alpha average extracted 1.3883131391022570535e-32  alpha-even WKB (M = 5 exactly) 1.9913648889155653463e-58  -25.84 digits (fit stability -0.5097)
   grade 6: +-alpha average extracted 2.3952482200013064211  alpha-even WKB (M = 5 exactly) 2.3952482200013064211  28.52 digits (fit stability 28.27)
   grade 7: +-alpha average extracted 2.9491501969017336373e-25  alpha-even WKB (M = 5 exactly) -1.5293682346871541859e-55  -30.29 digits (fit stability 0.1)
   grade 8: +-alpha average extracted -62.36941422633758552  alpha-even WKB (M = 5 exactly) -62.36941422633758552  22.82 digits (fit stability 23.66)
   grade-1 log e coefficient: +alpha -0.466666666666667, -alpha -0.366666666666667
B: -alpha data (153s)
   grade 0: +-alpha average extracted 0.99214985135030913777  alpha-even WKB (M = 5 exactly) 0.99214985135030913777  51.33 digits (fit stability 51.17)
   grade 2: +-alpha average extracted -0.2480304219292343254  alpha-even WKB (M = 5 exactly) -0.2480304219292343254  41.45 digits (fit stability 41.33)
   grade 3: +-alpha average extracted -7.2990616076923601773e-39  alpha-even WKB (M = 5 exactly) 1.2446030555722283414e-60  -21.77 digits (fit stability -0.09869)
   grade 4: +-alpha average extracted -0.4693969240748609202  alpha-even WKB (M = 5 exactly) -0.4693969240748609202  33.94 digits (fit stability 33.86)
   grade 5: +-alpha average extracted -3.0734013013431113658e-31  alpha-even WKB (M = 5 exactly) 3.9827297778311306926e-59  -27.89 digits (fit stability -0.06237)
   grade 6: +-alpha average extracted 1.7474920158482142857  alpha-even WKB (M = 5 exactly) 1.7474920158482142857  27.1 digits (fit stability 27.06)
   grade 7: +-alpha average extracted -4.8533726753219074825e-24  alpha-even WKB (M = 5 exactly) -1.0195788231247694573e-56  -32.68 digits (fit stability -0.03585)
   grade 8: +-alpha average extracted -48.607312511157025549  alpha-even WKB (M = 5 exactly) -48.607312511157025549  21.56 digits (fit stability 21.53)
   grade-1 log e coefficient: +alpha -0.525, -alpha -0.675
