
=== t = 9/4 point A: F3: + E^(-13m/10), m=1..3
  Q0 (theta = 2.83333): res 4.3e-33; K0: 30.8 d [stab 28.8]; K2: 21.2 d [stab 19.5]; K3: |fit| 1.8e-17; K4: 13.9 d [stab 12.5]; K5: |fit| 4.1e-10; K6: 7.98 d [stab 7.04]; K7: |fit| 0.0017; K8: 2.59 d [stab 2.26]
     extras: N1: -0.57878033510208 [stab 14.1]; N2: -18.744298429238 [stab 8.05]; N3: -150.46227899124 [stab 2.36]
  Q1 (theta = 3.5): res 4.8e-33; K0: 30.8 d [stab 28.7]; K2: 21.2 d [stab 19.4]; K3: |fit| 2.0e-17; K4: 13.8 d [stab 12.4]; K5: |fit| 4.6e-10; K6: 7.93 d [stab 6.99]; K7: |fit| 0.002; K8: 2.54 d [stab 2.22]
     extras: N1: -0.92367105101071 [stab 14.3]; N2: -21.239145418749 [stab 8.06]; N3: 39.321995565833 [stab 1.72]
  Q2 (theta = 2.56667): res 4.0e-33; K0: 30.8 d [stab 28.8]; K2: 21.3 d [stab 19.5]; K3: |fit| 1.7e-17; K4: 13.9 d [stab 12.5]; K5: |fit| 3.9e-10; K6: 8.0 d [stab 7.07]; K7: |fit| 0.0016; K8: 2.61 d [stab 2.29]
     extras: N1: -0.48970795719696 [stab 14.1]; N2: -19.332915910122 [stab 8.09]; N3: -316.8311879686 [stab 2.7]
  Q3 (theta = 3.76667): res 4.9e-33; K0: 30.8 d [stab 28.7]; K2: 21.2 d [stab 19.4]; K3: |fit| 2.1e-17; K4: 13.8 d [stab 12.4]; K5: |fit| 4.8e-10; K6: 7.92 d [stab 6.98]; K7: |fit| 0.002; K8: 2.52 d [stab 2.2]
     extras: N1: -1.0916764421965 [stab 14.3]; N2: -23.591554596694 [stab 8.09]; N3: 12.670140085634 [stab 1.22]

=== t = 9/4 point A: F4: + E^(-13m/10 - 13j/22), m=1..2, j=0..6
  Q0 (theta = 2.83333): res 1.1e-39; K0: 32.3 d [stab 30.1]; K2: 21.5 d [stab 19.5]; K3: |fit| 9.5e-17; K4: 11.4 d [stab 9.7]; K5: |fit| 1.9e-6; K6: 3.17 d [stab 1.75]; K7: |fit| 2.4e+2; K8: -2.26 d [stab -3.34]
     extras: N1_0: -0.57878033510208 [stab 12.9]; N1_1: 1.423082601945e-10 [stab -1.69]; N1_2: 3.0347207005727e-5 [stab -1.55]; N1_3: -0.56768336327823 [stab -1.39]
  Q1 (theta = 3.5): res 4.8e-40; K0: 32.6 d [stab 29.2]; K2: 21.8 d [stab 18.6]; K3: |fit| 4.0e-17; K4: 11.8 d [stab 8.85]; K5: |fit| 8.0e-7; K6: 3.55 d [stab 0.933]; K7: |fit| 98.0; K8: -1.87 d [stab -4.11]
     extras: N1_0: -0.92367105101071 [stab 12.2]; N1_1: 6.0049037003387e-11 [stab -2.92]; N1_2: 1.2701360046064e-5 [stab -2.76]; N1_3: -0.23509456905845 [stab -2.59]
  Q2 (theta = 2.56667): res 1.2e-39; K0: 32.2 d [stab 29.8]; K2: 21.4 d [stab 19.2]; K3: |fit| 1.1e-16; K4: 11.4 d [stab 9.48]; K5: |fit| 2.2e-6; K6: 3.11 d [stab 1.6]; K7: |fit| 2.8e+2; K8: -2.32 d [stab -3.4]
     extras: N1_0: -0.48970795719696 [stab 12.6]; N1_1: 1.6365081504816e-10 [stab -1.84]; N1_2: 3.4948480879252e-5 [stab -1.66]; N1_3: -0.65510218401422 [stab -1.47]
  Q3 (theta = 3.76667): res 1.9e-40; K0: 33.1 d [stab 29.1]; K2: 22.3 d [stab 18.5]; K3: |fit| 1.4e-17; K4: 12.3 d [stab 8.74]; K5: |fit| 2.6e-7; K6: 4.05 d [stab 0.832]; K7: |fit| 30.0; K8: -1.34 d [stab -4.21]
     extras: N1_0: -1.0916764421965 [stab 12.2]; N1_1: 2.0081840168379e-11 [stab -3.49]; N1_2: 4.1508861529324e-6 [stab -3.34]; N1_3: -0.074634731020142 [stab -3.18]

=== t = 9/4 point B: F3: + E^(-13m/10), m=1..3
  Q0 (theta = 2.26667): res 3.5e-33; K0: 30.9 d [stab 28.9]; K2: 21.3 d [stab 19.6]; K3: |fit| 1.5e-17; K4: 13.9 d [stab 12.6]; K5: |fit| 3.4e-10; K6: 8.04 d [stab 7.1]; K7: |fit| 0.0014; K8: 2.65 d [stab 2.32]
     extras: N1: -0.35586287460174 [stab 14.0]; N2: -18.70028856429 [stab 8.14]; N3: -478.34739125735 [stab 2.95]
  Q1 (theta = 4.06667): res 4.7e-33; K0: 30.8 d [stab 28.7]; K2: 21.2 d [stab 19.4]; K3: |fit| 2.0e-17; K4: 13.8 d [stab 12.4]; K5: |fit| 4.6e-10; K6: 7.9 d [stab 6.97]; K7: |fit| 0.0019; K8: 2.51 d [stab 2.19]
     extras: N1: -1.2228407728963 [stab 14.4]; N2: -24.729668023522 [stab 8.13]; N3: -10.407344195081 [stab 1.15]
  Q2 (theta = 2.96667): res 4.1e-33; K0: 30.8 d [stab 28.8]; K2: 21.2 d [stab 19.5]; K3: |fit| 1.7e-17; K4: 13.9 d [stab 12.5]; K5: |fit| 4.0e-10; K6: 7.96 d [stab 7.03]; K7: |fit| 0.0017; K8: 2.57 d [stab 2.25]
     extras: N1: -0.56207820905792 [stab 14.1]; N2: -16.443713908616 [stab 8.01]; N3: -9.5066493752974 [stab 1.17]
  Q3 (theta = 3.36667): res 4.4e-33; K0: 30.8 d [stab 28.7]; K2: 21.2 d [stab 19.5]; K3: |fit| 1.9e-17; K4: 13.8 d [stab 12.4]; K5: |fit| 4.3e-10; K6: 7.93 d [stab 7.0]; K7: |fit| 0.0018; K8: 2.54 d [stab 2.22]
     extras: N1: -0.77420477366035 [stab 14.2]; N2: -18.021458942649 [stab 8.02]; N3: 106.86268272037 [stab 2.19]

=== t = 9/4 point B: F4: + E^(-13m/10 - 13j/22), m=1..2, j=0..6
  Q0 (theta = 2.26667): res 1.3e-39; K0: 32.2 d [stab 29.4]; K2: 21.4 d [stab 18.8]; K3: |fit| 1.2e-16; K4: 11.3 d [stab 9.02]; K5: |fit| 2.4e-6; K6: 3.05 d [stab 1.12]; K7: |fit| 3.0e+2; K8: -2.39 d [stab -3.91]
     extras: N1_0: -0.35586287460173 [stab 12.0]; N1_1: 1.7766286657124e-10 [stab -2.25]; N1_2: 3.7989285107124e-5 [stab -2.08]; N1_3: -0.71339697267635 [stab -1.89]
  Q1 (theta = 4.06667): res 1.5e-40; K0: 33.0 d [stab 29.0]; K2: 22.2 d [stab 18.4]; K3: |fit| 1.7e-17; K4: 12.1 d [stab 8.65]; K5: |fit| 3.6e-7; K6: 3.86 d [stab 0.735]; K7: |fit| 48.0; K8: -1.62 d [stab -4.31]
     extras: N1_0: -1.2228407728963 [stab 12.2]; N1_1: -2.6081236432849e-11 [stab -3.45]; N1_2: -5.7167329953059e-6 [stab -3.28]; N1_3: 0.11036660058544 [stab -3.08]
  Q2 (theta = 2.96667): res 9.8e-40; K0: 32.3 d [stab 29.7]; K2: 21.5 d [stab 19.1]; K3: |fit| 8.6e-17; K4: 11.4 d [stab 9.31]; K5: |fit| 1.7e-6; K6: 3.19 d [stab 1.38]; K7: |fit| 2.2e+2; K8: -2.25 d [stab -3.68]
     extras: N1_0: -0.56207820905792 [stab 12.5]; N1_1: 1.2889056990447e-10 [stab -2.1]; N1_2: 2.7457260927221e-5 [stab -1.94]; N1_3: -0.51278384519805 [stab -1.78]
  Q3 (theta = 3.36667): res 6.2e-40; K0: 32.5 d [stab 29.3]; K2: 21.7 d [stab 18.7]; K3: |fit| 5.3e-17; K4: 11.6 d [stab 8.89]; K5: |fit| 1.0e-6; K6: 3.4 d [stab 0.976]; K7: |fit| 1.3e+2; K8: -2.03 d [stab -4.07]
     extras: N1_0: -0.77420477366035 [stab 12.2]; N1_1: 7.9034027316093e-11 [stab -2.72]; N1_2: 1.6762191118033e-5 [stab -2.57]; N1_3: -0.31119920508068 [stab -2.39]
