k = 10/3  true     K = 1 (spin  1): loss-1 mismatches 0/1, top mismatches 0/2
k = 10/3  true     K = 2 (spin  3): loss-1 mismatches 0/2, top mismatches 0/3
k = 10/3  true     K = 3 (spin  5): loss-1 mismatches 0/3, top mismatches 0/4
k = 10/3  true     K = 4 (spin  7): loss-1 mismatches 0/4, top mismatches 0/5
k = 10/3  true     K = 5 (spin  9): loss-1 mismatches 0/5, top mismatches 0/6
k = 10/3  true     K = 6 (spin 11): loss-1 mismatches 0/6, top mismatches 0/7
k = 10/3  true     K = 7 (spin 13): loss-1 mismatches 0/7, top mismatches 0/8
k = 2/3   true     K = 1 (spin  1): loss-1 mismatches 0/1, top mismatches 0/2
k = 2/3   true     K = 2 (spin  3): loss-1 mismatches 0/2, top mismatches 0/3
k = 2/3   true     K = 3 (spin  5): loss-1 mismatches 0/3, top mismatches 0/4
k = 2/3   true     K = 4 (spin  7): loss-1 mismatches 0/4, top mismatches 0/5
k = 2/3   true     K = 5 (spin  9): loss-1 mismatches 0/5, top mismatches 0/6
k = 2/3   true     K = 6 (spin 11): loss-1 mismatches 0/6, top mismatches 0/7
k = 2/3   true     K = 7 (spin 13): loss-1 mismatches 0/7, top mismatches 0/8
k = -6    true     K = 1 (spin  1): loss-1 mismatches 0/1, top mismatches 0/2
k = -6    true     K = 2 (spin  3): loss-1 mismatches 0/2, top mismatches 0/3
k = -6    true     K = 3 (spin  5): loss-1 mismatches 0/3, top mismatches 0/4
k = -6    true     K = 4 (spin  7): loss-1 mismatches 0/4, top mismatches 0/5
k = -6    true     K = 5 (spin  9): loss-1 mismatches 0/5, top mismatches 0/6
k = -6    true     K = 6 (spin 11): loss-1 mismatches 0/6, top mismatches 0/7
k = -6    true     K = 7 (spin 13): loss-1 mismatches 0/7, top mismatches 0/8
k = 10/3  stripped K = 1 (spin  1): loss-1 mismatches 0/1, top mismatches 0/2
k = 10/3  stripped K = 2 (spin  3): loss-1 mismatches 0/2, top mismatches 0/3
k = 10/3  stripped K = 3 (spin  5): loss-1 mismatches 0/3, top mismatches 0/4
k = 10/3  stripped K = 4 (spin  7): loss-1 mismatches 0/4, top mismatches 0/5
k = 10/3  stripped K = 5 (spin  9): loss-1 mismatches 0/5, top mismatches 0/6
k = 10/3  stripped K = 6 (spin 11): loss-1 mismatches 0/6, top mismatches 0/7
k = 10/3  stripped K = 7 (spin 13): loss-1 mismatches 0/7, top mismatches 0/8
S1 PASS total mismatches 0
