parsed 2457x821, max degree 2, parse 3473.3s
generic ranks at t=2,5,7: (820, 820, 820) (2.421s each)
scanned residues [0,715): 714 evaluated (poles skipped) in 1193s; rank drops: 0
  check t=3: residue 3, rank 820
  check t=9/7: residue 2861, rank 820
  check t=11/9: residue 7786, rank 820
  check t=2: residue 2, rank 820
parsed 2457x821, max degree 2, parse 3559.0s
generic ranks at t=2,5,7: (820, 820, 820) (3.254s each)
scanned residues [1430,2145): 715 evaluated (poles skipped) in 1051s; rank drops: 0
  check t=3: residue 3, rank 820
  check t=9/7: residue 2861, rank 820
  check t=11/9: residue 7786, rank 820
  check t=2: residue 2, rank 820
parsed 2457x821, max degree 2, parse 3627.0s
generic ranks at t=2,5,7: (820, 820, 820) (2.131s each)
scanned residues [2145,2860): 715 evaluated (poles skipped) in 1013s; rank drops: 0
  check t=3: residue 3, rank 820
  check t=9/7: residue 2861, rank 820
  check t=11/9: residue 7786, rank 820
  check t=2: residue 2, rank 820
parsed 2457x821, max degree 2, parse 3842.4s
generic ranks at t=2,5,7: (820, 820, 820) (1.367s each)
scanned residues [2860,3575): 715 evaluated (poles skipped) in 917s; rank drops: 0
  check t=3: residue 3, rank 820
  check t=9/7: residue 2861, rank 820
  check t=11/9: residue 7786, rank 820
  check t=2: residue 2, rank 820
parsed 2457x821, max degree 2, parse 3755.5s
generic ranks at t=2,5,7: (820, 820, 820) (3.977s each)
scanned residues [3575,4290): 715 evaluated (poles skipped) in 910s; rank drops: 0
  check t=3: residue 3, rank 820
  check t=9/7: residue 2861, rank 820
  check t=11/9: residue 7786, rank 820
  check t=2: residue 2, rank 820
parsed 2457x821, max degree 2, parse 3702.0s
generic ranks at t=2,5,7: (820, 820, 820) (3.067s each)
scanned residues [4290,5005): 715 evaluated (poles skipped) in 895s; rank drops: 0
  check t=3: residue 3, rank 820
  check t=9/7: residue 2861, rank 820
  check t=11/9: residue 7786, rank 820
  check t=2: residue 2, rank 820
parsed 2457x821, max degree 2, parse 3801.4s
generic ranks at t=2,5,7: (820, 820, 820) (3.510s each)
scanned residues [5005,5720): 715 evaluated (poles skipped) in 874s; rank drops: 0
  check t=3: residue 3, rank 820
  check t=9/7: residue 2861, rank 820
  check t=11/9: residue 7786, rank 820
  check t=2: residue 2, rank 820
parsed 2457x821, max degree 2, parse 3554.4s
generic ranks at t=2,5,7: (820, 820, 820) (3.196s each)
scanned residues [5720,6435): 715 evaluated (poles skipped) in 1133s; rank drops: 0
  check t=3: residue 3, rank 820
  check t=9/7: residue 2861, rank 820
  check t=11/9: residue 7786, rank 820
  check t=2: residue 2, rank 820
parsed 2457x821, max degree 2, parse 3148.8s
generic ranks at t=2,5,7: (820, 820, 820) (6.644s each)
scanned residues [6435,7150): 715 evaluated (poles skipped) in 1283s; rank drops: 0
  check t=3: residue 3, rank 820
  check t=9/7: residue 2861, rank 820
  check t=11/9: residue 7786, rank 820
  check t=2: residue 2, rank 820
parsed 2457x821, max degree 2, parse 3747.5s
generic ranks at t=2,5,7: (820, 820, 820) (1.776s each)
scanned residues [7150,7865): 715 evaluated (poles skipped) in 835s; rank drops: 0
  check t=3: residue 3, rank 820
  check t=9/7: residue 2861, rank 820
  check t=11/9: residue 7786, rank 820
  check t=2: residue 2, rank 820
parsed 2457x821, max degree 2, parse 3523.0s
generic ranks at t=2,5,7: (820, 820, 820) (7.113s each)
scanned residues [715,1430): 715 evaluated (poles skipped) in 1123s; rank drops: 0
  check t=3: residue 3, rank 820
  check t=9/7: residue 2861, rank 820
  check t=11/9: residue 7786, rank 820
  check t=2: residue 2, rank 820
parsed 2457x821, max degree 2, parse 3749.0s
generic ranks at t=2,5,7: (820, 820, 820) (2.779s each)
scanned residues [7865,8580): 715 evaluated (poles skipped) in 968s; rank drops: 0
  check t=3: residue 3, rank 820
  check t=9/7: residue 2861, rank 820
  check t=11/9: residue 7786, rank 820
  check t=2: residue 2, rank 820
parsed 2457x821, max degree 2, parse 3765.3s
generic ranks at t=2,5,7: (820, 820, 820) (2.453s each)
scanned residues [8580,9295): 715 evaluated (poles skipped) in 958s; rank drops: 0
  check t=3: residue 3, rank 820
  check t=9/7: residue 2861, rank 820
  check t=11/9: residue 7786, rank 820
  check t=2: residue 2, rank 820
parsed 2457x821, max degree 2, parse 3448.5s
generic ranks at t=2,5,7: (820, 820, 820) (5.764s each)
scanned residues [9295,10009): 713 evaluated (poles skipped) in 1082s; rank drops: 0
  check t=3: residue 3, rank 820
  check t=9/7: residue 2861, rank 820
  check t=11/9: residue 7786, rank 820
  check t=2: residue 2, rank 820
