parsed 2457x821, max degree 2, parse 2933.8s
generic ranks at t=2,5,7: (820, 820, 820) (3.023s each)
scanned residues [1670,2504) = 834 in 1209s; rank drops: 0
  check t=3: residue 3, rank 820
  check t=9/7: residue 4290, rank 820
  check t=11/9: residue 2225, rank 820
  check t=2: residue 2, rank 820
parsed 2457x821, max degree 2, parse 2979.7s
generic ranks at t=2,5,7: (820, 820, 820) (2.549s each)
scanned residues [2504,3338) = 834 in 1133s; rank drops: 0
  check t=3: residue 3, rank 820
  check t=9/7: residue 4290, rank 820
  check t=11/9: residue 2225, rank 820
  check t=2: residue 2, rank 820
parsed 2457x821, max degree 2, parse 2937.1s
generic ranks at t=2,5,7: (820, 820, 820) (3.021s each)
scanned residues [2,836) = 834 in 1164s; rank drops: 0
  check t=3: residue 3, rank 820
  check t=9/7: residue 4290, rank 820
  check t=11/9: residue 2225, rank 820
  check t=2: residue 2, rank 820
parsed 2457x821, max degree 2, parse 2845.9s
generic ranks at t=2,5,7: (820, 820, 820) (2.958s each)
scanned residues [3338,4172) = 834 in 1276s; rank drops: 0
  check t=3: residue 3, rank 820
  check t=9/7: residue 4290, rank 820
  check t=11/9: residue 2225, rank 820
  check t=2: residue 2, rank 820
parsed 2457x821, max degree 2, parse 3029.0s
generic ranks at t=2,5,7: (820, 820, 820) (1.555s each)
scanned residues [4172,5006) = 834 in 1136s; rank drops: 0
  check t=3: residue 3, rank 820
  check t=9/7: residue 4290, rank 820
  check t=11/9: residue 2225, rank 820
  check t=2: residue 2, rank 820
parsed 2457x821, max degree 2, parse 2922.8s
generic ranks at t=2,5,7: (820, 820, 820) (6.146s each)
scanned residues [5006,5840) = 834 in 1226s; rank drops: 0
  check t=3: residue 3, rank 820
  check t=9/7: residue 4290, rank 820
  check t=11/9: residue 2225, rank 820
  check t=2: residue 2, rank 820
parsed 2457x821, max degree 2, parse 2786.3s
generic ranks at t=2,5,7: (820, 820, 820) (6.746s each)
scanned residues [5840,6674) = 834 in 1231s; rank drops: 0
  check t=3: residue 3, rank 820
  check t=9/7: residue 4290, rank 820
  check t=11/9: residue 2225, rank 820
  check t=2: residue 2, rank 820
parsed 2457x821, max degree 2, parse 2785.7s
generic ranks at t=2,5,7: (820, 820, 820) (6.310s each)
scanned residues [6674,7508) = 834 in 1362s; rank drops: 0
  check t=3: residue 3, rank 820
  check t=9/7: residue 4290, rank 820
  check t=11/9: residue 2225, rank 820
  check t=2: residue 2, rank 820
parsed 2457x821, max degree 2, parse 2827.6s
generic ranks at t=2,5,7: (820, 820, 820) (3.152s each)
scanned residues [7508,8342) = 834 in 1305s; rank drops: 0
  check t=3: residue 3, rank 820
  check t=9/7: residue 4290, rank 820
  check t=11/9: residue 2225, rank 820
  check t=2: residue 2, rank 820
parsed 2457x821, max degree 2, parse 2945.3s
generic ranks at t=2,5,7: (820, 820, 820) (2.838s each)
scanned residues [8342,9176) = 834 in 1236s; rank drops: 0
  check t=3: residue 3, rank 820
  check t=9/7: residue 4290, rank 820
  check t=11/9: residue 2225, rank 820
  check t=2: residue 2, rank 820
parsed 2457x821, max degree 2, parse 2831.7s
generic ranks at t=2,5,7: (820, 820, 820) (4.116s each)
scanned residues [836,1670) = 834 in 1209s; rank drops: 0
  check t=3: residue 3, rank 820
  check t=9/7: residue 4290, rank 820
  check t=11/9: residue 2225, rank 820
  check t=2: residue 2, rank 820
parsed 2457x821, max degree 2, parse 2993.6s
generic ranks at t=2,5,7: (820, 820, 820) (3.304s each)
scanned residues [9176,10006) = 830 in 1086s; rank drops: 0
  check t=3: residue 3, rank 820
  check t=9/7: residue 4290, rank 820
  check t=11/9: residue 2225, rank 820
  check t=2: residue 2, rank 820
parsed 2457x821, max degree 2, parse 727.1s
generic ranks at t=2,5,7: (820, 820, 820) (1.592s each)
scanned residues [0,1) = 1 in 2s; rank drops: 0
  check t=3: residue 3, rank 820
  check t=9/7: residue 4290, rank 820
  check t=11/9: residue 2225, rank 820
  check t=2: residue 2, rank 820
