t = 2, M = 36/7: P5 (odd spins alpha-even, integer-f part exact) True; even spins (alpha parities of charge part, int-f exact): {2: ({1}, True), 4: ({1}, True), 6: ({1}, True), 8: ({1}, True)}; dictionary fixed at spin 3: 1 solution(s)
   dict {'r': '17/336', 'tA': '67103/2793', 'tL': '-79333/114912'} | {3: "2 mismatched coeffs (top mismatches 1): [('(0, 2)', '-2/343'), ('(0, 0)', '-663234181/1574370')]", 5: "9 mismatched coeffs (top mismatches 3): [('(2, 1)', '-2/763'), ('(2, 0)', '-20959051/304437'), ('(1, 2)', '-7626/988085'), 
t = 4, M = 52/21: P5 (odd spins alpha-even, integer-f part exact) True; even spins (alpha parities of charge part, int-f exact): {2: ({1}, True), 4: ({1}, True), 6: ({1}, True), 8: ({1}, True)}; dictionary fixed at spin 3: 1 solution(s)
   dict {'r': '123/1040', 'tA': '7131883/1267875', 'tL': '-4486523/25116000'} | {3: "2 mismatched coeffs (top mismatches 1): [('(0, 2)', '-18/175'), ('(0, 0)', '-17355289223351/491238168750')]", 5: "9 mismatched coeffs (top mismatches 3): [('(2, 1)', '-162/1339'), ('(2, 0)', '-35606213459/1697684625
t = 6, M = 68/35: P5 (odd spins alpha-even, integer-f part exact) True; even spins (alpha parities of charge part, int-f exact): {2: ({1}, True), 4: ({1}, True), 6: ({1}, True), 8: ({1}, True)}; dictionary fixed at spin 3: 1 solution(s)
   dict {'r': '155/816', 'tA': '2256461/635775', 'tL': '-301929/3293920'} | {3: "2 mismatched coeffs (top mismatches 1): [('(0, 2)', '-50/63'), ('(0, 0)', '-2042470614493/103472381250')]", 5: "9 mismatched coeffs (top mismatches 3): [('(2, 1)', '-1250/1067'), ('(2, 0)', '-315680003/20556725'), ('(1,
t = 7, M = 38/21: P5 (odd spins alpha-even, integer-f part exact) True; even spins (alpha parities of charge part, int-f exact): {2: ({1}, True), 4: ({1}, True), 6: ({1}, True), 8: ({1}, True)}; dictionary fixed at spin 3: 1 solution(s)
   dict {'r': '39/152', 'tA': '1106293/356328', 'tL': '-88637/1289568'} | {3: "2 mismatched coeffs (top mismatches 1): [('(0, 2)', '-18/7'), ('(0, 0)', '-159992043083/8754978960')]", 5: "9 mismatched coeffs (top mismatches 3): [('(2, 1)', '-162/47'), ('(2, 0)', '-120716003/8373708'), ('(1, 2)', '-23
t = -2, M = -4/21: P5 (odd spins alpha-even, integer-f part exact) True; even spins (alpha parities of charge part, int-f exact): {2: ({1}, True), 4: ({1}, True), 6: ({1}, True), 8: ({1}, True)}; dictionary fixed at spin 3: 1 solution(s)
   dict {'r': '-213/176', 'tA': '955/286209', 'tL': '168629/436128'} | {3: "2 mismatched coeffs (top mismatches 1): [('(0, 2)', '-18/847'), ('(0, 0)', '7961024263/422470242810')]", 5: "9 mismatched coeffs (top mismatches 3): [('(2, 1)', '810/25289'), ('(2, 0)', '-142395005/657994491'), ('(1, 2)', '-
t = -4, M = 12/35: P5 (odd spins alpha-even, integer-f part exact) True; even spins (alpha parities of charge part, int-f exact): {2: ({1}, True), 4: ({1}, True), 6: ({1}, True), 8: ({1}, True)}; dictionary fixed at spin 3: 1 solution(s)
   dict {'r': '135/208', 'tA': '527129/1863225', 'tL': '39703/567840'} | {3: "2 mismatched coeffs (top mismatches 1): [('(0, 2)', '-50/1183'), ('(0, 0)', '-14614209503/381495318750')]", 5: "9 mismatched coeffs (top mismatches 3): [('(2, 1)', '1250/11557'), ('(2, 0)', '-106123447/78876525'), ('(1, 2)
t = 5/2, M = 80/21: P5 (odd spins alpha-even, integer-f part exact) True; even spins (alpha parities of charge part, int-f exact): {2: ({1}, True), 4: ({1}, True), 6: ({1}, True), 8: ({1}, True)}; dictionary fixed at spin 5 (no spin-3 point): 1 solution(s)
   dict {'r': '129/1856', 'tA': '23989870/473193', 'tL': '72248399/25958016'} | {3: 'no table', 5: "6 mismatched coeffs (top mismatches 2): [('(1, 2)', '-7290/64757'), ('(1, 0)', '-12702803658589505/5724875352042'), ('(0, 3)', '-162/1877953'), ('(0, 2)', '1178725211/13145671')]", 7: "14 mismatched c
t = 9/2, M = 16/7: P5 (odd spins alpha-even, integer-f part exact) True; even spins (alpha parities of charge part, int-f exact): {2: ({1}, True), 4: ({1}, True), 6: ({1}, True), 8: ({1}, True)}; dictionary fixed at spin 5 (no spin-3 point): 1 solution(s)
   dict {'r': '203/1600', 'tA': '2397278/137445', 'tL': '7560449/17592960'} | {3: 'no table', 5: "6 mismatched coeffs (top mismatches 2): [('(1, 2)', '-2058/125'), ('(1, 0)', '32948820596617/107420139750'), ('(0, 3)', '-22834/15625'), ('(0, 2)', '-111625219/240625')]", 7: "14 mismatched coeffs (top 
t = -1/3, M = -13/7: P5 (odd spins alpha-even, integer-f part exact) True; even spins (alpha parities of charge part, int-f exact): {2: ({1}, True), 4: ({1}, True), 6: ({1}, True), 8: ({1}, True)}; dictionary fixed at spin 5 (no spin-3 point): 1 solution(s)
   dict {'r': '-87/676', 'tA': '-103265/42042', 'tL': '-3601077/1457456'} | {3: 'no table', 5: "6 mismatched coeffs (top mismatches 2): [('(1, 2)', '-50/10309'), ('(1, 0)', '189512985871/17227328664'), ('(0, 3)', '-4042/2814357'), ('(0, 2)', '-88248431/275806986')]", 7: "14 mismatched coeffs (top mi
t = -999997/3000000, M = -52000024/27999979: P5 (odd spins alpha-even, integer-f part exact) True; even spins (alpha parities of charge part, int-f exact): {2: ({1}, True), 4: ({1}, True), 6: ({1}, True), 8: ({1}, True)}; dictionary fixed at spin 5 (no spin-3 point): 1 solution(s)
   dict {'r': '-1391998920000027/10816004367999712', 'tA': '-30212541671381325092113909065510079650325060/12300266184176968750932451931237269697780571', 'tL': '-4214296647095647000697797482658485776193128931615293/1705637698089575454121966727475158330610833169956544'} | {3: 'no table', 5: "6 mismatc
t = -1000003/3000000, M = -1061224/571429: P5 (odd spins alpha-even, integer-f part exact) True; even spins (alpha parities of charge part, int-f exact): {2: ({1}, True), 4: ({1}, True), 6: ({1}, True), 8: ({1}, True)}; dictionary fixed at spin 5 (no spin-3 point): 1 solution(s)
   dict {'r': '-28408185306123/220734604734688', 'tA': '-163418031837251851211657050331401373780/66532396219069806720508727052184589223', 'tL': '-465205193922882128500302648476042097660296159/188282068387163030845773742285940102702903872'} | {3: 'no table', 5: "6 mismatched coeffs (top mismatches 2)
t = 1000, M = 8020/6993: P5 (odd spins alpha-even, integer-f part exact) True; even spins (alpha parities of charge part, int-f exact): {2: ({1}, True), 4: ({1}, True), 6: ({1}, True), 8: ({1}, True)}; dictionary fixed at spin 5 (no spin-3 point): 1 solution(s)
   dict {'r': '576423/6306928', 'tA': '120270919387596982525/25234308811026954639', 'tL': '-65961256871352837752675/971419951989293645782944'} | {3: 'no table', 5: "6 mismatched coeffs (top mismatches 2): [('(1, 2)', '-17928107928018/2186396030497'), ('(1, 0)', '1162319239568184442569682800615205560
t = 1000000, M = 1142860/999999: P5 (odd spins alpha-even, integer-f part exact) True; even spins (alpha parities of charge part, int-f exact): {2: ({1}, True), 4: ({1}, True), 6: ({1}, True), 8: ({1}, True)}; dictionary fixed at spin 5 (no spin-3 point): 1 solution(s)
   dict {'r': '85710914289/914272457104', 'tA': '17457450258994943972875498892517445075/3685633143187228316114032086050742777', 'tL': '-1376545927815752822573814381830131380345275/20218380931310187616099597007346969072586656'} | {3: 'no table', 5: "6 mismatched coeffs (top mismatches 2): [('(1, 2)',
