[07:43:08] build phase
  sectors: cand 114795 (d-image 78771, non-pivot 36024), target 340127 (d-image 238190, non-pivot 101937); structure 10.4s
  exact build of 36024 non-pivot columns in 495s (8666856 nonzeros)
  normal forms of 36024 columns for 8 primes at once in 865s
  wrote nf_p0.pkl (165745929 nonzeros)
  wrote nf_p1.pkl (165745929 nonzeros)
  wrote nf_p2.pkl (165745929 nonzeros)
  wrote nf_p3.pkl (165745929 nonzeros)
  wrote nf_p4.pkl (165745929 nonzeros)
  wrote nf_p5.pkl (165745929 nonzeros)
  wrote nf_p6.pkl (165745929 nonzeros)
  wrote nf_p7.pkl (165745929 nonzeros)
  build phase done in 1735s -> <lab>/phase_w26_t53
<lab>/fk3_distributed.sh: line 9: syntax error near unexpected token `)'
<lab>/fk3_distributed.sh: line 9: `+%H:%M:%S)] build phase"'
[08:41:38] build phase skipped (existing <lab>/phase_w26_t53/meta.json)
[08:41:38] good primes: 0 1 2 3 4 5 6 7; nodes: worker-1 worker-2 worker-3 worker-4
  prime index 0 (2305843009213693951): matrix 101937 x 36024 filled (165745929 nonzeros) in 40s; rref ...
  prime index 0: rank 36022, nullity 2; rref 15871s; total 15912s -> sol_p0.pkl
[13:07:54] prime 0 solved on worker-1
  prime index 2 (2305843009213693907): matrix 101937 x 36024 filled (165745929 nonzeros) in 41s; rref ...
  prime index 2: rank 36022, nullity 2; rref 15950s; total 15990s -> sol_p2.pkl
[13:09:30] prime 2 solved on worker-3
  prime index 3 (2305843009213693723): matrix 101937 x 36024 filled (165745929 nonzeros) in 41s; rref ...
  prime index 3: rank 36022, nullity 2; rref 15995s; total 16037s -> sol_p3.pkl
[13:10:24] prime 3 solved on worker-4
  prime index 1 (2305843009213693921): matrix 101937 x 36024 filled (165745929 nonzeros) in 41s; rref ...
  prime index 1: rank 36022, nullity 2; rref 16032s; total 16073s -> sol_p1.pkl
[13:10:47] prime 1 solved on worker-2
  prime index 4 (2305843009213693693): matrix 101937 x 36024 filled (165745929 nonzeros) in 40s; rref ...
  prime index 4: rank 36022, nullity 2; rref 15843s; total 15883s -> sol_p4.pkl
[17:33:01] prime 4 solved on worker-1
  prime index 5 (2305843009213693669): matrix 101937 x 36024 filled (165745929 nonzeros) in 41s; rref ...
  prime index 5: rank 36022, nullity 2; rref 15716s; total 15756s -> sol_p5.pkl
[17:33:48] prime 5 solved on worker-2
  prime index 6 (2305843009213693613): matrix 101937 x 36024 filled (165745929 nonzeros) in 40s; rref ...
  prime index 6: rank 36022, nullity 2; rref 15879s; total 15919s -> sol_p6.pkl
[17:35:14] prime 6 solved on worker-3
  prime index 7 (2305843009213693561): matrix 101937 x 36024 filled (165745929 nonzeros) in 41s; rref ...
  prime index 7: rank 36022, nullity 2; rref 15914s; total 15955s -> sol_p7.pkl
[17:36:43] prime 7 solved on worker-4
[17:36:43] solved: 8 prime(s); merge phase
  merge: 8 solved prime(s) of 8 good; structure + load 28s
  prime 2305843009213693951: rank 36022, nullity U = 2
  1 prime(s): reconstruction not yet stable
  2 prime(s): reconstruction not yet stable
  3 prime(s): reconstruction not yet stable
  4 prime(s): reconstruction not yet stable
  CERTIFIED genuine dim 2 with 5 prime(s): 2 vectors verified by exact identities (864s), canonical non-pivot representatives; merge 1096s
sol=3 N=-25/2 s=-45/2 dim=2 kc=78771 primes=5 time=1100s (merge; build 1735s)
record written: <lab>/fk3v3_w26_t53_sheet3.json (tool sha256 c38606e5b23be691)
