t = 1/3 (k = -1/2, n = 2) M = 1/k, C = -4: {1: True, 3: True, 5: True, 7: True, 9: True}  (4s)
   TAMPER delta + 1/10: {3: 'DIFF (3 of 6 coeffs)', 5: 'DIFF (6 of 10 coeffs)', 7: 'DIFF (10 of 15 coeffs)', 9: 'DIFF (15 of 21 coeffs)'}
t = 2 (k = 2, n = 7) M = 1/k, C = 21: {1: True, 3: True, 5: True, 7: 'WKB charge identically 0 (certified: non-zero, 15 coeffs)', 9: True}  (5s)
   TAMPER delta + 1/10: {3: 'DIFF (3 of 6 coeffs)', 5: 'DIFF (6 of 10 coeffs)', 7: 'WKB charge identically 0 (certified: non-zero, 15 coeffs)', 9: 'DIFF (15 of 21 coeffs)'}
t = 3/2 (k = 2/3, n = 13/3) M = 1/k, C = 65/3: {1: True, 3: True, 5: True, 7: True, 9: True}  (6s)
   TAMPER delta + 1/10: {3: 'DIFF (3 of 6 coeffs)', 5: 'DIFF (6 of 10 coeffs)', 7: 'DIFF (10 of 15 coeffs)', 9: 'DIFF (15 of 21 coeffs)'}
t = 4 (k = -6, n = -9) M = 1/k, C = -15: {1: True, 3: 'DIFF (3 of 6 coeffs)', 5: True, 7: True, 9: 'WKB charge identically 0 (certified: non-zero, 21 coeffs)'}  (6s)
   TAMPER delta + 1/10: {3: 'DIFF (3 of 6 coeffs)', 5: 'DIFF (6 of 10 coeffs)', 7: 'DIFF (10 of 15 coeffs)', 9: 'WKB charge identically 0 (certified: non-zero, 21 coeffs)'}
t = -2 (k = -6/5, n = 3/5) M = 1/k, C = 1/5: {1: True, 3: True, 5: True, 7: True, 9: True}  (6s)
   TAMPER delta + 1/10: {3: 'DIFF (3 of 6 coeffs)', 5: 'DIFF (6 of 10 coeffs)', 7: 'DIFF (10 of 15 coeffs)', 9: 'DIFF (15 of 21 coeffs)'}
t = 1/2 (k = -2/5, n = 11/5) M = 1/k, C = -33/5: {1: True, 3: True, 5: True, 7: True, 9: True}  (6s)
   TAMPER delta + 1/10: {3: 'DIFF (3 of 6 coeffs)', 5: 'DIFF (6 of 10 coeffs)', 7: 'DIFF (10 of 15 coeffs)', 9: 'DIFF (15 of 21 coeffs)'}
t = -1/3 (k = -4/5, n = 7/5) M = 1/k, C = -7/10: {1: True, 3: True, 5: True, 7: True, 9: True}  (6s)
   TAMPER delta + 1/10: {3: 'DIFF (3 of 6 coeffs)', 5: 'DIFF (6 of 10 coeffs)', 7: 'DIFF (10 of 15 coeffs)', 9: 'DIFF (15 of 21 coeffs)'}
t = 13/5 (k = 8, n = 19) M = 1/k, C = 171/4: {1: True, 3: True, 5: True, 7: True, 9: True}  (6s)
   TAMPER delta + 1/10: {3: 'DIFF (3 of 6 coeffs)', 5: 'DIFF (6 of 10 coeffs)', 7: 'DIFF (10 of 15 coeffs)', 9: 'DIFF (15 of 21 coeffs)'}
t = 11/2 (k = -18/5, n = -21/5) M = 1/k, C = -91/15: {1: True, 3: True, 5: True, 7: 'DIFF (10 of 15 coeffs)', 9: True}  (7s)
   TAMPER delta + 1/10: {3: 'DIFF (3 of 6 coeffs)', 5: 'DIFF (6 of 10 coeffs)', 7: 'DIFF (10 of 15 coeffs)', 9: 'DIFF (15 of 21 coeffs)'}
t = 21/11 (k = 5/3, n = 19/3) M = 1/k, C = 304/15: {1: True, 3: True, 5: True, 7: True, 9: True}  (6s)
   TAMPER delta + 1/10: {3: 'DIFF (3 of 6 coeffs)', 5: 'DIFF (6 of 10 coeffs)', 7: 'DIFF (10 of 15 coeffs)', 9: 'DIFF (15 of 21 coeffs)'}
t = 7 (k = -3, n = -3) M = 1/k, C = -4: {1: True, 3: 'WKB charge identically 0 (certified: non-zero, 6 coeffs)', 5: 'DIFF (6 of 10 coeffs)', 7: 'DIFF (10 of 15 coeffs)', 9: 'WKB charge identically 0 (certified: non-zero, 21 coeffs)'}  (5s)
   TAMPER delta + 1/10: {3: 'WKB charge identically 0 (certified: non-zero, 6 coeffs)', 5: 'DIFF (6 of 10 coeffs)', 7: 'DIFF (10 of 15 coeffs)', 9: 'WKB charge identically 0 (certified: non-zero, 21 coeffs)'}
t = 401/100 (k = -602/101, n = -901/101) M = 1/k, C = -451401/30401: {1: True, 3: True, 5: True, 7: True, 9: True}  (8s)
   TAMPER delta + 1/10: {3: 'DIFF (3 of 6 coeffs)', 5: 'DIFF (6 of 10 coeffs)', 7: 'DIFF (10 of 15 coeffs)', 9: 'DIFF (15 of 21 coeffs)'}
t = 399/100 (k = -598/99, n = -899/99) M = 1/k, C = -448601/29601: {1: True, 3: True, 5: True, 7: True, 9: True}  (8s)
   TAMPER delta + 1/10: {3: 'DIFF (3 of 6 coeffs)', 5: 'DIFF (6 of 10 coeffs)', 7: 'DIFF (10 of 15 coeffs)', 9: 'DIFF (15 of 21 coeffs)'}
exact-point fibre t = 1/3: MATCH
EXIT 0
