=== CHECK h2b_t2_plant: M = 5, rotated = True, saturated minimal primes = 2

--- prime 1: degree 1 in pi_rot (irreducible over Q: True); real roots: 1
    sX = -120   (mod pi_rot - 2)
    sY = -6   (mod pi_rot - 2)
    cX = 7   (mod pi_rot - 2)
    cY = 15/4   (mod pi_rot - 2)
    pi_rot = pi_rot   (mod pi_rot - 2)
  spin 5: 16 monomials compared, EXACT nonzero residuals: 0 (outside cert support, tot.deg>k: 0 []; inside, tot.deg<=k: 0 [])
  spin 7: 25 monomials compared, EXACT nonzero residuals: 0 (outside cert support, tot.deg>k: 0 []; inside, tot.deg<=k: 0 [])
  spin 9: 36 monomials compared, EXACT nonzero residuals: 0 (outside cert support, tot.deg>k: 0 []; inside, tot.deg<=k: 0 [])
  => prime 1 (1 solutions): ALL MATCH

--- prime 2: degree 11 in pi_rot (irreducible over Q: True); real roots: 3
  spin 5: 16 monomials compared, EXACT nonzero residuals: 11 (outside cert support, tot.deg>k: 6 [(6, 0), (5, 0), (4, 1), (4, 0)]; inside, tot.deg<=k: 5 [(1, 2), (0, 3), (0, 2), (0, 1), (0, 0)])
     first in-support failing monomial X^1Y^2: |monic-cert| over the 11 roots: min 1.415e-03 max 1.311e-02
     first out-of-support monomial X^6Y^0: |monic coeff| over roots: min 1.443e-02 max 4.970e+09
  spin 7: 25 monomials compared, EXACT nonzero residuals: 23 (outside cert support, tot.deg>k: 10 [(8, 0), (7, 0), (6, 1), (6, 0)]; inside, tot.deg<=k: 13 [(2, 2), (1, 3), (0, 4), (3, 0), (2, 1), (1, 2)])
     first in-support failing monomial X^2Y^2: |monic-cert| over the 11 roots: min 3.120e-04 max 1.783e-02
     first out-of-support monomial X^8Y^0: |monic coeff| over roots: min 6.259e-03 max 8.200e+09
  spin 9: 36 monomials compared, EXACT nonzero residuals: 35 (outside cert support, tot.deg>k: 15 [(10, 0), (9, 0), (8, 1), (8, 0)]; inside, tot.deg<=k: 20 [(4, 1), (3, 2), (2, 3), (1, 4), (0, 5), (4, 0)])
     first in-support failing monomial X^4Y^1: |monic-cert| over the 11 roots: min 2.631e-02 max 1.839e-01
     first out-of-support monomial X^10Y^0: |monic coeff| over roots: min 3.207e-05 max 1.166e+10
  => prime 2 (11 solutions): FAILS

RESULT h2b_t2_plant: PASS (some solution matches all spins)
