=== CHECK gate1_t2: M = 5, rotated = False, saturated minimal primes = 2

--- prime 1: degree 1 in cY (irreducible over Q: True); real roots: 1
    sX = 120   (mod cY + 5)
    sY = 6   (mod cY + 5)
    cX = 45   (mod cY + 5)
    cY = cY   (mod cY + 5)
  spin 5: 10 monomials compared, EXACT nonzero residuals: 6 (X-deg>k: 0 []; X-deg<=k: 6 [(2, 0), (1, 1), (0, 2), (1, 0), (0, 1), (0, 0)])
     first in-support failing monomial X^2Y^0: |monic-cert| over the 1 roots: min 1.083e+00 max 1.083e+00
  spin 7: 15 monomials compared, EXACT nonzero residuals: 10 (X-deg>k: 0 []; X-deg<=k: 10 [(3, 0), (2, 1), (1, 2), (0, 3), (2, 0), (1, 1)])
     first in-support failing monomial X^3Y^0: |monic-cert| over the 1 roots: min 2.812e+00 max 2.812e+00
  spin 9: 21 monomials compared, EXACT nonzero residuals: 15 (X-deg>k: 0 []; X-deg<=k: 15 [(4, 0), (3, 1), (2, 2), (1, 3), (0, 4), (3, 0)])
     first in-support failing monomial X^4Y^0: |monic-cert| over the 1 roots: min 5.202e+00 max 5.202e+00
  => prime 1 (1 solutions): FAILS

--- prime 2: degree 1 in cY (irreducible over Q: True); real roots: 1
    sX = -120   (mod 4*cY - 15)
    sY = -6   (mod 4*cY - 15)
    cX = 0   (mod 4*cY - 15)
    cY = cY   (mod 4*cY - 15)
  spin 5: 10 monomials compared, EXACT nonzero residuals: 0 (X-deg>k: 0 []; X-deg<=k: 0 [])
  spin 7: 15 monomials compared, EXACT nonzero residuals: 0 (X-deg>k: 0 []; X-deg<=k: 0 [])
  spin 9: 21 monomials compared, EXACT nonzero residuals: 0 (X-deg>k: 0 []; X-deg<=k: 0 [])
  => prime 2 (1 solutions): ALL MATCH

RESULT gate1_t2: PASS (some solution matches all spins)
