[0, [0, 
5, 
2, 
['sX', 'sY', 'cX', 'cY', 'zs'],
[0, 0, 0, 0, 1],
[1,
[[2, [-1, 0, 14400]],
[1, [0, 28800]],
[
[[1, [-28800, 0]],
1],
[[1, [-1440, 0]],
1],
[[1, [-5400, -648000]],
1],
[[1, [1050, 18000]],
1]
]]]],[1,
[[[-5104235503814076951950619111476523171841 / 2^125, -40833884030512615615604952891812185374615 / 2^128], [-2041694201525630780780247644590609268737 / 2^128, -1020847100762815390390123822295304634365 / 2^127], [-1 / 2^127, 5 / 2^126], [319014718988379809496913694467282698239 / 2^126, 1276058875953519237987654777869130792961 / 2^128], [-181483929024500513847133123963609712777 / 2^134, -362967858049001027694266247927219425553 / 2^135]], [[40833884030512615615604952891812185374615 / 2^128, 5104235503814076951950619111476523171841 / 2^125], [1020847100762815390390123822295304634365 / 2^127, 2041694201525630780780247644590609268737 / 2^128], [15312706511442230855851857334429569515479 / 2^128, 15312706511442230855851857334429569515543 / 2^128], [-1701411834604692317316873037158841057281 / 2^128, -1701411834604692317316873037158841057275 / 2^128], [362967858049001027694266247927219425553 / 2^135, 181483929024500513847133123963609712777 / 2^134]]]
]]:
