[0, [0, 
5, 
2, 
['sX', 'sY', 'cX', 'cY', 'zs'],
[0, 0, 0, 0, 1],
[1,
[[2, [-889830625, 0, 1728600584256]],
[1, [0, 3457201168512]],
[
[[1, [-3457201168512, 0]],
1],
[[1, [-7284816747936, 0]],
29],
[[1, [-477692122995360, -24539213894098176]],
115],
[[1, [-160094744129320, -7435575413177184]],
575]
]]]],[1,
[[[-14997991336558100396077593220641865338683 / 2^128, -14997991336558100396077593220641865338681 / 2^128], [-1089755528148926014000711822682105979043 / 2^128, -544877764074463007000355911341052989521 / 2^127], [1491328825073641451894666121599006464643 / 2^127, 2982657650147282903789332243198012929287 / 2^128], [64941003728346762436272250809273077555 / 2^128, 16235250932086690609068062702318269389 / 2^126], [-15811597262360167397067682852259546459633 / 2^139, -31623194524720334794135365704519092919265 / 2^140]], [[14997991336558100396077593220641865338681 / 2^128, 14997991336558100396077593220641865338683 / 2^128], [544877764074463007000355911341052989521 / 2^127, 1089755528148926014000711822682105979043 / 2^128], [9755745328353706289978897215507847919481 / 2^126, 39022981313414825159915588862031391677927 / 2^128], [2480666998550638977716259703743337290405 / 2^128, 2480666998550638977716259703743337290407 / 2^128], [31623194524720334794135365704519092919265 / 2^140, 15811597262360167397067682852259546459633 / 2^139]]]
]]:
