[0, [0, 
5, 
2, 
['sX', 'sY', 'cX', 'cY', 'zs'],
[0, 0, 0, 0, 1],
[1,
[[2, [-4160000, 0, 59569113789]],
[1, [0, 119138227578]],
[
[[1, [-119138227578, 0]],
1],
[[1, [-42048786204, 0]],
7],
[[1, [-10259125152550, -1256054476983591]],
450],
[[1, [778681226000, 13839890770311]],
180]
]]]],[1,
[[[-40719585569512122339782935687232932461637 / 2^128, -40719585569512122339782935687232932461581 / 2^128], [-1026544174021314008565956361863015104075 / 2^127, -1026544174021314008565956361863015104073 / 2^127], [90146137049976760694105698254508638313 / 2^127, 180292274099953521388211396509017276639 / 2^128], [1258953410350138800269304542557893978041 / 2^128, 314738352587534700067326135639473494511 / 2^126], [-727973392414565971326158303098061618107 / 2^136, -363986696207282985663079151549030809053 / 2^135]], [[40719585569512122339782935687232932461581 / 2^128, 40719585569512122339782935687232932461637 / 2^128], [1026544174021314008565956361863015104073 / 2^127, 1026544174021314008565956361863015104075 / 2^127], [15764331195765086762539705301499398835997 / 2^128, 7882165597882543381269852650749699418015 / 2^127], [-424542431172670861657128034426483884967 / 2^126, -1698169724690683446628512137705935539865 / 2^128], [363986696207282985663079151549030809053 / 2^135, 727973392414565971326158303098061618107 / 2^136]]]
]]:
