[0, [0, 
5, 
2, 
['sX', 'sY', 'cX', 'cY', 'zs'],
[0, 0, 0, 0, 1],
[1,
[[2, [-61, 0, 65856]],
[1, [0, 131712]],
[
[[1, [-131712, 0]],
1],
[[1, [-14112, 0]],
1],
[[1, [-274400, -11854080]],
1],
[[1, [-24696, -823200]],
1]
]]]],[1,
[[[-5590391284002288108465122133296610292903 / 2^127, -2795195642001144054232561066648305146451 / 2^126], [-299485247357265434382060114283746979977 / 2^126, -1197940989429061737528240457134987919907 / 2^128], [1833029001552065314941426445030815702653 / 2^126, 916514500776032657470713222515407851327 / 2^125], [30368061755007355971670496462322461761 / 2^128, 15184030877503677985835248231161230881 / 2^127], [-10604901638845934293220523230510187844263 / 2^138, -5302450819422967146610261615255093922131 / 2^137]], [[2795195642001144054232561066648305146451 / 2^126, 5590391284002288108465122133296610292903 / 2^127], [1197940989429061737528240457134987919907 / 2^128, 299485247357265434382060114283746979977 / 2^126], [26959355019780331081820861778797507625731 / 2^127, 53918710039560662163641723557595015251471 / 2^128], [2111580762378361718660256048217390090719 / 2^127, 4223161524756723437320512096434780181439 / 2^128], [5302450819422967146610261615255093922131 / 2^137, 10604901638845934293220523230510187844263 / 2^138]]]
]]:
