======================================================================
SECOND2: Suzuki class test for Sol 2 and Sol 3
Fit on spin 5 (spin 3 data unavailable for Sols 2/3)
======================================================================
Fibre t=2: M=5
Fibre t=9/4: M=21/5
Fibre t=4: M=7/3

======================================================================
H1: SOL 2 (standard dictionary A = sX*X + cX)
======================================================================

--- H1 Sol2: Sol 2, t=2, M=5 ---
  Fit on spin 5 (+spin 7 for H2b): 4 equations in 4 unknowns
    eq[0]: 15*sX - 40*sY
    eq[1]: 24*cX - 160*cY - 45*sX - 1160
    eq[2]: -480*cX*sY + 5760*cY*sY + 145*sX**2 + 7200*sY
    eq[3]: 18*cX**2 - 240*cX*cY - 1740*cX + 1440*cY**2 + 3600*cY - 23*sX**2 + 34122
  Solutions found: 2

  Solution [0]:
    sX = -1344*sqrt(1597029)/76049
    sY = -504*sqrt(1597029)/76049
    cX = 90 - 12950*sqrt(1597029)/228147
    cY = 25/4 - 539*sqrt(1597029)/152098
    spin 5: (1, 2) -> 95/4...
    spin 7: (3, 1) -> -26/23...
    spin 9: (4, 1) -> -117/62...
  => Solution [0]: FAILS

  Solution [1]:
    sX = 1344*sqrt(1597029)/76049
    sY = 504*sqrt(1597029)/76049
    cX = 12950*sqrt(1597029)/228147 + 90
    cY = 539*sqrt(1597029)/152098 + 25/4
    spin 5: (1, 2) -> 95/4...
    spin 7: (3, 1) -> -26/23...
    spin 9: (4, 1) -> -117/62...
  => Solution [1]: FAILS

--- H1 Sol2: Sol 2, t=9/4, M=21/5 ---
  Fit on spin 5 (+spin 7 for H2b): 4 equations in 4 unknowns
    eq[0]: 4425*sX - 5040*sY
    eq[1]: 184080*cX - 1310400*cY - 547225*sX - 6460272
    eq[2]: -22276800*cX*sY + 330220800*cY*sY + 15421125*sX**2 + 139793472*sY
    eq[3]: 91533780000*cX**2 - 1303192800000*cX*cY - 6424740504000*cX + 9658958400000*cY**2 + 8177918112000*cY - 157382610625*sX**2 + 90986980305312
  Solutions found: 2

  Solution [0]:
    sX = -104832*sqrt(26484917289093289)/1827044992225
    sY = -312*sqrt(26484917289093289)/6193372855
    cX = 7098/115 - 2406726*sqrt(26484917289093289)/8404406964235
    cY = 8603/2300 - 23171*sqrt(26484917289093289)/1424475756650
    spin 5: (1, 2) -> 165125/816...
    spin 7: (3, 1) -> -1375/221...
    spin 9: (4, 1) -> -20625/2132...
  => Solution [0]: FAILS

  Solution [1]:
    sX = 104832*sqrt(26484917289093289)/1827044992225
    sY = 312*sqrt(26484917289093289)/6193372855
    cX = 2406726*sqrt(26484917289093289)/8404406964235 + 7098/115
    cY = 23171*sqrt(26484917289093289)/1424475756650 + 8603/2300
    spin 5: (1, 2) -> 165125/816...
    spin 7: (3, 1) -> -1375/221...
    spin 9: (4, 1) -> -20625/2132...
  => Solution [1]: FAILS

--- H1 Sol2: Sol 2, t=4, M=7/3 ---
  Fit on spin 5 (+spin 7 for H2b): 4 equations in 4 unknowns
    eq[0]: -195*sX - 840*sY
    eq[1]: 2808*cX - 30240*cY - 819*sX - 35560
    eq[2]: -10080*cX*sY - 846720*cY*sY - 1677*sX**2 + 572320*sY
    eq[3]: 126360*cX**2 - 2721600*cX*cY - 3200400*cX - 114307200*cY**2 + 154526400*cY - 18603*sX**2 + 13631800
  Solutions found: 2

  Solution [0]:
    sX = -2240*sqrt(3614565)/94293
    sY = 520*sqrt(3614565)/94293
    cX = 1750/99 - 25130*sqrt(3614565)/3111669
    cY = 553/1188 - 221*sqrt(3614565)/2074446
    spin 5: (1, 2) -> -705/4...
    spin 7: (3, 1) -> -38/15...
    spin 9: (4, 1) -> -285/58...
  => Solution [0]: FAILS

  Solution [1]:
    sX = 2240*sqrt(3614565)/94293
    sY = -520*sqrt(3614565)/94293
    cX = 25130*sqrt(3614565)/3111669 + 1750/99
    cY = 221*sqrt(3614565)/2074446 + 553/1188
    spin 5: (1, 2) -> -705/4...
    spin 7: (3, 1) -> -38/15...
    spin 9: (4, 1) -> -285/58...
  => Solution [1]: FAILS

======================================================================
H2a: SOL 3 (standard dictionary A = sX*X + cX)
======================================================================

--- H2a Sol3: Sol 3, t=2, M=5 ---
  Fit on spin 5 (+spin 7 for H2b): 4 equations in 4 unknowns
    eq[0]: 15*sX - 140*sY
    eq[1]: 6*cX - 40*cY - 5*sX - 290
    eq[2]: -280*cX*sY + 3360*cY*sY - 5*sX**2 + 4200*sY
    eq[3]: 12*cX**2 - 160*cX*cY - 1160*cX + 960*cY**2 + 2400*cY - 3*sX**2 + 22748
  Solutions found: 2

  Solution [0]:
    sX = -56*sqrt(1281)/61
    sY = -6*sqrt(1281)/61
    cX = 90 - 350*sqrt(1281)/183
    cY = 25/4 - 21*sqrt(1281)/122
    spin 5: (1, 2) -> 240/49...
    spin 7: (3, 1) -> -16/253...
    spin 9: (4, 1) -> -24/217...
  => Solution [0]: FAILS

  Solution [1]:
    sX = 56*sqrt(1281)/61
    sY = 6*sqrt(1281)/61
    cX = 350*sqrt(1281)/183 + 90
    cY = 21*sqrt(1281)/122 + 25/4
    spin 5: (1, 2) -> 240/49...
    spin 7: (3, 1) -> -16/253...
    spin 9: (4, 1) -> -24/217...
  => Solution [1]: FAILS

--- H2a Sol3: Sol 3, t=9/4, M=21/5 ---
  Fit on spin 5 (+spin 7 for H2b): 4 equations in 4 unknowns
    eq[0]: 2655*sX - 36540*sY
    eq[1]: 23010*cX - 163800*cY - 14455*sX - 807534
    eq[2]: -80753400*cX*sY + 1197050400*cY*sY + 45135*sX**2 + 506751336*sY
    eq[3]: 1271302500*cX**2 - 18099900000*cX*cY - 89232507000*cX + 134152200000*cY**2 + 113582196000*cY - 296261125*sX**2 + 1263708059796
  Solutions found: 2

  Solution [0]:
    sX = -2184*sqrt(148222009)/603275
    sY = -78*sqrt(148222009)/296525
    cX = 7098/115 - 60354*sqrt(148222009)/13875325
    cY = 8603/2300 - 2057*sqrt(148222009)/7055250
    spin 5: (1, 2) -> 46080/14297...
    spin 7: (3, 1) -> -64/5655...
    spin 9: (4, 1) -> -1440/72529...
  => Solution [0]: FAILS

  Solution [1]:
    sX = 2184*sqrt(148222009)/603275
    sY = 78*sqrt(148222009)/296525
    cX = 60354*sqrt(148222009)/13875325 + 7098/115
    cY = 2057*sqrt(148222009)/7055250 + 8603/2300
    spin 5: (1, 2) -> 46080/14297...
    spin 7: (3, 1) -> -64/5655...
    spin 9: (4, 1) -> -1440/72529...
  => Solution [1]: FAILS

--- H2a Sol3: Sol 3, t=4, M=7/3 ---
  Fit on spin 5 (+spin 7 for H2b): 4 equations in 4 unknowns
    eq[0]: -65*sX - 1260*sY
    eq[1]: 702*cX - 7560*cY - 273*sX - 8890
    eq[2]: -7560*cX*sY - 635040*cY*sY - 143*sX**2 + 429240*sY
    eq[3]: 63180*cX**2 - 1360800*cX*cY - 1600200*cX - 57153600*cY**2 + 77263200*cY - 8307*sX**2 + 6815900
  Solutions found: 2

  Solution [0]:
    sX = -280*sqrt(1495)*I/117
    sY = 10*sqrt(1495)*I/81
    cX = 1750/99 - 1190*sqrt(1495)*I/1287
    cY = 553/1188 + sqrt(1495)*I/1782
    spin 5: (1, 2) -> -80/9...
    spin 7: (3, 1) -> -80/351...
    spin 9: (4, 1) -> -200/493...
  => Solution [0]: FAILS

  Solution [1]:
    sX = 280*sqrt(1495)*I/117
    sY = -10*sqrt(1495)*I/81
    cX = 1750/99 + 1190*sqrt(1495)*I/1287
    cY = 553/1188 - sqrt(1495)*I/1782
    spin 5: (1, 2) -> -80/9...
    spin 7: (3, 1) -> -80/351...
    spin 9: (4, 1) -> -200/493...
  => Solution [1]: FAILS

======================================================================
H2b: SOL 3 (ROTATED dictionary A = sX*(X+pi)^2 + cX)
======================================================================

--- H2b Sol3 rot: Sol 3, t=2, M=5 ---
  Fit on spin 5 (+spin 7 for H2b): 5 equations in 5 unknowns
    eq[0]: 45*cX*pi_rot*sX - 70*cX*sY - 300*cY*pi_rot*sX + 840*cY*sY + 75*pi_rot**3*sX**2 - 210*pi_rot**2*sX*sY - 2175*pi_rot*sX + 1050*sY
    eq[1]: 3*cX**2 - 40*cX*cY + 18*cX*pi_rot**2*sX - 30*cX*pi_rot*sX - 290*cX + 240*cY**2 - 120*cY*pi_rot**2*sX + 200*cY*pi_rot*sX + 600*cY + 15*pi_rot**4*sX**2 - 50*pi_rot**3*sX**2 - 870*pi_rot**2*sX + 1450*pi_rot*sX + 5687
    eq[2]: -15*cX*sX - 140*cX*sY + 100*cY*sX + 1680*cY*sY - 25*pi_rot**2*sX**2 - 140*pi_rot**2*sX*sY + 725*sX + 2100*sY
    eq[3]: 6*cX**2 - 80*cX*cY + 12*cX*pi_rot**2*sX - 9*cX*sX - 580*cX + 480*cY**2 - 80*cY*pi_rot**2*sX + 60*cY*sX + 1200*cY + 6*pi_rot**4*sX**2 - 15*pi_rot**2*sX**2 - 580*pi_rot**2*sX + 435*sX + 11374
    eq[4]: 25116*cX**2 - 305760*cX*cY + 251160*cX*pi_rot**2*sX - 480480*cX*pi_rot*sY - 3439800*cX + 1176000*cY**2 - 1528800*cY*pi_rot**2*sX + 3696000*cY*pi_rot*sY + 12348000*cY + 293020*pi_rot**4*sX**2 - 800800*pi_rot**3*sX*sY - 17199000*pi_rot**2*sX + 19404000*pi_rot*sY + 115517500
