// ** redefining blowup0 (;return();) sing_h2b_t2.sing:7
// ** redefining blowup0 (;return();) sing_h2b_t2.sing:7
// ** redefining elimRing (;return();) sing_h2b_t2.sing:7
// ** redefining elimRing (;return();) sing_h2b_t2.sing:7
// ** redefining elim (;return();) sing_h2b_t2.sing:7
// ** redefining elim (;return();) sing_h2b_t2.sing:7
// ** redefining elim2 (;return();) sing_h2b_t2.sing:7
// ** redefining elim2 (;return();) sing_h2b_t2.sing:7
// ** redefining elim1 (;return();) sing_h2b_t2.sing:7
// ** redefining elim1 (;return();) sing_h2b_t2.sing:7
// ** redefining nselect (;return();) sing_h2b_t2.sing:7
// ** redefining nselect (;return();) sing_h2b_t2.sing:7
// ** redefining sat (;return();) sing_h2b_t2.sing:7
// ** redefining sat (;return();) sing_h2b_t2.sing:7
// ** redefining sat_with_exp (;return();) sing_h2b_t2.sing:7
// ** redefining sat_with_exp (;return();) sing_h2b_t2.sing:7
// ** redefining select (;return();) sing_h2b_t2.sing:7
// ** redefining select (;return();) sing_h2b_t2.sing:7
// ** redefining select1 (;return();) sing_h2b_t2.sing:7
// ** redefining select1 (;return();) sing_h2b_t2.sing:7
RAW dim:
1
RAW minimal primes:
3
  raw prime 1 dim 1 inside h=0 (excluded): 1  sX=0 on it: 1
  raw prime 2 dim 1 inside h=0 (excluded): 1  sX=0 on it: 1
  raw prime 3 dim 0 inside h=0 (excluded): 0  sX=0 on it: 0
typeof sat:
ideal
SAT dim:
0
SAT vdim (solutions with mult.):
12
radical vdim:
12
SAT minimal primes:
1
--- SAT prime 1  vdim 12
L[1]=17231925215232*pi_rot^12-1476422515556352*pi_rot^11-235556797626114048*pi_rot^10+219729505550112768*pi_rot^9+1580458901904860672*pi_rot^8-232281797510647040*pi_rot^7+75478046652648960*pi_rot^6-63451276954724480*pi_rot^5+10550943243714080*pi_rot^4+2073737334660000*pi_rot^3-721907123680350*pi_rot^2+52301877895575*pi_rot+23347444050
L[2]=916890236922402251357892135590063700139926067090685100586132874587395000*cY-186070379004833439936407288810376831122568280789273169309857319943884242944*pi_rot^11+15909669102095997521849121134018272252071717057001761165842516224313035849728*pi_rot^10+2546343397213267148114476509301038556033668929878477192215170146516937866764288*pi_rot^9-1924568953706623955309426542665157227713423208378455502381646084854869259270144*pi_rot^8-17411972286235654977715936525327030672038854746791429720648093866820799277780480*pi_rot^7-550316497540598139163466790912427717880726822541061301976638319126411944631040*pi_rot^6-860769215960348138549251423490025511598468851868986063277785536789188172833280*pi_rot^5+534616629650589911846720945109021900144094926143904937680195094769006642483840*pi_rot^4-17499722637973181483723568250081317111210507880483959935695720007089384820000*pi_rot^3-27028331613124493559503875894017664847290523608055725022463562007016985560000*pi_rot^2+3103154609582452107812789646868859695383974301748077909748405515222427054950*pi_rot+57056327028536212314285316413474571603431247667966248945115388953179370775
L[3]=22276244823187615436294755480808155980075949151863097681878835631375*cX-51974094458184775070960697643647005855121231991904089292432434889490432*pi_rot^11+4444886041422938458042254257656860765542921498209688986606124265557458944*pi_rot^10+711178596840895869185827422840330777093550065369289269268110359326530822144*pi_rot^9-550154876621064822657509494515766012836696467979568289159448268620010616832*pi_rot^8-4853995936763847774722146375381373015766653350295399428013415456848758730240*pi_rot^7-67822997552527154136267647398669590006095170278425132278319784654716819200*pi_rot^6-238366761659812771114857403206758021442858400995095885211486839729697296640*pi_rot^5+153724028854170407122722129953800388379988098920963132818319306766944481920*pi_rot^4-7541310892410493668556825761191232391218732185768758385443788042420428000*pi_rot^3-7441616238517812578806064387225674108438991705676642658446268953021495600*pi_rot^2+996143808248375905832525875988992081020789476086305154480673471618932350*pi_rot-1521765407980434187987608790580325610356539097443806616272003367187675
L[4]=82970532786715515420205694544921018541820370908809481954792259550425*sY-389437480354824076303502168043725507036191254609221677995126101824241664*pi_rot^11+33304763601074048704220279635121489507542913334521349570499831964692119552*pi_rot^10+5328834236363054503322150921267081909353237790212827646533145685648506085376*pi_rot^9-4116918114735577796803047583955388077297384300352206957859572257637011494912*pi_rot^8-36374130814523272758420503762492001471321188603391569592416142492609850254848*pi_rot^7-544923313659002433887650449735573507976670079899608647582650676825943918336*pi_rot^6-1790703435862827734473413546412086945874285266335765986736371742435180230656*pi_rot^5+1148796876989936781622625022347142387287505965721072455742543790996060870784*pi_rot^4-55339536698745946385375723782716554573342534521916339871315775401748172960*pi_rot^3-55739620149393087959531193075796652743111419814421097285079114100943467040*pi_rot^2+7436679964440968065911947406936782907122776047296264859304398638990652030*pi_rot+5406994432794414204494137370192429488541022707147766613982631606145605
L[5]=877962027051947693662648030901508493636904917434006709724264168461559914869000*sX+387314149413786483058258070423067244430365521093250833977517026474402382187183109308416*pi_rot^11-33185050523485105418890946837704799608335206622502965327002664471119283650412343314874368*pi_rot^10-5294488248486277566462773697964986086144326578067370496562254840432092654130193114426318848*pi_rot^9+4941122686602544358290715645366100192612221541067024983057655704738306340409056372459382784*pi_rot^8+35521053646494182118862136736210786805173618514789739696546481227469428959047271069523520000*pi_rot^7-5236743971884502410858928455286394276244771579184741372476575924635769035937898359969705728*pi_rot^6+1698807582134064849865476934527823535136653414673804870985628310731029947069356074348190720*pi_rot^5-1426923821365494091060745414388330227084156737409832390719659985335542646851987911404064640*pi_rot^4+237784717382493343595798366472869710301659109035122031944527888136505549387855845737612000*pi_rot^3+46504811085259235400000170625478493252894796103339523412184356375184667898212867297815840*pi_rot^2-16246750706144052502869232800884505607738322813670616025132618181771251093377121973746850*pi_rot+1182792590394894728422585485234327765151394266749150863288311740720438071789614416143925
