// ** redefining blowup0 (;return();) sing_h2a_t9o4.sing:6
// ** redefining blowup0 (;return();) sing_h2a_t9o4.sing:6
// ** redefining elimRing (;return();) sing_h2a_t9o4.sing:6
// ** redefining elimRing (;return();) sing_h2a_t9o4.sing:6
// ** redefining elim (;return();) sing_h2a_t9o4.sing:6
// ** redefining elim (;return();) sing_h2a_t9o4.sing:6
// ** redefining elim2 (;return();) sing_h2a_t9o4.sing:6
// ** redefining elim2 (;return();) sing_h2a_t9o4.sing:6
// ** redefining elim1 (;return();) sing_h2a_t9o4.sing:6
// ** redefining elim1 (;return();) sing_h2a_t9o4.sing:6
// ** redefining nselect (;return();) sing_h2a_t9o4.sing:6
// ** redefining nselect (;return();) sing_h2a_t9o4.sing:6
// ** redefining sat (;return();) sing_h2a_t9o4.sing:6
// ** redefining sat (;return();) sing_h2a_t9o4.sing:6
// ** redefining sat_with_exp (;return();) sing_h2a_t9o4.sing:6
// ** redefining sat_with_exp (;return();) sing_h2a_t9o4.sing:6
// ** redefining select (;return();) sing_h2a_t9o4.sing:6
// ** redefining select (;return();) sing_h2a_t9o4.sing:6
// ** redefining select1 (;return();) sing_h2a_t9o4.sing:6
// ** redefining select1 (;return();) sing_h2a_t9o4.sing:6
RAW dim:
0
RAW minimal primes:
2
  raw prime 1 dim 0 inside h=0 (excluded): 1  sX=0 on it: 1
  raw prime 2 dim 0 inside h=0 (excluded): 0  sX=0 on it: 0
typeof sat:
ideal
SAT dim:
0
SAT vdim (solutions with mult.):
2
radical vdim:
2
SAT minimal primes:
1
--- SAT prime 1  vdim 2
L[1]=21165750000*cY^2-158338215000*cY+29447080123
L[2]=606815*cX-9053100*cY-3591147
L[3]=298265*sY-269100*cY+1006551
L[4]=606815*sX-7534800*cY+28183428
