// ** redefining blowup0 (;return();) sing_h2b_t2_shift1o10.sing:7
// ** redefining blowup0 (;return();) sing_h2b_t2_shift1o10.sing:7
// ** redefining elimRing (;return();) sing_h2b_t2_shift1o10.sing:7
// ** redefining elimRing (;return();) sing_h2b_t2_shift1o10.sing:7
// ** redefining elim (;return();) sing_h2b_t2_shift1o10.sing:7
// ** redefining elim (;return();) sing_h2b_t2_shift1o10.sing:7
// ** redefining elim2 (;return();) sing_h2b_t2_shift1o10.sing:7
// ** redefining elim2 (;return();) sing_h2b_t2_shift1o10.sing:7
// ** redefining elim1 (;return();) sing_h2b_t2_shift1o10.sing:7
// ** redefining elim1 (;return();) sing_h2b_t2_shift1o10.sing:7
// ** redefining nselect (;return();) sing_h2b_t2_shift1o10.sing:7
// ** redefining nselect (;return();) sing_h2b_t2_shift1o10.sing:7
// ** redefining sat (;return();) sing_h2b_t2_shift1o10.sing:7
// ** redefining sat (;return();) sing_h2b_t2_shift1o10.sing:7
// ** redefining sat_with_exp (;return();) sing_h2b_t2_shift1o10.sing:7
// ** redefining sat_with_exp (;return();) sing_h2b_t2_shift1o10.sing:7
// ** redefining select (;return();) sing_h2b_t2_shift1o10.sing:7
// ** redefining select (;return();) sing_h2b_t2_shift1o10.sing:7
// ** redefining select1 (;return();) sing_h2b_t2_shift1o10.sing:7
// ** redefining select1 (;return();) sing_h2b_t2_shift1o10.sing:7
RAW dim:
1
typeof sat:
ideal
SAT dim:
0
SAT vdim (solutions with mult.):
12
radical vdim:
12
SAT minimal primes:
1
--- SAT prime 1  vdim 12
L[1]=229305511879242963901828448256*pi_rot^12-19466676124095455626003896877056*pi_rot^11-3019891569281208801975011874287616*pi_rot^10+2729848890540693078008563313184768*pi_rot^9+20572704265492953552877723007852544*pi_rot^8-3281810428665189497244293327073792*pi_rot^7+1109913470141003275657261566245632*pi_rot^6-838598272673736776313152987917440*pi_rot^5+132802907967360884444155071678304*pi_rot^4+28354078564266713394761390436000*pi_rot^3-9560314586841311927550540161340*pi_rot^2+695029516848913992033331732500*pi_rot-497889622332800315293169025
L[2]=50215557300571163930306084419762376497224343531357006130786866816259394804882003720162551137401063526543028142895849465339194544085780960190720000*cY-11541570220854480063126521987026182834086740147584278209255573899867302900736407400237335850985058399259579127084847176159483907259171123522566479872*pi_rot^11+977778067584478027558464213931092876531379419904009741810168852935911023627605970465531361949522179646675696469676806181875368421254144001580445462528*pi_rot^10+152171598178906821585016525585789612235449106664287710949244355640553458923090604845500607875100100434059265383283502484909653191237418750242502018260992*pi_rot^9-110603167532965998675847386692515613793917523459045556873198934694238768282658014562668037199370560554294484151707569905772654256024042164653331300911104*pi_rot^8-1055407985177380658862169671484713633474063832146770003834916326699786290747386989213562483919755619247311738331301938060751718997470229769920216701154304*pi_rot^7-20364425981346888360161599328370404371420383294810596857629359376266671663274920011251117227725920669199422701603457440327448490682229025082413436742400*pi_rot^6-56343929671533472720708781837664273013797746418127883604248191714305254276281204234968355175140431300415873075358624637997814553428455511611074995999744*pi_rot^5+32306447179144352985165365647168778764721382894567264316876393252751783216453415344272784470386009279466872996133342128582174869851749009549112681226688*pi_rot^4-838444532418351502196365282706155758180691191914826554382234151143491211440732682457961510931490342793873737998468024634053555849539073741218228406512*pi_rot^3-1669308071261094378971780655127507240066606444264471591824161222330676505320387723191078062182447849731073813248779245314441034671503629183278249954472*pi_rot^2+190403612574695862660710730243376246360177806800017300314932109250640026506717242863216466952655092114891321872781728806352096962314202851910538285310*pi_rot+3266916186046127249705675339151919320692382280868336065296806266716152459184558373752598651319864126280492123820317702956012711386386675380640052185
L[3]=16410312843323909781145779222144567482753053441619936644047995691588037517935295333386454620065707034817983053233937733770978609178359790912000*cX-42651952591263267684561087928470843130520668821617522934004662968468511648584237247957578382844544212990995959568934535238625126588221032567857152*pi_rot^11+3614136053992068778898023950510791278635740428297389452126090550802175813585540709550816948153850545871380465981477822727963359212699817665477242880*pi_rot^10+562287612604693290473037234121695005209470629997696381949257134365800335884646811180186823726405604079427704966528211263952273046543493320406564397056*pi_rot^9-418628630484379081255721407721083889780881211839684251601757456733640054280247563184213492753205909300745887961606714054066974805242210309015508994048*pi_rot^8-3893006461516103667899200614525012638937525212625977252187269075238509187436095453873068028830357223018541524064747700360420544663653997804402564682752*pi_rot^7-6701779188903269420243421506388128720191720046521101768922704151623056632033966364153713047866558440507938978073000375434522239356766874070276043520*pi_rot^6-207367275392323112734792168090594181990106754473857892789458091969603478922973848946417057252131579501968830112390784827601142694180030697371783361536*pi_rot^5+123167370940518684792192342502540415918872791914288894095636364595899823999696188196195665017182350414599381302886999077614801044253959974603094362048*pi_rot^4-5211433541388375663148314058512616264557893611915852915754277731340466776297227018001194660400612620220631418281564855474233760564712892931191946096*pi_rot^3-6098328879966297440299492729260023303501780562984242009435075806388816706742210846456931771551968617190686506719853023790581014727921603910517956200*pi_rot^2+809214549662606474918459075160432269845132103366152301066485820379568703701465899113198566064460633973922337550615125313215567195724691926003225230*pi_rot-1941968638507885412503203264718970406119153308628991554941344029945064177729170673082482919152703177123866957195840933970097268397516462294078575
L[4]=14321581694263288278688990830277731236985430440005665047079044479865374985095095585118067876540394584656176540102303872937351768603343657160000*sY-74037772223757682639949730089454808722091814958634449360569104925754815649668065463598279021520824565185993523962265754010131166050083014658203648*pi_rot^11+6273571681746869997644019496095077851337397559741941488175643998202824744258370014818213750573852434214672267747286204110495631588822152508536770560*pi_rot^10+976056924896318666344575983978066095575497629885092326447491179453722930653412241898622975914563001388433240451791090090448734735464058647698124414976*pi_rot^9-725906852755065567013651032471797895821195661076003790906589539998061998319241464167114710844383204931673596346177894412266865972881462135035348555776*pi_rot^8-6758180502311561780056839558272352750552682029609621895911095270134771177849339851674870783772494253591771148444984088854621524656314371189841966119936*pi_rot^7-17030601569910693727438766890155336706331642517954035966638830177086300319079337092773780289652469741870111948743841197867934302841305626742071808256*pi_rot^6-360722086746953274970916306331307106962572237431492925033282873633919814853980770602399048286360462670094501225279612475239705367167001545849880350720*pi_rot^5+213307400083078043722018177514216568280758601962855158032416059916450540211597550744207142407032479330745121824407566978585987313461042608534840464704*pi_rot^4-8875784014140536643304572392639482366146862386728069107417352233785292494420006469264850312489005294786188912958664256859345947996987196683680463312*pi_rot^3-10579853471746852222832721638620748869963838551861293712446094207918947295596694020786989753080006041968815770001584673139900342319547627965594554872*pi_rot^2+1401470401124052267121555953452832176873732370961659135623368357300504097523741160570750140831453777906657913043599208523333456204411625563852405210*pi_rot-608062099662938273370173869970041452488048186032102983216794890854192723538261987954263047912649446824582640390752826351819946072742448402448165
L[5]=90077053148194528785624249826188734159304615863775203177232345063809069167919817553675291017319283274006517921634998282152077429303593958586262733711782058155679242432784960048930402400000*sX+16737336338383981458012573410934807906911057288372380729300964599569689130126490839550477571750950078764044656491029640183994055859133343695504460758283589781666243117814673862939160145998083399680*pi_rot^11-1420888452074868058904095262970951612176474834827582822705033816278553815029873014209723966425652471111146817976066277650575214269445300532781596419281995602800145034303362905901779053995453183954944*pi_rot^10-220427211296898184584933699515067662402596979350334926756008816289526806713144778806572633104554764184413908529206573936217052783216710506724498039145233648675795624129503668199616278136249178692591616*pi_rot^9+199097516992537121422615074435939553560747992884248615025208104151160156701077465249890425282502291318695233284319181430269724549969550126092769313197454848731590813463830041255586872618764128740276224*pi_rot^8+1501774010788350151446237587770948665079377712054729102427559517406998665432531468149319570625691771779420231779313775761283883042854443860506671435662956335198390306286833688009882856559746183131778048*pi_rot^7-238467409807237008731358825989852405648033663965947070477365077247253885924129531576821295505318094431894500550118778455416611998830053123035112293828241427691355285011160755292081250726512456357522176*pi_rot^6+80841578038408012771642187320309007996387103244655677057092623591920736461383474652831652255816971642307005838752830610628632044494105475795226405047189223548329906113130565294977503345204004822862848*pi_rot^5-61152532374217211898913139051965916571768154131229234668369853694436917388893753178403702141864458159459694899068923613006314196109643960367821235744795445352809051015405957839965425947829993579789888*pi_rot^4+9649539304685963650647442767276110384928473722099415648753615014242941146562033634537080671957295747889599915379099197909839290836897943030331239672864324628287930821133055812376341387868587963867920*pi_rot^3+2076573255313590708156760470365871805983792174121879651171693412497310900615680809236244941894338717963265286973293198001022637726460727323794486344765360266694193905614191292791619299860697568100184*pi_rot^2-696334004845039694735695824758671567888449627421992266564529483807731084864394499317272786561633071278162121573523247300893373309307704521712312961548818687749477287272908259127316957527496276056450*pi_rot+50229437624536466375892953056368471626169969206268063190546383818310411524362399660465958449399428175564947547305067554933930051395524361162874543177732874552528465104485404557318269379173018449305
RAW (unsaturated) decomposition, informational:
